<?xml version='1.0' encoding='UTF-8'?>
<testsuite errors='1082' hostname='laputa.gerph.org' name='Build' tests='1082' timestamp='2019-02-10T13:49:49'>
  <testcase file='src/overview/about.xml' name='unnamed case 1'>
    <error message='error' type='error' />
  </testcase>
  <testcase file='src/overview/intro.xml' name='unnamed case 2'>
    <error message='error' type='error' />
  </testcase>
  <testcase file='src/overview/errors.xml' name='unnamed case 3'>
<error message='error' type='error'><![CDATA[Link for '* Commands and the CLI' has undefined destination at]]></error>
  </testcase>
  <testcase file='src/overview/errors.xml' name='unnamed case 4'>
<error message='error' type='error'><![CDATA[/
riscos-prm/
chapter[@title='Generating and handling errors']/
section[@title='Error handling']/
subsection[@title='Types of SWIs']/
p/
reference[3].
Link for 'ErrorV' has undefined destination at
]]></error>
  </testcase>
  <testcase file='src/overview/errors.xml' name='unnamed case 5'>
<error message='error' type='error'><![CDATA[/
riscos-prm/
chapter[@title='Generating and handling errors']/
section[@title='Technical details of error-generating SWIs']/
p[2]/
list/
item[2]/
p/
reference.
Link for 'Character Input' has undefined destination at
]]></error>
  </testcase>
  <testcase file='src/overview/errors.xml' name='unnamed case 6'>
<error message='error' type='error'><![CDATA[/
riscos-prm/
chapter[@title='Generating and handling errors']/
section[@title='Generating errors']/
p/
reference.
Link for 'ErrorV' has undefined destination at
]]></error>
  </testcase>
  <testcase file='src/overview/errors.xml' name='unnamed case 7'>
<error message='error' type='error'><![CDATA[/
riscos-prm/
chapter[@title='Generating and handling errors']/
section[@title='SWI Calls']/
swi-definition[@name='OS_GenerateError']/
related[4]/
reference[@name='ErrorV'].
Link for 'ErrorV' has undefined destination at
]]></error>
  </testcase>
  <testcase file='src/overview/errors.xml' name='unnamed case 8'>
<error message='error' type='error'><![CDATA[/
riscos-prm/
chapter[@title='Generating and handling errors']/
section[@title='* Commands']/
command-definition[@name='Error']/
related[6]/
reference[@name='ErrorV'].
]]></error>
  </testcase>
  <testcase file='src/overview/softwarevectors.xml' name='unnamed case 9'>
<error message='error' type='error'><![CDATA[Link for 'Important notes' has undefined destination at]]></error>
  </testcase>
  <testcase file='src/overview/softwarevectors.xml' name='unnamed case 10'>
<error message='error' type='error'><![CDATA[/
riscos-prm/
chapter[@title='Software vectors']/
section[@title='Technical details']/
subsubsection[@title='SVC mode']/
p/
reference[@name='Important notes'].
Link for 'Restrictions' has undefined destination at
]]></error>
  </testcase>
  <testcase classname='unknown' file='src/overview/softwarevectors.xml' name='unnamed case 11'>
<error message='error' type='unknown'><![CDATA[/
riscos-prm/
chapter[@title='Software vectors']/
section[@title='Technical details']/
subsubsection[@title='IRQ mode']/
p/
reference[@name='Restrictions'].
Section
]]></error>
  </testcase>
  <testcase file='src/overview/softwarevectors.xml' name='unnamed case 12'>
<error message='error' type='error'><![CDATA[/
riscos-prm/
chapter[@title='Software vectors']/
section[@title='Technical details']/
subsection[@title='Returning from a vectored routine']/
p/
reference[@name='Example program'].
Link for 'OS_GenerateError' has undefined destination at
]]></error>
  </testcase>
  <testcase file='src/overview/softwarevectors.xml' name='unnamed case 13'>
<error message='error' type='error'><![CDATA[/
riscos-prm/
chapter[@title='Software vectors']/
section[@title='Technical details']/
subsection[@title='List of software vectors']/
p[2]/
value-table/
value[@name='ErrorV']/
reference[@name='OS_GenerateError'].
Link for 'OS_WriteC' has undefined destination at
]]></error>
  </testcase>
  <testcase file='src/overview/softwarevectors.xml' name='unnamed case 14'>
<error message='error' type='error'><![CDATA[/
riscos-prm/
chapter[@title='Software vectors']/
section[@title='Technical details']/
subsection[@title='List of software vectors']/
p[2]/
value-table/
value[@name='WrchV']/
reference[@name='OS_WriteC'].
Link for 'OS_ReadC' has undefined destination at
]]></error>
  </testcase>
  <testcase file='src/overview/softwarevectors.xml' name='unnamed case 15'>
<error message='error' type='error'><![CDATA[/
riscos-prm/
chapter[@title='Software vectors']/
section[@title='Technical details']/
subsection[@title='List of software vectors']/
p[2]/
value-table/
value[@name='RdchV']/
reference[@name='OS_ReadC'].
Link for 'OS_CLI' has undefined destination at
]]></error>
  </testcase>
  <testcase file='src/overview/softwarevectors.xml' name='unnamed case 16'>
<error message='error' type='error'><![CDATA[/
riscos-prm/
chapter[@title='Software vectors']/
section[@title='Technical details']/
subsection[@title='List of software vectors']/
p[2]/
value-table/
value[@name='CLIV']/
reference[@name='OS_CLI'].
Link for 'OS_Byte' has undefined destination at
]]></error>
  </testcase>
  <testcase file='src/overview/softwarevectors.xml' name='unnamed case 17'>
<error message='error' type='error'><![CDATA[/
riscos-prm/
chapter[@title='Software vectors']/
section[@title='Technical details']/
subsection[@title='List of software vectors']/
p[2]/
value-table/
value[@name='ByteV']/
reference[@name='OS_Byte'].
Link for 'OS_Word' has undefined destination at
]]></error>
  </testcase>
  <testcase file='src/overview/softwarevectors.xml' name='unnamed case 18'>
<error message='error' type='error'><![CDATA[/
riscos-prm/
chapter[@title='Software vectors']/
section[@title='Technical details']/
subsection[@title='List of software vectors']/
p[2]/
value-table/
value[@name='WordV']/
reference[@name='OS_Word'].
Link for 'OS_File' has undefined destination at
]]></error>
  </testcase>
  <testcase file='src/overview/softwarevectors.xml' name='unnamed case 19'>
<error message='error' type='error'><![CDATA[/
riscos-prm/
chapter[@title='Software vectors']/
section[@title='Technical details']/
subsection[@title='List of software vectors']/
p[2]/
value-table/
value[@name='FileV']/
reference[@name='OS_File'].
Link for 'OS_Args' has undefined destination at
]]></error>
  </testcase>
  <testcase file='src/overview/softwarevectors.xml' name='unnamed case 20'>
<error message='error' type='error'><![CDATA[/
riscos-prm/
chapter[@title='Software vectors']/
section[@title='Technical details']/
subsection[@title='List of software vectors']/
p[2]/
value-table/
value[@name='ArgsV']/
reference[@name='OS_Args'].
Link for 'OS_BGet' has undefined destination at
]]></error>
  </testcase>
  <testcase file='src/overview/softwarevectors.xml' name='unnamed case 21'>
<error message='error' type='error'><![CDATA[/
riscos-prm/
chapter[@title='Software vectors']/
section[@title='Technical details']/
subsection[@title='List of software vectors']/
p[2]/
value-table/
value[@name='BGetV']/
reference[@name='OS_BGet'].
Link for 'OS_BPut' has undefined destination at
]]></error>
  </testcase>
  <testcase file='src/overview/softwarevectors.xml' name='unnamed case 22'>
<error message='error' type='error'><![CDATA[/
riscos-prm/
chapter[@title='Software vectors']/
section[@title='Technical details']/
subsection[@title='List of software vectors']/
p[2]/
value-table/
value[@name='BPutV']/
reference[@name='OS_BPut'].
Link for 'OS_GBPB' has undefined destination at
]]></error>
  </testcase>
  <testcase file='src/overview/softwarevectors.xml' name='unnamed case 23'>
<error message='error' type='error'><![CDATA[/
riscos-prm/
chapter[@title='Software vectors']/
section[@title='Technical details']/
subsection[@title='List of software vectors']/
p[2]/
value-table/
value[@name='GBPBV']/
reference[@name='OS_GBPB'].
Link for 'OS_Find' has undefined destination at
]]></error>
  </testcase>
  <testcase file='src/overview/softwarevectors.xml' name='unnamed case 24'>
<error message='error' type='error'><![CDATA[/
riscos-prm/
chapter[@title='Software vectors']/
section[@title='Technical details']/
subsection[@title='List of software vectors']/
p[2]/
value-table/
value[@name='FindV']/
reference[@name='OS_Find'].
Link for 'OS_ReadLine' has undefined destination at
]]></error>
  </testcase>
  <testcase file='src/overview/softwarevectors.xml' name='unnamed case 25'>
<error message='error' type='error'><![CDATA[/
riscos-prm/
chapter[@title='Software vectors']/
section[@title='Technical details']/
subsection[@title='List of software vectors']/
p[2]/
value-table/
value[@name='ReadLineV']/
reference[@name='OS_ReadLine'].
Link for 'OS_FSControl' has undefined destination at
]]></error>
  </testcase>
  <testcase file='src/overview/softwarevectors.xml' name='unnamed case 26'>
<error message='error' type='error'><![CDATA[/
riscos-prm/
chapter[@title='Software vectors']/
section[@title='Technical details']/
subsection[@title='List of software vectors']/
p[2]/
value-table/
value[@name='FSCV']/
reference[@name='OS_FSControl'].
Link for 'OS_GenerateEvent' has undefined destination at
]]></error>
  </testcase>
  <testcase file='src/overview/softwarevectors.xml' name='unnamed case 27'>
<error message='error' type='error'><![CDATA[/
riscos-prm/
chapter[@title='Software vectors']/
section[@title='Technical details']/
subsection[@title='List of software vectors']/
p[2]/
value-table/
value[@name='EventV']/
reference[@name='OS_GenerateEvent'].
Link for 'OS_Byte' has undefined destination at
]]></error>
  </testcase>
  <testcase file='src/overview/softwarevectors.xml' name='unnamed case 28'>
<error message='error' type='error'><![CDATA[/
riscos-prm/
chapter[@title='Software vectors']/
section[@title='Technical details']/
subsection[@title='List of software vectors']/
p[2]/
value-table/
value[@name='InsV']/
reference[@name='OS_Byte'].
Link for 'OS_Byte' has undefined destination at
]]></error>
  </testcase>
  <testcase file='src/overview/softwarevectors.xml' name='unnamed case 29'>
<error message='error' type='error'><![CDATA[/
riscos-prm/
chapter[@title='Software vectors']/
section[@title='Technical details']/
subsection[@title='List of software vectors']/
p[2]/
value-table/
value[@name='RemV']/
reference[@name='OS_Byte'].
Link for 'OS_Byte' has undefined destination at
]]></error>
  </testcase>
  <testcase file='src/overview/softwarevectors.xml' name='unnamed case 30'>
<error message='error' type='error'><![CDATA[/
riscos-prm/
chapter[@title='Software vectors']/
section[@title='Technical details']/
subsection[@title='List of software vectors']/
p[2]/
value-table/
value[@name='CnpV']/
reference[@name='OS_Byte'].
Link for 'OS_WriteC' has undefined destination at
]]></error>
  </testcase>
  <testcase file='src/overview/softwarevectors.xml' name='unnamed case 31'>
<error message='error' type='error'><![CDATA[/
riscos-prm/
chapter[@title='Software vectors']/
section[@title='Technical details']/
subsection[@title='List of software vectors']/
p[2]/
value-table/
value[@name='UKVDU23V']/
reference[@name='OS_WriteC'].
Link for 'SWI' has undefined destination at
]]></error>
  </testcase>
  <testcase file='src/overview/softwarevectors.xml' name='unnamed case 32'>
<error message='error' type='error'><![CDATA[/
riscos-prm/
chapter[@title='Software vectors']/
section[@title='Technical details']/
subsection[@title='List of software vectors']/
p[2]/
value-table/
value[@name='UKSWIV']/
reference[@name='SWI'].
Link for 'OS_WriteC' has undefined destination at
]]></error>
  </testcase>
  <testcase file='src/overview/softwarevectors.xml' name='unnamed case 33'>
<error message='error' type='error'><![CDATA[/
riscos-prm/
chapter[@title='Software vectors']/
section[@title='Technical details']/
subsection[@title='List of software vectors']/
p[2]/
value-table/
value[@name='UKPLOTV']/
reference[@name='OS_WriteC'].
Link for 'OS_Mouse' has undefined destination at
]]></error>
  </testcase>
  <testcase file='src/overview/softwarevectors.xml' name='unnamed case 34'>
<error message='error' type='error'><![CDATA[/
riscos-prm/
chapter[@title='Software vectors']/
section[@title='Technical details']/
subsection[@title='List of software vectors']/
p[2]/
value-table/
value[@name='MouseV']/
reference[@name='OS_Mouse'].
Link for 'OS_WriteC' has undefined destination at
]]></error>
  </testcase>
  <testcase file='src/overview/softwarevectors.xml' name='unnamed case 35'>
<error message='error' type='error'><![CDATA[/
riscos-prm/
chapter[@title='Software vectors']/
section[@title='Technical details']/
subsection[@title='List of software vectors']/
p[2]/
value-table/
value[@name='VDUXV']/
reference[@name='OS_WriteC'].
Link for 'OS_UpCall' has undefined destination at
]]></error>
  </testcase>
  <testcase file='src/overview/softwarevectors.xml' name='unnamed case 36'>
<error message='error' type='error'><![CDATA[/
riscos-prm/
chapter[@title='Software vectors']/
section[@title='Technical details']/
subsection[@title='List of software vectors']/
p[2]/
value-table/
value[@name='UpcallV']/
reference[@name='OS_UpCall'].
Link for 'OS_ChangeEnvironment' has undefined destination at
]]></error>
  </testcase>
  <testcase file='src/overview/softwarevectors.xml' name='unnamed case 37'>
<error message='error' type='error'><![CDATA[/
riscos-prm/
chapter[@title='Software vectors']/
section[@title='Technical details']/
subsection[@title='List of software vectors']/
p[2]/
value-table/
value[@name='ChangeEnvironmentV']/
reference[@name='OS_ChangeEnvironment'].
Link for 'OS_SpriteOp' has undefined destination at
]]></error>
  </testcase>
  <testcase file='src/overview/softwarevectors.xml' name='unnamed case 38'>
<error message='error' type='error'><![CDATA[/
riscos-prm/
chapter[@title='Software vectors']/
section[@title='Technical details']/
subsection[@title='List of software vectors']/
p[2]/
value-table/
value[@name='SpriteV']/
reference[@name='OS_SpriteOp'].
Link for 'Econet_...' has undefined destination at
]]></error>
  </testcase>
  <testcase file='src/overview/softwarevectors.xml' name='unnamed case 39'>
<error message='error' type='error'><![CDATA[/
riscos-prm/
chapter[@title='Software vectors']/
section[@title='Technical details']/
subsection[@title='List of software vectors']/
p[2]/
value-table/
value[@name='EconetV']/
reference[@name='Econet_...'].
Link for 'FileSwitch' has undefined destination at
]]></error>
  </testcase>
  <testcase file='src/overview/softwarevectors.xml' name='unnamed case 40'>
<error message='error' type='error'><![CDATA[/
riscos-prm/
chapter[@title='Software vectors']/
section[@title='Technical details']/
subsection[@title='Summary of vectors']/
subsubsection[@title='About the filing system vectors']/
p/
reference[@name='FileSwitch'].
Link for 'OS_GenerateError' has undefined destination at
]]></error>
  </testcase>
  <testcase file='src/overview/softwarevectors.xml' name='unnamed case 41'>
<error message='error' type='error'><![CDATA[/
riscos-prm/
chapter[@title='Software vectors']/
section[@title='Technical details']/
subsection[@title='Summary of vectors']/
subsubsection[@title='ErrorV']/
p/
reference[@name='OS_GenerateError'].
Link for 'Generating and handling errors' has undefined destination at
]]></error>
  </testcase>
  <testcase file='src/overview/softwarevectors.xml' name='unnamed case 42'>
<error message='error' type='error'><![CDATA[/
riscos-prm/
chapter[@title='Software vectors']/
section[@title='Technical details']/
subsection[@title='Summary of vectors']/
subsubsection[@title='ErrorV']/
p[2]/
reference[@name='Generating and handling errors'].
Link for 'Program Environment' has undefined destination at
]]></error>
  </testcase>
  <testcase file='src/overview/softwarevectors.xml' name='unnamed case 43'>
<error message='error' type='error'><![CDATA[/
riscos-prm/
chapter[@title='Software vectors']/
section[@title='Technical details']/
subsection[@title='Summary of vectors']/
subsubsection[@title='ErrorV']/
p[2]/
reference[@name='Program Environment'].
Link for 'Interrupts and handling them' has undefined destination at
]]></error>
  </testcase>
  <testcase classname='unknown' file='src/overview/softwarevectors.xml' name='unnamed case 44'>
<error message='error' type='unknown'><![CDATA[/
riscos-prm/
chapter[@title='Software vectors']/
section[@title='Technical details']/
subsection[@title='Summary of vectors']/
subsubsection[@title='IrqV']/
p[2]/
reference[@name='Interrupts and handling them'].
Reference
]]></error>
  </testcase>
  <testcase file='src/overview/softwarevectors.xml' name='unnamed case 45'>
<error message='error' type='error'><![CDATA[/
riscos-prm/
chapter[@title='Software vectors']/
section[@title='Technical details']/
subsection[@title='Summary of vectors']/
subsubsection[@title='IrqV']/
p[2]/
reference[@name='Program Environment'].
Link for 'Program Environment' has undefined destination at
]]></error>
  </testcase>
  <testcase file='src/overview/softwarevectors.xml' name='unnamed case 46'>
<error message='error' type='error'><![CDATA[/
riscos-prm/
chapter[@title='Software vectors']/
section[@title='Technical details']/
subsection[@title='Summary of vectors']/
subsubsection[@title='IrqV']/
p[2]/
reference[@name='Program Environment'].
Link for 'OS_WriteC' has undefined destination at
]]></error>
  </testcase>
  <testcase file='src/overview/softwarevectors.xml' name='unnamed case 47'>
<error message='error' type='error'><![CDATA[/
riscos-prm/
chapter[@title='Software vectors']/
section[@title='Technical details']/
subsection[@title='Summary of vectors']/
subsubsection[@title='WrchV']/
p/
reference[@name='OS_WriteC'].
Link for 'OS_ReadC' has undefined destination at
]]></error>
  </testcase>
  <testcase file='src/overview/softwarevectors.xml' name='unnamed case 48'>
<error message='error' type='error'><![CDATA[/
riscos-prm/
chapter[@title='Software vectors']/
section[@title='Technical details']/
subsection[@title='Summary of vectors']/
subsubsection[@title='RdchV']/
p/
reference[@name='OS_ReadC'].
Link for 'OS_CLI' has undefined destination at
]]></error>
  </testcase>
  <testcase file='src/overview/softwarevectors.xml' name='unnamed case 49'>
<error message='error' type='error'><![CDATA[/
riscos-prm/
chapter[@title='Software vectors']/
section[@title='Technical details']/
subsection[@title='Summary of vectors']/
subsubsection[@title='CLIV']/
p/
reference[@name='OS_CLI'].
Link for 'OS_Byte' has undefined destination at
]]></error>
  </testcase>
  <testcase file='src/overview/softwarevectors.xml' name='unnamed case 50'>
<error message='error' type='error'><![CDATA[/
riscos-prm/
chapter[@title='Software vectors']/
section[@title='Technical details']/
subsection[@title='Summary of vectors']/
subsubsection[@title='ByteV']/
p/
reference[@name='OS_Byte'].
Link for 'OS_Word' has undefined destination at
]]></error>
  </testcase>
  <testcase file='src/overview/softwarevectors.xml' name='unnamed case 51'>
<error message='error' type='error'><![CDATA[/
riscos-prm/
chapter[@title='Software vectors']/
section[@title='Technical details']/
subsection[@title='Summary of vectors']/
subsubsection[@title='WordV']/
p/
reference[@name='OS_Word'].
Link for 'OS_File' has undefined destination at
]]></error>
  </testcase>
  <testcase file='src/overview/softwarevectors.xml' name='unnamed case 52'>
<error message='error' type='error'><![CDATA[/
riscos-prm/
chapter[@title='Software vectors']/
section[@title='Technical details']/
subsection[@title='Summary of vectors']/
subsubsection[@title='FileV']/
p/
reference[@name='OS_File'].
Link for 'OS_Args' has undefined destination at
]]></error>
  </testcase>
  <testcase file='src/overview/softwarevectors.xml' name='unnamed case 53'>
<error message='error' type='error'><![CDATA[/
riscos-prm/
chapter[@title='Software vectors']/
section[@title='Technical details']/
subsection[@title='Summary of vectors']/
subsubsection[@title='ArgsV']/
p/
reference[@name='OS_Args'].
Link for 'OS_BGet' has undefined destination at
]]></error>
  </testcase>
  <testcase file='src/overview/softwarevectors.xml' name='unnamed case 54'>
<error message='error' type='error'><![CDATA[/
riscos-prm/
chapter[@title='Software vectors']/
section[@title='Technical details']/
subsection[@title='Summary of vectors']/
subsubsection[@title='BGetV']/
p/
reference[@name='OS_BGet'].
Link for 'OS_BPut' has undefined destination at
]]></error>
  </testcase>
  <testcase file='src/overview/softwarevectors.xml' name='unnamed case 55'>
<error message='error' type='error'><![CDATA[/
riscos-prm/
chapter[@title='Software vectors']/
section[@title='Technical details']/
subsection[@title='Summary of vectors']/
subsubsection[@title='BPutV']/
p/
reference[@name='OS_BPut'].
Link for 'OS_GBPB' has undefined destination at
]]></error>
  </testcase>
  <testcase file='src/overview/softwarevectors.xml' name='unnamed case 56'>
<error message='error' type='error'><![CDATA[/
riscos-prm/
chapter[@title='Software vectors']/
section[@title='Technical details']/
subsection[@title='Summary of vectors']/
subsubsection[@title='GBPBV']/
p/
reference[@name='OS_GBPB'].
Link for 'OS_Find' has undefined destination at
]]></error>
  </testcase>
  <testcase file='src/overview/softwarevectors.xml' name='unnamed case 57'>
<error message='error' type='error'><![CDATA[/
riscos-prm/
chapter[@title='Software vectors']/
section[@title='Technical details']/
subsection[@title='Summary of vectors']/
subsubsection[@title='FindV']/
p/
reference[@name='OS_Find'].
Link for 'OS_ReadLine' has undefined destination at
]]></error>
  </testcase>
  <testcase file='src/overview/softwarevectors.xml' name='unnamed case 58'>
<error message='error' type='error'><![CDATA[/
riscos-prm/
chapter[@title='Software vectors']/
section[@title='Technical details']/
subsection[@title='Summary of vectors']/
subsubsection[@title='ReadLineV']/
p/
reference[@name='OS_ReadLine'].
Link for 'OS_FSControl' has undefined destination at
]]></error>
  </testcase>
  <testcase file='src/overview/softwarevectors.xml' name='unnamed case 59'>
<error message='error' type='error'><![CDATA[/
riscos-prm/
chapter[@title='Software vectors']/
section[@title='Technical details']/
subsection[@title='Summary of vectors']/
subsubsection[@title='FSCV']/
p/
reference[@name='OS_FSControl'].
Link for 'OS_GenerateEvent' has undefined destination at
]]></error>
  </testcase>
  <testcase file='src/overview/softwarevectors.xml' name='unnamed case 60'>
<error message='error' type='error'><![CDATA[/
riscos-prm/
chapter[@title='Software vectors']/
section[@title='Technical details']/
subsection[@title='Summary of vectors']/
subsubsection[@title='EventV']/
p/
reference[@name='OS_GenerateEvent'].
Link for 'Program Environment' has undefined destination at
]]></error>
  </testcase>
  <testcase classname='unknown' file='src/overview/softwarevectors.xml' name='unnamed case 61'>
<error message='error' type='unknown'><![CDATA[/
riscos-prm/
chapter[@title='Software vectors']/
section[@title='Technical details']/
subsection[@title='Summary of vectors']/
subsubsection[@title='EventV']/
p[2]/
reference[@name='Program Environment'].
Vector
]]></error>
  </testcase>
  <testcase classname='unknown' file='src/overview/softwarevectors.xml' name='unnamed case 62'>
<error message='error' type='unknown'><![CDATA[/
riscos-prm/
chapter[@title='Software vectors']/
section[@title='Technical details']/
subsection[@title='Summary of vectors']/
subsubsection[@title='InsV']/
p/
reference[@name='InsV'].
Vector
]]></error>
  </testcase>
  <testcase classname='unknown' file='src/overview/softwarevectors.xml' name='unnamed case 63'>
<error message='error' type='unknown'><![CDATA[/
riscos-prm/
chapter[@title='Software vectors']/
section[@title='Technical details']/
subsection[@title='Summary of vectors']/
subsubsection[@title='RemV']/
p/
reference[@name='RemV'].
Vector
]]></error>
  </testcase>
  <testcase classname='unknown' file='src/overview/softwarevectors.xml' name='unnamed case 64'>
<error message='error' type='unknown'><![CDATA[/
riscos-prm/
chapter[@title='Software vectors']/
section[@title='Technical details']/
subsection[@title='Summary of vectors']/
subsubsection[@title='CnpV']/
p/
reference[@name='CnpV'].
Vector
]]></error>
  </testcase>
  <testcase classname='unknown' file='src/overview/softwarevectors.xml' name='unnamed case 65'>
<error message='error' type='unknown'><![CDATA[/
riscos-prm/
chapter[@title='Software vectors']/
section[@title='Technical details']/
subsection[@title='Summary of vectors']/
subsubsection[@title='UKVDU23V']/
p/
reference[@name='UKVDU23V'].
Vector
]]></error>
  </testcase>
  <testcase classname='unknown' file='src/overview/softwarevectors.xml' name='unnamed case 66'>
<error message='error' type='unknown'><![CDATA[/
riscos-prm/
chapter[@title='Software vectors']/
section[@title='Technical details']/
subsection[@title='Summary of vectors']/
subsubsection[@title='UKSWIV']/
p/
reference[@name='UKSWIV'].
Reference
]]></error>
  </testcase>
  <testcase file='src/overview/softwarevectors.xml' name='unnamed case 67'>
<error message='error' type='error'><![CDATA[/
riscos-prm/
chapter[@title='Software vectors']/
section[@title='Technical details']/
subsection[@title='Summary of vectors']/
subsubsection[@title='UKSWIV']/
p[2]/
reference[@name='An introduction to SWIs'].
Link for 'An introduction to SWIs' has undefined destination at
]]></error>
  </testcase>
  <testcase classname='unknown' file='src/overview/softwarevectors.xml' name='unnamed case 68'>
<error message='error' type='unknown'><![CDATA[/
riscos-prm/
chapter[@title='Software vectors']/
section[@title='Technical details']/
subsection[@title='Summary of vectors']/
subsubsection[@title='UKSWIV']/
p[2]/
reference[@name='An introduction to SWIs'].
Reference
]]></error>
  </testcase>
  <testcase file='src/overview/softwarevectors.xml' name='unnamed case 69'>
<error message='error' type='error'><![CDATA[/
riscos-prm/
chapter[@title='Software vectors']/
section[@title='Technical details']/
subsection[@title='Summary of vectors']/
subsubsection[@title='UKSWIV']/
p[2]/
reference[@name='Program Environment'].
Link for 'Program Environment' has undefined destination at
]]></error>
  </testcase>
  <testcase classname='unknown' file='src/overview/softwarevectors.xml' name='unnamed case 70'>
<error message='error' type='unknown'><![CDATA[/
riscos-prm/
chapter[@title='Software vectors']/
section[@title='Technical details']/
subsection[@title='Summary of vectors']/
subsubsection[@title='UKSWIV']/
p[2]/
reference[@name='Program Environment'].
Vector
]]></error>
  </testcase>
  <testcase file='src/overview/softwarevectors.xml' name='unnamed case 71'>
<error message='error' type='error'><![CDATA[/
riscos-prm/
chapter[@title='Software vectors']/
section[@title='Technical details']/
subsection[@title='Summary of vectors']/
subsubsection[@title='UKPLOTV']/
p/
reference[@name='UKPLOTV'].
Link for 'OS_Mouse' has undefined destination at
]]></error>
  </testcase>
  <testcase file='src/overview/softwarevectors.xml' name='unnamed case 72'>
<error message='error' type='error'><![CDATA[/
riscos-prm/
chapter[@title='Software vectors']/
section[@title='Technical details']/
subsection[@title='Summary of vectors']/
subsubsection[@title='MouseV']/
p/
reference[@name='OS_Mouse'].
Link for 'The Font Manager' has undefined destination at
]]></error>
  </testcase>
  <testcase classname='unknown' file='src/overview/softwarevectors.xml' name='unnamed case 73'>
<error message='error' type='unknown'><![CDATA[/
riscos-prm/
chapter[@title='Software vectors']/
section[@title='Technical details']/
subsection[@title='Summary of vectors']/
subsubsection[@title='VDUXV']/
p/
reference[@name='The Font Manager'].
Vector
]]></error>
  </testcase>
  <testcase file='src/overview/softwarevectors.xml' name='unnamed case 74'>
<error message='error' type='error'><![CDATA[/
riscos-prm/
chapter[@title='Software vectors']/
section[@title='Technical details']/
subsection[@title='Summary of vectors']/
subsubsection[@title='VDUXV']/
p/
reference[@name='VDUXV'].
Link for 'Character Output' has undefined destination at
]]></error>
  </testcase>
  <testcase file='src/overview/softwarevectors.xml' name='unnamed case 75'>
<error message='error' type='error'><![CDATA[/
riscos-prm/
chapter[@title='Software vectors']/
section[@title='Technical details']/
subsection[@title='Summary of vectors']/
subsubsection[@title='VDUXV']/
p[2]/
reference[@name='Character Output'].
Link for 'VDU Drivers' has undefined destination at
]]></error>
  </testcase>
  <testcase classname='unknown' file='src/overview/softwarevectors.xml' name='unnamed case 76'>
<error message='error' type='unknown'><![CDATA[/
riscos-prm/
chapter[@title='Software vectors']/
section[@title='Technical details']/
subsection[@title='Summary of vectors']/
subsubsection[@title='VDUXV']/
p[2]/
reference[@name='VDU Drivers'].
Vector
]]></error>
  </testcase>
  <testcase file='src/overview/softwarevectors.xml' name='unnamed case 77'>
<error message='error' type='error'><![CDATA[/
riscos-prm/
chapter[@title='Software vectors']/
section[@title='Technical details']/
subsection[@title='Summary of vectors']/
subsubsection[@title='TickerV']/
p/
reference[@name='TickerV'].
Link for 'Communications within RISC OS' has undefined destination at
]]></error>
  </testcase>
  <testcase file='src/overview/softwarevectors.xml' name='unnamed case 78'>
<error message='error' type='error'><![CDATA[/
riscos-prm/
chapter[@title='Software vectors']/
section[@title='Technical details']/
subsection[@title='Summary of vectors']/
subsubsection[@title='UpCallV']/
p/
reference[@name='Communications within RISC OS'].
Link for 'OS_ChangeEnvironment' has undefined destination at
]]></error>
  </testcase>
  <testcase file='src/overview/softwarevectors.xml' name='unnamed case 79'>
<error message='error' type='error'><![CDATA[/
riscos-prm/
chapter[@title='Software vectors']/
section[@title='Technical details']/
subsection[@title='Summary of vectors']/
subsubsection[@title='ChangeEnvironmentV']/
p/
reference[@name='OS_ChangeEnvironment'].
Link for 'OS_SpriteOp' has undefined destination at
]]></error>
  </testcase>
  <testcase classname='unknown' file='src/overview/softwarevectors.xml' name='unnamed case 80'>
<error message='error' type='unknown'><![CDATA[/
riscos-prm/
chapter[@title='Software vectors']/
section[@title='Technical details']/
subsection[@title='Summary of vectors']/
subsubsection[@title='SpriteV']/
p/
reference[@name='OS_SpriteOp'].
Vector
]]></error>
  </testcase>
  <testcase classname='unknown' file='src/overview/softwarevectors.xml' name='unnamed case 81'>
<error message='error' type='unknown'><![CDATA[/
riscos-prm/
chapter[@title='Software vectors']/
section[@title='Technical details']/
subsection[@title='Summary of vectors']/
subsubsection[@title='DrawV']/
p/
reference[@name='DrawV'].
Reference
]]></error>
  </testcase>
  <testcase file='src/overview/softwarevectors.xml' name='unnamed case 82'>
<error message='error' type='error'><![CDATA[/
riscos-prm/
chapter[@title='Software vectors']/
section[@title='Technical details']/
subsection[@title='Summary of vectors']/
subsubsection[@title='DrawV']/
p[2]/
reference[@name='Draw module'].
Link for 'Draw module' has undefined destination at
]]></error>
  </testcase>
  <testcase classname='unknown' file='src/overview/softwarevectors.xml' name='unnamed case 83'>
<error message='error' type='unknown'><![CDATA[/
riscos-prm/
chapter[@title='Software vectors']/
section[@title='Technical details']/
subsection[@title='Summary of vectors']/
subsubsection[@title='DrawV']/
p[2]/
reference[@name='Draw module'].
Vector
]]></error>
  </testcase>
  <testcase classname='unknown' file='src/overview/softwarevectors.xml' name='unnamed case 84'>
<error message='error' type='unknown'><![CDATA[/
riscos-prm/
chapter[@title='Software vectors']/
section[@title='Technical details']/
subsection[@title='Summary of vectors']/
subsubsection[@title='EconetV']/
p/
reference[@name='EconetV'].
Reference
]]></error>
  </testcase>
  <testcase file='src/overview/softwarevectors.xml' name='unnamed case 85'>
<error message='error' type='error'><![CDATA[/
riscos-prm/
chapter[@title='Software vectors']/
section[@title='Technical details']/
subsection[@title='Summary of vectors']/
subsubsection[@title='EconetV']/
p[2]/
reference[@name='Econet'].
Link for 'Econet' has undefined destination at
]]></error>
  </testcase>
  <testcase classname='unknown' file='src/overview/softwarevectors.xml' name='unnamed case 86'>
<error message='error' type='unknown'><![CDATA[/
riscos-prm/
chapter[@title='Software vectors']/
section[@title='Technical details']/
subsection[@title='Summary of vectors']/
subsubsection[@title='EconetV']/
p[2]/
reference[@name='Econet'].
Reference
]]></error>
  </testcase>
  <testcase file='src/overview/softwarevectors.xml' name='unnamed case 87'>
<error message='error' type='error'><![CDATA[/
riscos-prm/
chapter[@title='Software vectors']/
section[@title='Technical details']/
subsection[@title='Summary of vectors']/
subsubsection[@title='EconetV']/
p[2]/
reference[@name='Hourglass'].
Link for 'Hourglass' has undefined destination at
]]></error>
  </testcase>
  <testcase file='src/overview/softwarevectors.xml' name='unnamed case 88'>
<error message='error' type='error'><![CDATA[/
riscos-prm/
chapter[@title='Software vectors']/
section[@title='Technical details']/
subsection[@title='Summary of vectors']/
subsubsection[@title='EconetV']/
p[2]/
reference[@name='Hourglass'].
Link for 'NetStatus' has undefined destination at
]]></error>
  </testcase>
  <testcase classname='unknown' file='src/overview/softwarevectors.xml' name='unnamed case 89'>
<error message='error' type='unknown'><![CDATA[/
riscos-prm/
chapter[@title='Software vectors']/
section[@title='Technical details']/
subsection[@title='Summary of vectors']/
subsubsection[@title='EconetV']/
p[2]/
reference[@name='NetStatus'].
Vector
]]></error>
  </testcase>
  <testcase file='src/overview/softwarevectors.xml' name='unnamed case 90'>
<error message='error' type='error'><![CDATA[/
riscos-prm/
chapter[@title='Software vectors']/
section[@title='Technical details']/
subsection[@title='Summary of vectors']/
subsubsection[@title='PaletteV']/
p/
reference[@name='PaletteV'].
Link for 'OS_SerialOp' has undefined destination at
]]></error>
  </testcase>
  <testcase classname='unknown' file='src/overview/softwarevectors.xml' name='unnamed case 91'>
<error message='error' type='unknown'><![CDATA[/
riscos-prm/
chapter[@title='Software vectors']/
section[@title='Technical details']/
subsection[@title='Summary of vectors']/
subsubsection[@title='SerialV']/
p/
reference[@name='OS_SerialOp'].
Reference
]]></error>
  </testcase>
  <testcase file='src/overview/softwarevectors.xml' name='unnamed case 92'>
<error message='error' type='error'><![CDATA[/
riscos-prm/
chapter[@title='Software vectors']/
section[@title='Software vectors']/
vector-definition[@name='IrqV']/
use[3]/
p[7]/
reference[@name='Interrupts and handling them'].
Link for 'Interrupts and handling them' has undefined destination at
]]></error>
  </testcase>
  <testcase classname='unknown' file='src/overview/softwarevectors.xml' name='unnamed case 93'>
<error message='error' type='unknown'><![CDATA[/
riscos-prm/
chapter[@title='Software vectors']/
section[@title='Software vectors']/
vector-definition[@name='IrqV']/
use[3]/
p[7]/
reference[@name='Interrupts and handling them'].
Reference
]]></error>
  </testcase>
  <testcase file='src/overview/softwarevectors.xml' name='unnamed case 94'>
<error message='error' type='error'><![CDATA[/
riscos-prm/
chapter[@title='Software vectors']/
section[@title='Software vectors']/
vector-definition[@name='IrqV']/
use[3]/
p[7]/
reference[@name='Program Environment'].
Link for 'Program Environment' has undefined destination at
]]></error>
  </testcase>
  <testcase file='src/overview/softwarevectors.xml' name='unnamed case 95'>
<error message='error' type='error'><![CDATA[/
riscos-prm/
chapter[@title='Software vectors']/
section[@title='Software vectors']/
vector-definition[@name='IrqV']/
use[3]/
p[7]/
reference[@name='Program Environment'].
]]></error>
  </testcase>
  <testcase file='src/overview/events.xml' name='unnamed case 96'>
<error message='error' type='error'><![CDATA[Link for 'Software vectors' has undefined destination at]]></error>
  </testcase>
  <testcase file='src/overview/events.xml' name='unnamed case 97'>
<error message='error' type='error'><![CDATA[/
riscos-prm/
chapter[@title='Events']/
section[@title='Technical details']/
subsection[@title='Using events']/
p/
reference.
Link for 'Restrictions' has undefined destination at
]]></error>
  </testcase>
  <testcase file='src/overview/events.xml' name='unnamed case 98'>
<error message='error' type='error'><![CDATA[/
riscos-prm/
chapter[@title='Events']/
section[@title='Technical details']/
subsection[@title='Using events']/
subsubsection[@title='The event routine']/
p[2]/
reference.
Link for 'EventV' has undefined destination at
]]></error>
  </testcase>
  <testcase file='src/overview/events.xml' name='unnamed case 99'>
<error message='error' type='error'><![CDATA[/
riscos-prm/
chapter[@title='Events']/
section[@title='SWI Calls']/
swi-definition[@name='OS_Byte']/
related[4]/
reference[@name='EventV'].
Link for 'ByteV' has undefined destination at
]]></error>
  </testcase>
  <testcase file='src/overview/events.xml' name='unnamed case 100'>
<error message='error' type='error'><![CDATA[/
riscos-prm/
chapter[@title='Events']/
section[@title='SWI Calls']/
swi-definition[@name='OS_Byte']/
related[4]/
reference[@name='ByteV'].
Link for 'EventV' has undefined destination at
]]></error>
  </testcase>
  <testcase file='src/overview/events.xml' name='unnamed case 101'>
<error message='error' type='error'><![CDATA[/
riscos-prm/
chapter[@title='Events']/
section[@title='SWI Calls']/
swi-definition[@name='OS_Byte']/
related[4]/
reference[@name='EventV'].
Link for 'ByteV' has undefined destination at
]]></error>
  </testcase>
  <testcase file='src/overview/events.xml' name='unnamed case 102'>
<error message='error' type='error'><![CDATA[/
riscos-prm/
chapter[@title='Events']/
section[@title='SWI Calls']/
swi-definition[@name='OS_Byte']/
related[4]/
reference[@name='ByteV'].
Link for 'EventV' has undefined destination at
]]></error>
  </testcase>
  <testcase file='src/overview/events.xml' name='unnamed case 103'>
<error message='error' type='error'><![CDATA[/
riscos-prm/
chapter[@title='Events']/
section[@title='SWI Calls']/
swi-definition[@name='OS_GenerateEvent']/
related[4]/
reference[@name='EventV'].
Link for 'Buffers' has undefined destination at
]]></error>
  </testcase>
  <testcase file='src/overview/events.xml' name='unnamed case 104'>
<error message='error' type='error'><![CDATA[/
riscos-prm/
chapter[@title='Events']/
section[@title='Vectors']/
vector-definition[@name='EventV']/
use[2]/
p/
reference.
Link for 'Character Input' has undefined destination at
]]></error>
  </testcase>
  <testcase file='src/overview/events.xml' name='unnamed case 105'>
<error message='error' type='error'><![CDATA[/
riscos-prm/
chapter[@title='Events']/
section[@title='Vectors']/
vector-definition[@name='EventV']/
use[2]/
p[2]/
reference.
Link for 'OS_Word 3' has undefined destination at
]]></error>
  </testcase>
  <testcase file='src/overview/events.xml' name='unnamed case 106'>
<error message='error' type='error'><![CDATA[/
riscos-prm/
chapter[@title='Events']/
section[@title='Vectors']/
vector-definition[@name='EventV']/
use[2]/
p/
reference.
Link for 'OS_CallAfter' has undefined destination at
]]></error>
  </testcase>
  <testcase file='src/overview/events.xml' name='unnamed case 107'>
<error message='error' type='error'><![CDATA[/
riscos-prm/
chapter[@title='Events']/
section[@title='Vectors']/
vector-definition[@name='EventV']/
use[2]/
p[2]/
reference.
Link for 'OS_CallEvery' has undefined destination at
]]></error>
  </testcase>
  <testcase file='src/overview/events.xml' name='unnamed case 108'>
<error message='error' type='error'><![CDATA[/
riscos-prm/
chapter[@title='Events']/
section[@title='Vectors']/
vector-definition[@name='EventV']/
use[2]/
p[2]/
reference[2].
Link for 'Character Input' has undefined destination at
]]></error>
  </testcase>
  <testcase file='src/overview/events.xml' name='unnamed case 109'>
<error message='error' type='error'><![CDATA[/
riscos-prm/
chapter[@title='Events']/
section[@title='Vectors']/
vector-definition[@name='EventV']/
use[2]/
p/
reference.
Link for 'Econet' has undefined destination at
]]></error>
  </testcase>
  <testcase file='src/overview/events.xml' name='unnamed case 110'>
<error message='error' type='error'><![CDATA[/
riscos-prm/
chapter[@title='Events']/
section[@title='Vectors']/
vector-definition[@name='EventV']/
use[2]/
p/
reference.
Link for 'Character Input' has undefined destination at
]]></error>
  </testcase>
  <testcase file='src/overview/events.xml' name='unnamed case 111'>
<error message='error' type='error'><![CDATA[/
riscos-prm/
chapter[@title='Events']/
section[@title='Vectors']/
vector-definition[@name='EventV']/
use[2]/
p[4]/
reference[2].
Link for 'The Sound system' has undefined destination at
]]></error>
  </testcase>
  <testcase file='src/overview/events.xml' name='unnamed case 112'>
<error message='error' type='error'><![CDATA[/
riscos-prm/
chapter[@title='Events']/
section[@title='Vectors']/
vector-definition[@name='EventV']/
use[2]/
p/
reference.
Link for 'Econet' has undefined destination at
]]></error>
  </testcase>
  <testcase file='src/overview/events.xml' name='unnamed case 113'>
<error message='error' type='error'><![CDATA[/
riscos-prm/
chapter[@title='Events']/
section[@title='Vectors']/
vector-definition[@name='EventV']/
use[2]/
p/
reference.
Link for 'Econet' has undefined destination at
]]></error>
  </testcase>
  <testcase file='src/overview/events.xml' name='unnamed case 114'>
<error message='error' type='error'><![CDATA[/
riscos-prm/
chapter[@title='Events']/
section[@title='Vectors']/
vector-definition[@name='EventV']/
use[2]/
p[3]/
reference.
Link for 'Econet' has undefined destination at
]]></error>
  </testcase>
  <testcase file='src/overview/events.xml' name='unnamed case 115'>
<error message='error' type='error'><![CDATA[/
riscos-prm/
chapter[@title='Events']/
section[@title='Vectors']/
vector-definition[@name='EventV']/
use[2]/
p[3]/
reference.
Link for 'Variable Read/Write Description' has undefined destination at
]]></error>
  </testcase>
  <testcase file='src/overview/events.xml' name='unnamed case 116'>
<error message='error' type='error'><![CDATA[/
riscos-prm/
chapter[@title='Events']/
section[@title='Vectors']/
vector-definition[@name='EventV']/
entry/
register-use[2]/
reference.
Link for 'The Portable module' has undefined destination at
]]></error>
  </testcase>
  <testcase file='src/overview/events.xml' name='unnamed case 117'>
<error message='error' type='error'><![CDATA[/
riscos-prm/
chapter[@title='Events']/
section[@title='Vectors']/
vector-definition[@name='EventV']/
use[2]/
p/
reference.
]]></error>
  </testcase>
  <testcase file='src/overview/buffers.xml' name='unnamed case 118'>
<error message='error' type='error'><![CDATA[Link for 'Character Input' has undefined destination at]]></error>
  </testcase>
  <testcase file='src/overview/buffers.xml' name='unnamed case 119'>
<error message='error' type='error'><![CDATA[/
riscos-prm/
chapter[@title='Buffers']/
section[@title='Technical details']/
subsection[@title='Details of buffers']/
subsubsection[@title='Data format']/
p/
reference.
Link for 'OS_Mouse' has undefined destination at
]]></error>
  </testcase>
  <testcase file='src/overview/buffers.xml' name='unnamed case 120'>
<error message='error' type='error'><![CDATA[/
riscos-prm/
chapter[@title='Buffers']/
section[@title='Technical details']/
subsection[@title='Details of buffers']/
subsubsection[@title='Data format']/
p[4]/
reference[@name='OS_Mouse'].
Link for 'InsV' has undefined destination at
]]></error>
  </testcase>
  <testcase file='src/overview/buffers.xml' name='unnamed case 121'>
<error message='error' type='error'><![CDATA[/
riscos-prm/
chapter[@title='Buffers']/
section[@title='Technical details']/
subsection[@title='OS_Byte calls provided']/
p[2]/
reference[@name='InsV'].
Link for 'ByteV' has undefined destination at
]]></error>
  </testcase>
  <testcase file='src/overview/buffers.xml' name='unnamed case 122'>
<error message='error' type='error'><![CDATA[/
riscos-prm/
chapter[@title='Buffers']/
section[@title='SWI calls']/
swi-definition[@name='OS_Byte']/
related[4]/
reference[@name='ByteV'].
Link for 'ByteV' has undefined destination at
]]></error>
  </testcase>
  <testcase file='src/overview/buffers.xml' name='unnamed case 123'>
<error message='error' type='error'><![CDATA[/
riscos-prm/
chapter[@title='Buffers']/
section[@title='SWI calls']/
swi-definition[@name='OS_Byte']/
related[4]/
reference[@name='ByteV'].
Link for 'OS_Mouse' has undefined destination at
]]></error>
  </testcase>
  <testcase file='src/overview/buffers.xml' name='unnamed case 124'>
<error message='error' type='error'><![CDATA[/
riscos-prm/
chapter[@title='Buffers']/
section[@title='SWI calls']/
swi-definition[@name='OS_Byte']/
use[3]/
p[3]/
reference[@name='OS_Mouse'].
Link for 'ByteV' has undefined destination at
]]></error>
  </testcase>
  <testcase file='src/overview/buffers.xml' name='unnamed case 125'>
<error message='error' type='error'><![CDATA[/
riscos-prm/
chapter[@title='Buffers']/
section[@title='SWI calls']/
swi-definition[@name='OS_Byte']/
related[4]/
reference[@name='ByteV'].
Link for 'CnpV' has undefined destination at
]]></error>
  </testcase>
  <testcase file='src/overview/buffers.xml' name='unnamed case 126'>
<error message='error' type='error'><![CDATA[/
riscos-prm/
chapter[@title='Buffers']/
section[@title='SWI calls']/
swi-definition[@name='OS_Byte']/
related[4]/
reference[@name='CnpV'].
Link for 'ByteV' has undefined destination at
]]></error>
  </testcase>
  <testcase file='src/overview/buffers.xml' name='unnamed case 127'>
<error message='error' type='error'><![CDATA[/
riscos-prm/
chapter[@title='Buffers']/
section[@title='SWI calls']/
swi-definition[@name='OS_Byte']/
related[4]/
reference[@name='ByteV'].
Link for 'InsV' has undefined destination at
]]></error>
  </testcase>
  <testcase file='src/overview/buffers.xml' name='unnamed case 128'>
<error message='error' type='error'><![CDATA[/
riscos-prm/
chapter[@title='Buffers']/
section[@title='SWI calls']/
swi-definition[@name='OS_Byte']/
related[4]/
reference[@name='InsV'].
Link for 'ByteV' has undefined destination at
]]></error>
  </testcase>
  <testcase file='src/overview/buffers.xml' name='unnamed case 129'>
<error message='error' type='error'><![CDATA[/
riscos-prm/
chapter[@title='Buffers']/
section[@title='SWI calls']/
swi-definition[@name='OS_Byte']/
related[4]/
reference[@name='ByteV'].
Link for 'RemV' has undefined destination at
]]></error>
  </testcase>
  <testcase file='src/overview/buffers.xml' name='unnamed case 130'>
<error message='error' type='error'><![CDATA[/
riscos-prm/
chapter[@title='Buffers']/
section[@title='SWI calls']/
swi-definition[@name='OS_Byte']/
related[4]/
reference[@name='RemV'].
Link for 'ByteV' has undefined destination at
]]></error>
  </testcase>
  <testcase file='src/overview/buffers.xml' name='unnamed case 131'>
<error message='error' type='error'><![CDATA[/
riscos-prm/
chapter[@title='Buffers']/
section[@title='SWI calls']/
swi-definition[@name='OS_Byte']/
related[4]/
reference[@name='ByteV'].
Link for 'RemV' has undefined destination at
]]></error>
  </testcase>
  <testcase file='src/overview/buffers.xml' name='unnamed case 132'>
<error message='error' type='error'><![CDATA[/
riscos-prm/
chapter[@title='Buffers']/
section[@title='SWI calls']/
swi-definition[@name='OS_Byte']/
related[4]/
reference[@name='RemV'].
Link for 'ByteV' has undefined destination at
]]></error>
  </testcase>
  <testcase file='src/overview/buffers.xml' name='unnamed case 133'>
<error message='error' type='error'><![CDATA[/
riscos-prm/
chapter[@title='Buffers']/
section[@title='SWI calls']/
swi-definition[@name='OS_Byte']/
related[4]/
reference[@name='ByteV'].
Link for 'InsV' has undefined destination at
]]></error>
  </testcase>
  <testcase file='src/overview/buffers.xml' name='unnamed case 134'>
<error message='error' type='error'><![CDATA[/
riscos-prm/
chapter[@title='Buffers']/
section[@title='SWI calls']/
swi-definition[@name='OS_Byte']/
related[4]/
reference[@name='InsV'].
]]></error>
  </testcase>
  <testcase file='src/memory/memorymanagement.xml' name='unnamed case 135'>
<error message='error' type='error'><![CDATA[Link for 'Wimp_SlotSize' has undefined destination at]]></error>
  </testcase>
  <testcase file='src/memory/memorymanagement.xml' name='unnamed case 136'>
<error message='error' type='error'><![CDATA[/
riscos-prm/
chapter[@title='Memory Management Overview']/
section[@title='Introduction']/
p[2]/
reference[@name='Wimp_SlotSize'].
Link for 'The Window Manager' has undefined destination at
]]></error>
  </testcase>
  <testcase file='src/memory/memorymanagement.xml' name='unnamed case 137'>
<error message='error' type='error'><![CDATA[/
riscos-prm/
chapter[@title='Memory Management Overview']/
section[@title='Introduction']/
p[2]/
reference[2].
Link for 'Service_Memory' has undefined destination at
]]></error>
  </testcase>
  <testcase file='src/memory/memorymanagement.xml' name='unnamed case 138'>
<error message='error' type='error'><![CDATA[/
riscos-prm/
chapter[@title='Memory Management Overview']/
section[@title='Technical details']/
subsection[@title='Using memory from relocatable modules']/
p[4]/
reference[@name='Memory'].
Link for 'Wimp_Initialise' has undefined destination at
]]></error>
  </testcase>
  <testcase file='src/memory/memorymanagement.xml' name='unnamed case 139'>
<error message='error' type='error'><![CDATA[/
riscos-prm/
chapter[@title='Memory Management Overview']/
section[@title='Technical details']/
subsection[@title='Using memory from relocatable modules']/
p[4]/
reference[@name='Wimp_Initialise'].
Link for 'OS_Exit' has undefined destination at
]]></error>
  </testcase>
  <testcase file='src/memory/memorymanagement.xml' name='unnamed case 140'>
<error message='error' type='error'><![CDATA[/
riscos-prm/
chapter[@title='Memory Management Overview']/
section[@title='Technical details']/
subsection[@title='Using memory from relocatable modules written in C']/
p[4]/
reference[@name='OS_Exit'].
]]></error>
  </testcase>
  <testcase file='src/memory/heap.xml' name='unnamed case 141'>
    <error message='error' type='error' />
  </testcase>
  <testcase file='src/memory/das.xml' name='unnamed case 142'>
<error message='error' type='error'><![CDATA[Link for 'Wimp_SlotSize' has undefined destination at]]></error>
  </testcase>
  <testcase file='src/memory/das.xml' name='unnamed case 143'>
<error message='error' type='error'><![CDATA[/
riscos-prm/
chapter[@title='Dynamic Areas']/
section[@title='Technical Details']/
subsection[@title='Types of dynamic area']/
subsubsection[@title='Shrinkable areas']/
p[2]/
reference[@name='Wimp_SlotSize'].
Link for 'Service_Memory' has undefined destination at
]]></error>
  </testcase>
  <testcase file='src/memory/das.xml' name='unnamed case 144'>
<error message='error' type='error'><![CDATA[/
riscos-prm/
chapter[@title='Dynamic Areas']/
section[@title='SWI calls']/
swi-definition[@name='OS_ChangeDynamicArea']/
use[3]/
p[7]/
reference[@name='Memory'].
Link for 'Service_MemoryMoved' has undefined destination at
]]></error>
  </testcase>
  <testcase file='src/memory/das.xml' name='unnamed case 145'>
<error message='error' type='error'><![CDATA[/
riscos-prm/
chapter[@title='Dynamic Areas']/
section[@title='SWI calls']/
swi-definition[@name='OS_ChangeDynamicArea']/
use[3]/
p[7]/
reference[@name='MemoryMoved'].
Link for 'OS_UpCall 257' has undefined destination at
]]></error>
  </testcase>
  <testcase file='src/memory/das.xml' name='unnamed case 146'>
<error message='error' type='error'><![CDATA[/
riscos-prm/
chapter[@title='Dynamic Areas']/
section[@title='SWI calls']/
swi-definition[@name='OS_ChangeDynamicArea']/
use[3]/
p[10]/
reference[@name='OS_UpCall'].
Link for 'OS_Upcall 257' has undefined destination at
]]></error>
  </testcase>
  <testcase file='src/memory/das.xml' name='unnamed case 147'>
<error message='error' type='error'><![CDATA[/
riscos-prm/
chapter[@title='Dynamic Areas']/
section[@title='SWI calls']/
swi-definition[@name='OS_ChangeDynamicArea']/
related[4]/
reference[@name='OS_Upcall'].
Link for 'Service_Memory' has undefined destination at
]]></error>
  </testcase>
  <testcase file='src/memory/das.xml' name='unnamed case 148'>
<error message='error' type='error'><![CDATA[/
riscos-prm/
chapter[@title='Dynamic Areas']/
section[@title='SWI calls']/
swi-definition[@name='OS_ChangeDynamicArea']/
related[4]/
reference[@name='Memory'].
Link for 'Service_MemoryMoved' has undefined destination at
]]></error>
  </testcase>
  <testcase file='src/memory/das.xml' name='unnamed case 149'>
<error message='error' type='error'><![CDATA[/
riscos-prm/
chapter[@title='Dynamic Areas']/
section[@title='SWI calls']/
swi-definition[@name='OS_ChangeDynamicArea']/
related[4]/
reference[@name='MemoryMoved'].
Link for 'OS_ReadMemMapEntries' has undefined destination at
]]></error>
  </testcase>
  <testcase file='src/memory/das.xml' name='unnamed case 150'>
<error message='error' type='error'><![CDATA[/
riscos-prm/
chapter[@title='Dynamic Areas']/
section[@title='SWI calls']/
swi-definition[@name='OS_DynamicArea']/
entry/
register-use[5]/
bitfield-table/
bit/
reference[@name='OS_ReadMemMapEntries'].
Link for 'OS_SetMemMapEntries' has undefined destination at
]]></error>
  </testcase>
  <testcase file='src/memory/das.xml' name='unnamed case 151'>
<error message='error' type='error'><![CDATA[/
riscos-prm/
chapter[@title='Dynamic Areas']/
section[@title='SWI calls']/
swi-definition[@name='OS_DynamicArea']/
entry/
register-use[5]/
bitfield-table/
bit/
reference[@name='OS_SetMemMapEntries'].
Link for 'OS_ReadMemMapInfo' has undefined destination at
]]></error>
  </testcase>
  <testcase file='src/memory/das.xml' name='unnamed case 152'>
<error message='error' type='error'><![CDATA[/
riscos-prm/
chapter[@title='Dynamic Areas']/
section[@title='SWI calls']/
swi-definition[@name='OS_DynamicArea']/
use[3]/
p[2]/
reference[@name='OS_ReadMemMapInfo'].
Link for 'OS_ReadMemMapInfo' has undefined destination at
]]></error>
  </testcase>
  <testcase file='src/memory/das.xml' name='unnamed case 153'>
<error message='error' type='error'><![CDATA[/
riscos-prm/
chapter[@title='Dynamic Areas']/
section[@title='SWI calls']/
swi-definition[@name='OS_DynamicArea']/
use[3]/
p[2]/
reference[@name='OS_ReadMemMapInfo'].
Link for 'OS_UpCall 257' has undefined destination at
]]></error>
  </testcase>
  <testcase file='src/memory/das.xml' name='unnamed case 154'>
<error message='error' type='error'><![CDATA[/
riscos-prm/
chapter[@title='Dynamic Areas']/
section[@title='* Commands']/
command-definition[@name='ChangeDynamicArea']/
related[7]/
reference[@name='OS_UpCall'].
]]></error>
  </testcase>
  <testcase file='src/memory/cstorage.xml' name='unnamed case 155'>
    <error message='error' type='error' />
  </testcase>
  <testcase classname='unknown' file='src/kernel/modules/using.xml' name='unnamed case 156'>
<error message='error' type='unknown'><![CDATA[Command]]></error>
  </testcase>
  <testcase file='src/kernel/modules/using.xml' name='unnamed case 157'>
<error message='error' type='error'><![CDATA[/
riscos-prm/
chapter[@title='Using Modules']/
section[@title='SWI calls']/
swi-definition[@name='OS_Module']/
use[3]/
p/
reference[@name='Load'].
Link for 'OS_FSControl 2' has undefined destination at
]]></error>
  </testcase>
  <testcase file='src/kernel/modules/using.xml' name='unnamed case 158'>
<error message='error' type='error'><![CDATA[/
riscos-prm/
chapter[@title='Using Modules']/
section[@title='SWI calls']/
swi-definition[@name='OS_Module']/
use[3]/
p[2]/
reference[@name='OS_FSControl'].
]]></error>
  </testcase>
  <testcase file='src/kernel/io/vducodes.xml' name='unnamed case 159'>
<error message='error' type='error'><![CDATA[Link for 'OS_Byte 5' has undefined destination at]]></error>
  </testcase>
  <testcase file='src/kernel/io/vducodes.xml' name='unnamed case 160'>
<error message='error' type='error'><![CDATA[/
riscos-prm/
chapter[@title='VDU codes']/
section[@title='VDU codes']/
vdu-definition[@name='2']/
use[2]/
p/
reference[@name='OS_Byte'].
Link for 'OS_Byte 117' has undefined destination at
]]></error>
  </testcase>
  <testcase file='src/kernel/io/vducodes.xml' name='unnamed case 161'>
<error message='error' type='error'><![CDATA[/
riscos-prm/
chapter[@title='VDU codes']/
section[@title='VDU codes']/
vdu-definition[@name='4']/
use[2]/
p[3]/
reference[@name='OS_Byte'].
Link for 'OS_Byte 117' has undefined destination at
]]></error>
  </testcase>
  <testcase file='src/kernel/io/vducodes.xml' name='unnamed case 162'>
<error message='error' type='error'><![CDATA[/
riscos-prm/
chapter[@title='VDU codes']/
section[@title='VDU codes']/
vdu-definition[@name='6']/
use[2]/
p[2]/
reference[@name='OS_Byte'].
Link for 'OS_Byte 217' has undefined destination at
]]></error>
  </testcase>
  <testcase file='src/kernel/io/vducodes.xml' name='unnamed case 163'>
<error message='error' type='error'><![CDATA[/
riscos-prm/
chapter[@title='VDU codes']/
section[@title='VDU codes']/
vdu-definition[@name='14']/
use[2]/
p[2]/
reference[@name='OS_Byte'].
Link for 'OS_Byte 217' has undefined destination at
]]></error>
  </testcase>
  <testcase file='src/kernel/io/vducodes.xml' name='unnamed case 164'>
<error message='error' type='error'><![CDATA[/
riscos-prm/
chapter[@title='VDU codes']/
section[@title='VDU codes']/
vdu-definition[@name='14']/
use[2]/
p[2]/
reference[@name='OS_Byte'].
Link for 'OS_ReadVduVariables' has undefined destination at
]]></error>
  </testcase>
  <testcase file='src/kernel/io/vducodes.xml' name='unnamed case 165'>
<error message='error' type='error'><![CDATA[/
riscos-prm/
chapter[@title='VDU codes']/
section[@title='VDU codes']/
vdu-definition[@name='18']/
use[4]/
p[12]/
reference[@name='OS_ReadVduVariables'].
Link for 'OS_Byte 117' has undefined destination at
]]></error>
  </testcase>
  <testcase file='src/kernel/io/vducodes.xml' name='unnamed case 166'>
<error message='error' type='error'><![CDATA[/
riscos-prm/
chapter[@title='VDU codes']/
section[@title='VDU codes']/
vdu-definition[@name='21']/
use[2]/
p[4]/
reference[@name='OS_Byte'].
Link for 'The Font Manager' has undefined destination at
]]></error>
  </testcase>
  <testcase file='src/kernel/io/vducodes.xml' name='unnamed case 167'>
<error message='error' type='error'><![CDATA[/
riscos-prm/
chapter[@title='VDU codes']/
section[@title='VDU codes']/
vdu-definition[@name='25']/
use[5]/
p[5]/
value-table/
value[27]/
reference[@name='The Font Manager'].
Link for 'OS_ReadVduVariables' has undefined destination at
]]></error>
  </testcase>
  <testcase file='src/kernel/io/vducodes.xml' name='unnamed case 168'>
<error message='error' type='error'><![CDATA[/
riscos-prm/
chapter[@title='VDU codes']/
section[@title='VDU codes']/
vdu-definition[@name='28']/
use[6]/
p[3]/
reference[@name='OS_ReadVduVariables'].
Link for 'OS_ReadVduVariables' has undefined destination at
]]></error>
  </testcase>
  <testcase file='src/kernel/io/vducodes.xml' name='unnamed case 169'>
<error message='error' type='error'><![CDATA[/
riscos-prm/
chapter[@title='VDU codes']/
section[@title='VDU codes']/
vdu-definition[@name='29']/
use[4]/
p[3]/
reference[@name='OS_ReadVduVariables'].
]]></error>
  </testcase>
  <testcase classname='unknown' file='src/filesystems/filecore-discformats.xml' name='unnamed case 170'>
<error message='error' type='unknown'><![CDATA[SWI]]></error>
  </testcase>
  <testcase classname='unknown' file='src/filesystems/filecore-discformats.xml' name='unnamed case 171'>
<error message='error' type='unknown'><![CDATA[/
riscos-prm/
chapter[@title='FileCore disc formats']/
section[@title='Technical Details']/
subsection[@title='Physical layout']/
category[@title='Sector layout']/
p[5]/
reference[@name='FileCore_DiscFormat'].
SWI
]]></error>
  </testcase>
  <testcase classname='unknown' file='src/filesystems/filecore-discformats.xml' name='unnamed case 172'>
<error message='error' type='unknown'><![CDATA[/
riscos-prm/
chapter[@title='FileCore disc formats']/
section[@title='Technical Details']/
subsection[@title='Physical layout']/
category[@title='Sector layout']/
p[5]/
reference[@name='ADFS_VetFormat'].
SWI
]]></error>
  </testcase>
  <testcase file='src/filesystems/filecore-discformats.xml' name='unnamed case 173'>
<error message='error' type='error'><![CDATA[/
riscos-prm/
chapter[@title='FileCore disc formats']/
section[@title='Technical Details']/
subsection[@title='Maps']/
subsubsection[@title='The disc map layout']/
category[@title='Disc record']/
p[5]/
reference[@name='FileCore_DescribeDisc'].
]]></error>
  </testcase>
  <testcase classname='unknown' file='src/filesystems/ramfs.xml' name='unnamed case 174'>
<error message='error' type='unknown'><![CDATA[Reference]]></error>
  </testcase>
  <testcase file='src/filesystems/ramfs.xml' name='unnamed case 175'>
<error message='error' type='error'><![CDATA[/
riscos-prm/
chapter[@title='RamFS']/
section[@title='Introduction']/
p[2]/
reference[@name='FileCore'].
Link for 'FileCore' has undefined destination at
]]></error>
  </testcase>
  <testcase classname='unknown' file='src/filesystems/ramfs.xml' name='unnamed case 176'>
<error message='error' type='unknown'><![CDATA[/
riscos-prm/
chapter[@title='RamFS']/
section[@title='Introduction']/
p[2]/
reference[@name='FileCore'].
Reference
]]></error>
  </testcase>
  <testcase file='src/filesystems/ramfs.xml' name='unnamed case 177'>
<error message='error' type='error'><![CDATA[/
riscos-prm/
chapter[@title='RamFS']/
section[@title='Introduction']/
p[2]/
reference[@name='FileSwitch'].
Link for 'FileSwitch' has undefined destination at
]]></error>
  </testcase>
  <testcase classname='unknown' file='src/filesystems/ramfs.xml' name='unnamed case 178'>
<error message='error' type='unknown'><![CDATA[/
riscos-prm/
chapter[@title='RamFS']/
section[@title='Introduction']/
p[2]/
reference[@name='FileSwitch'].
Reference
]]></error>
  </testcase>
  <testcase file='src/filesystems/ramfs.xml' name='unnamed case 179'>
<error message='error' type='error'><![CDATA[/
riscos-prm/
chapter[@title='RamFS']/
section[@title='Overview']/
p/
reference[@name='FileCore'].
Link for 'FileCore' has undefined destination at
]]></error>
  </testcase>
  <testcase file='src/filesystems/ramfs.xml' name='unnamed case 180'>
<error message='error' type='error'><![CDATA[/
riscos-prm/
chapter[@title='RamFS']/
section[@title='Overview']/
p/
reference[@name='FileCore'].
Link for 'FileCore_DiscOp' has undefined destination at
]]></error>
  </testcase>
  <testcase file='src/filesystems/ramfs.xml' name='unnamed case 181'>
<error message='error' type='error'><![CDATA[/
riscos-prm/
chapter[@title='RamFS']/
section[@title='SWI calls']/
swi-definition[@name='RamFS_DiscOp']/
entry/
p/
reference[@name='FileCore_DiscOp'].
Link for 'FileCore_DiscOp' has undefined destination at
]]></error>
  </testcase>
  <testcase file='src/filesystems/ramfs.xml' name='unnamed case 182'>
<error message='error' type='error'><![CDATA[/
riscos-prm/
chapter[@title='RamFS']/
section[@title='SWI calls']/
swi-definition[@name='RamFS_DiscOp']/
exit[2]/
p/
reference[@name='FileCore_DiscOp'].
Link for 'FileCore_DiscOp' has undefined destination at
]]></error>
  </testcase>
  <testcase file='src/filesystems/ramfs.xml' name='unnamed case 183'>
<error message='error' type='error'><![CDATA[/
riscos-prm/
chapter[@title='RamFS']/
section[@title='SWI calls']/
swi-definition[@name='RamFS_DiscOp']/
use[3]/
p/
reference[@name='FileCore_DiscOp'].
Link for 'FileCore_Drives' has undefined destination at
]]></error>
  </testcase>
  <testcase file='src/filesystems/ramfs.xml' name='unnamed case 184'>
<error message='error' type='error'><![CDATA[/
riscos-prm/
chapter[@title='RamFS']/
section[@title='SWI calls']/
swi-definition[@name='RamFS_Drives']/
entry/
p/
reference[@name='FileCore_Drives'].
Link for 'FileCore_Drives' has undefined destination at
]]></error>
  </testcase>
  <testcase file='src/filesystems/ramfs.xml' name='unnamed case 185'>
<error message='error' type='error'><![CDATA[/
riscos-prm/
chapter[@title='RamFS']/
section[@title='SWI calls']/
swi-definition[@name='RamFS_Drives']/
exit[2]/
p/
reference[@name='FileCore_Drives'].
Link for 'FileCore_Drives' has undefined destination at
]]></error>
  </testcase>
  <testcase file='src/filesystems/ramfs.xml' name='unnamed case 186'>
<error message='error' type='error'><![CDATA[/
riscos-prm/
chapter[@title='RamFS']/
section[@title='SWI calls']/
swi-definition[@name='RamFS_Drives']/
use[3]/
p/
reference[@name='FileCore_Drives'].
Link for 'FileCore_FreeSpace' has undefined destination at
]]></error>
  </testcase>
  <testcase file='src/filesystems/ramfs.xml' name='unnamed case 187'>
<error message='error' type='error'><![CDATA[/
riscos-prm/
chapter[@title='RamFS']/
section[@title='SWI calls']/
swi-definition[@name='RamFS_FreeSpace']/
entry/
p/
reference[@name='FileCore_FreeSpace'].
Link for 'FileCore_FreeSpace' has undefined destination at
]]></error>
  </testcase>
  <testcase file='src/filesystems/ramfs.xml' name='unnamed case 188'>
<error message='error' type='error'><![CDATA[/
riscos-prm/
chapter[@title='RamFS']/
section[@title='SWI calls']/
swi-definition[@name='RamFS_FreeSpace']/
exit[2]/
p/
reference[@name='FileCore_FreeSpace'].
Link for 'FileCore_FreeSpace' has undefined destination at
]]></error>
  </testcase>
  <testcase file='src/filesystems/ramfs.xml' name='unnamed case 189'>
<error message='error' type='error'><![CDATA[/
riscos-prm/
chapter[@title='RamFS']/
section[@title='SWI calls']/
swi-definition[@name='RamFS_FreeSpace']/
use[3]/
p/
reference[@name='FileCore_FreeSpace'].
Link for 'FileCore_DescribeDisc' has undefined destination at
]]></error>
  </testcase>
  <testcase file='src/filesystems/ramfs.xml' name='unnamed case 190'>
<error message='error' type='error'><![CDATA[/
riscos-prm/
chapter[@title='RamFS']/
section[@title='SWI calls']/
swi-definition[@name='RamFS_DescribeDisc']/
entry/
p/
reference[@name='FileCore_DescribeDisc'].
Link for 'FileCore_FreeSpace' has undefined destination at
]]></error>
  </testcase>
  <testcase file='src/filesystems/ramfs.xml' name='unnamed case 191'>
<error message='error' type='error'><![CDATA[/
riscos-prm/
chapter[@title='RamFS']/
section[@title='SWI calls']/
swi-definition[@name='RamFS_DescribeDisc']/
exit[2]/
p/
reference[@name='FileCore_FreeSpace'].
Link for 'FileCore_FreeSpace' has undefined destination at
]]></error>
  </testcase>
  <testcase file='src/filesystems/ramfs.xml' name='unnamed case 192'>
<error message='error' type='error'><![CDATA[/
riscos-prm/
chapter[@title='RamFS']/
section[@title='SWI calls']/
swi-definition[@name='RamFS_DescribeDisc']/
use[3]/
p/
reference[@name='FileCore_FreeSpace'].
Link for '*ADFS' has undefined destination at
]]></error>
  </testcase>
  <testcase file='src/filesystems/ramfs.xml' name='unnamed case 193'>
<error message='error' type='error'><![CDATA[/
riscos-prm/
chapter[@title='RamFS']/
section[@title='* Commands']/
command-definition[@name='Ram']/
related[4]/
reference[@name='ADFS'].
Link for '*Configure RamFSSize' has undefined destination at
]]></error>
  </testcase>
  <testcase file='src/filesystems/ramfs.xml' name='unnamed case 194'>
<error message='error' type='error'><![CDATA[/
riscos-prm/
chapter[@title='RamFS']/
section[@title='* Commands']/
command-definition[@name='Ram']/
related[4]/
reference[@name='Configure'].
Link for '*Net' has undefined destination at
]]></error>
  </testcase>
  <testcase file='src/filesystems/ramfs.xml' name='unnamed case 195'>
<error message='error' type='error'><![CDATA[/
riscos-prm/
chapter[@title='RamFS']/
section[@title='* Commands']/
command-definition[@name='Ram']/
related[4]/
reference[@name='Net'].
Link for '*ResourceFS' has undefined destination at
]]></error>
  </testcase>
  <testcase file='src/filesystems/ramfs.xml' name='unnamed case 196'>
<error message='error' type='error'><![CDATA[/
riscos-prm/
chapter[@title='RamFS']/
section[@title='* Commands']/
command-definition[@name='Ram']/
related[4]/
reference[@name='ResourceFS'].
]]></error>
  </testcase>
  <testcase file='src/filesystems/netprint.xml' name='unnamed case 197'>
<error message='error' type='error'><![CDATA[Link for 'Econet' has undefined destination at]]></error>
  </testcase>
  <testcase file='src/filesystems/netprint.xml' name='unnamed case 198'>
<error message='error' type='error'><![CDATA[/
riscos-prm/
chapter[@title='NetPrint']/
section[@title='Introduction and Overview']/
p[3]/
reference[@name='Econet'].
Link for 'Printer server protocol interface' has undefined destination at
]]></error>
  </testcase>
  <testcase file='src/filesystems/netprint.xml' name='unnamed case 199'>
<error message='error' type='error'><![CDATA[/
riscos-prm/
chapter[@title='NetPrint']/
section[@title='Service Calls']/
service-definition[@name='NetPrintCheckD1']/
use[3]/
p[2]/
reference[@name='Printer server protocol interface'].
]]></error>
  </testcase>
  <testcase file='src/filesystems/pipefs.xml' name='unnamed case 200'>
<error message='error' type='error'><![CDATA[Link for 'OS_UpCall 6' has undefined destination at]]></error>
  </testcase>
  <testcase file='src/filesystems/pipefs.xml' name='unnamed case 201'>
<error message='error' type='error'><![CDATA[/
riscos-prm/
chapter[@title='PipeFS']/
section[@title='Introduction and Overview']/
p[2]/
reference.
Link for 'OS_UpCall 7' has undefined destination at
]]></error>
  </testcase>
  <testcase file='src/filesystems/pipefs.xml' name='unnamed case 202'>
<error message='error' type='error'><![CDATA[/
riscos-prm/
chapter[@title='PipeFS']/
section[@title='Introduction and Overview']/
p[3]/
reference.
Link for 'OS_GBPB 10' has undefined destination at
]]></error>
  </testcase>
  <testcase file='src/filesystems/pipefs.xml' name='unnamed case 203'>
<error message='error' type='error'><![CDATA[/
riscos-prm/
chapter[@title='PipeFS']/
section[@title='Introduction and Overview']/
p[5]/
reference.
Link for '*Copy' has undefined destination at
]]></error>
  </testcase>
  <testcase file='src/filesystems/pipefs.xml' name='unnamed case 204'>
<error message='error' type='error'><![CDATA[/
riscos-prm/
chapter[@title='PipeFS']/
section[@title='*Commands']/
command-definition[@name='PipeCopy']/
related[7]/
reference[@name='Copy'].
]]></error>
  </testcase>
  <testcase classname='unknown' file='src/filesystems/devicefs.xml' name='unnamed case 205'>
<error message='error' type='unknown'><![CDATA[SWI]]></error>
  </testcase>
  <testcase classname='unknown' file='src/filesystems/devicefs.xml' name='unnamed case 206'>
<error message='error' type='unknown'><![CDATA[/
riscos-prm/
chapter[@title='DeviceFS']/
section[@title='Technical Details']/
subsection[@title='Special fields']/
p[12]/
reference[@name='OS_ReadUnsigned'].
SWI
]]></error>
  </testcase>
  <testcase file='src/filesystems/devicefs.xml' name='unnamed case 207'>
<error message='error' type='error'><![CDATA[/
riscos-prm/
chapter[@title='DeviceFS']/
section[@title='SWI calls']/
swi-definition[@name='DeviceFS_Register']/
use[3]/
category[@title='List of devices']/
p[5]/
reference[@name='Buffer_Create'].
]]></error>
  </testcase>
  <testcase file='src/filesystems/cdfs.xml' name='unnamed case 208'>
    <error message='error' type='error' />
  </testcase>
  <testcase file='src/filesystems/filetypes.xml' name='unnamed case 209'>
    <error message='error' type='error' />
  </testcase>
  <testcase file='src/filesystems/writing/devicedriver.xml' name='unnamed case 210'>
    <error message='error' type='error' />
  </testcase>
  <testcase file='src/filesystems/obsolete/deskfs.xml' name='unnamed case 211'>
<error message='error' type='error'><![CDATA[Link for '*ADFS' has undefined destination at]]></error>
  </testcase>
  <testcase file='src/filesystems/obsolete/deskfs.xml' name='unnamed case 212'>
<error message='error' type='error'><![CDATA[/
riscos-prm/
chapter[@title='DeskFS']/
section[@title='* Commands']/
command-definition[@name='DeskFS']/
related[4]/
reference[@name='ADFS'].
Link for '*Net' has undefined destination at
]]></error>
  </testcase>
  <testcase file='src/filesystems/obsolete/deskfs.xml' name='unnamed case 213'>
<error message='error' type='error'><![CDATA[/
riscos-prm/
chapter[@title='DeskFS']/
section[@title='* Commands']/
command-definition[@name='DeskFS']/
related[4]/
reference[@name='Net'].
]]></error>
  </testcase>
  <testcase classname='unknown' file='src/networking/access.xml' name='unnamed case 214'>
<error message='error' type='unknown'><![CDATA[Command]]></error>
  </testcase>
  <testcase classname='unknown' file='src/networking/access.xml' name='unnamed case 215'>
<error message='error' type='unknown'><![CDATA[/
riscos-prm/
chapter[@title='Access (native file sharing)']/
section[@title='*Commands']/
command-definition[@name='Desktop_ShareFSFiler']/
use[2]/
p/
reference[@name='Desktop'].
Command
]]></error>
  </testcase>
  <testcase classname='unknown' file='src/networking/access.xml' name='unnamed case 216'>
<error message='error' type='unknown'><![CDATA[/
riscos-prm/
chapter[@title='Access (native file sharing)']/
section[@title='*Commands']/
command-definition[@name='Desktop_ShareFSFiler']/
related[4]/
reference[@name='Desktop'].
Command
]]></error>
  </testcase>
  <testcase classname='unknown' file='src/networking/access.xml' name='unnamed case 217'>
<error message='error' type='unknown'><![CDATA[/
riscos-prm/
chapter[@title='Access (native file sharing)']/
section[@title='*Commands']/
command-definition[@name='Dismount']/
related[5]/
reference[@name='ShutDown'].
Command
]]></error>
  </testcase>
  <testcase classname='unknown' file='src/networking/access.xml' name='unnamed case 218'>
<error message='error' type='unknown'><![CDATA[/
riscos-prm/
chapter[@title='Access (native file sharing)']/
section[@title='*Commands']/
command-definition[@name='ShareFS']/
related[4]/
reference[@name='ADFS'].
Command
]]></error>
  </testcase>
  <testcase classname='unknown' file='src/networking/access.xml' name='unnamed case 219'>
<error message='error' type='unknown'><![CDATA[/
riscos-prm/
chapter[@title='Access (native file sharing)']/
section[@title='*Commands']/
command-definition[@name='ShareFS']/
related[4]/
reference[@name='Net'].
Command
]]></error>
  </testcase>
  <testcase classname='unknown' file='src/networking/access.xml' name='unnamed case 220'>
<error message='error' type='unknown'><![CDATA[/
riscos-prm/
chapter[@title='Access (native file sharing)']/
section[@title='*Commands']/
command-definition[@name='ShareFS']/
related[4]/
reference[@name='RAM'].
Command
]]></error>
  </testcase>
  <testcase file='src/networking/access.xml' name='unnamed case 221'>
<error message='error' type='error'><![CDATA[/
riscos-prm/
chapter[@title='Access (native file sharing)']/
section[@title='*Commands']/
command-definition[@name='ShareFS']/
related[4]/
reference[@name='ResourceFS'].
]]></error>
  </testcase>
  <testcase file='src/networking/freeway.xml' name='unnamed case 222'>
    <error message='error' type='error' />
  </testcase>
  <testcase file='src/networking/resolver.xml' name='unnamed case 223'>
    <error message='error' type='error' />
  </testcase>
  <testcase file='src/networking/mimemap.xml' name='unnamed case 224'>
    <error message='error' type='error' />
  </testcase>
  <testcase file='src/networking/legacy/econet.xml' name='unnamed case 225'>
<error message='error' type='error'><![CDATA[Link for 'PollWord_NonZero 13' has undefined destination at]]></error>
  </testcase>
  <testcase file='src/networking/legacy/econet.xml' name='unnamed case 226'>
<error message='error' type='error'><![CDATA[/
riscos-prm/
chapter[@title='Econet']/
section[@title='Technical Details']/
subsection[@title='Econet events']/
subsubsection[@title='Using events from the Wimp']/
p/
reference.
Link for 'Message_Notify (&40040)' has undefined destination at
]]></error>
  </testcase>
  <testcase file='src/networking/legacy/econet.xml' name='unnamed case 227'>
<error message='error' type='error'><![CDATA[/
riscos-prm/
chapter[@title='Econet']/
section[@title='Technical Details']/
subsection[@title='Immediate operations']/
subsubsection[@title='Econet_OSProcedure calls']/
category[@title='OSCharacterFromNotify']/
p[3]/
reference.
Link for 'OS_ConvertFixedNetStation' has undefined destination at
]]></error>
  </testcase>
  <testcase file='src/networking/legacy/econet.xml' name='unnamed case 228'>
<error message='error' type='error'><![CDATA[/
riscos-prm/
chapter[@title='Econet']/
section[@title='Technical Details']/
subsection[@title='Converting station and net to a string']/
p/
reference.
Link for 'OS_ConvertNetStation' has undefined destination at
]]></error>
  </testcase>
  <testcase file='src/networking/legacy/econet.xml' name='unnamed case 229'>
<error message='error' type='error'><![CDATA[/
riscos-prm/
chapter[@title='Econet']/
section[@title='Technical Details']/
subsection[@title='Converting station and net to a string']/
p/
reference[2].
Link for 'OS_Module 6' has undefined destination at
]]></error>
  </testcase>
  <testcase file='src/networking/legacy/econet.xml' name='unnamed case 230'>
<error message='error' type='error'><![CDATA[/
riscos-prm/
chapter[@title='Econet']/
section[@title='SWI Calls']/
swi-definition[@name='Econet_CreateReceive']/
use[3]/
p[2]/
reference.
Link for 'OS_Module 7' has undefined destination at
]]></error>
  </testcase>
  <testcase file='src/networking/legacy/econet.xml' name='unnamed case 231'>
<error message='error' type='error'><![CDATA[/
riscos-prm/
chapter[@title='Econet']/
section[@title='SWI Calls']/
swi-definition[@name='Econet_CreateReceive']/
use[3]/
p[2]/
reference[2].
Link for 'OS_Module 6' has undefined destination at
]]></error>
  </testcase>
  <testcase file='src/networking/legacy/econet.xml' name='unnamed case 232'>
<error message='error' type='error'><![CDATA[/
riscos-prm/
chapter[@title='Econet']/
section[@title='SWI Calls']/
swi-definition[@name='Econet_StartTransmit']/
use[3]/
p[2]/
reference.
Link for 'OS_Module 7' has undefined destination at
]]></error>
  </testcase>
  <testcase file='src/networking/legacy/econet.xml' name='unnamed case 233'>
<error message='error' type='error'><![CDATA[/
riscos-prm/
chapter[@title='Econet']/
section[@title='SWI Calls']/
swi-definition[@name='Econet_StartTransmit']/
use[3]/
p[2]/
reference[2].
Link for 'OS_Module 6' has undefined destination at
]]></error>
  </testcase>
  <testcase file='src/networking/legacy/econet.xml' name='unnamed case 234'>
<error message='error' type='error'><![CDATA[/
riscos-prm/
chapter[@title='Econet']/
section[@title='SWI Calls']/
swi-definition[@name='Econet_StartImmediate']/
use[3]/
p[2]/
reference.
Link for 'OS_Module 7' has undefined destination at
]]></error>
  </testcase>
  <testcase file='src/networking/legacy/econet.xml' name='unnamed case 235'>
<error message='error' type='error'><![CDATA[/
riscos-prm/
chapter[@title='Econet']/
section[@title='SWI Calls']/
swi-definition[@name='Econet_StartImmediate']/
use[3]/
p[2]/
reference[2].
Link for '*Help' has undefined destination at
]]></error>
  </testcase>
  <testcase file='src/networking/legacy/econet.xml' name='unnamed case 236'>
<error message='error' type='error'><![CDATA[/
riscos-prm/
chapter[@title='Econet']/
section[@title='* Commands']/
p/
reference.
]]></error>
  </testcase>
  <testcase file='src/networking/legacy/broadcastloader.xml' name='unnamed case 237'>
    <error message='error' type='error' />
  </testcase>
  <testcase file='src/networking/legacy/bbceconet.xml' name='unnamed case 238'>
    <error message='error' type='error' />
  </testcase>
  <testcase file='src/networking/legacy/netstatus.xml' name='unnamed case 239'>
    <error message='error' type='error' />
  </testcase>
  <testcase classname='unknown' file='src/desktop/wimp/windows.xml' name='unnamed case 240'>
<error message='error' type='unknown'><![CDATA[SWI]]></error>
  </testcase>
  <testcase classname='unknown' file='src/desktop/wimp/windows.xml' name='unnamed case 241'>
<error message='error' type='unknown'><![CDATA[/
riscos-prm/
chapter[@title='The Window Manager - Window handling']/
section[@title='Technical Details']/
subsection[@title='Layout of windows']/
subsubsection[@title='Coordinate system']/
p[3]/
reference[@name='Wimp_SetExtent'].
SWI
]]></error>
  </testcase>
  <testcase classname='unknown' file='src/desktop/wimp/windows.xml' name='unnamed case 242'>
<error message='error' type='unknown'><![CDATA[/
riscos-prm/
chapter[@title='The Window Manager - Window handling']/
section[@title='Technical Details']/
subsection[@title='Layout of windows']/
subsubsection[@title='Window flags']/
p[3]/
reference[@name='Wimp_CreateIcon'].
SWI
]]></error>
  </testcase>
  <testcase classname='unknown' file='src/desktop/wimp/windows.xml' name='unnamed case 243'>
<error message='error' type='unknown'><![CDATA[/
riscos-prm/
chapter[@title='The Window Manager - Window handling']/
section[@title='Technical Details']/
subsection[@title='Redrawing windows']/
p[8]/
reference[@name='Wimp_BlockCopy'].
SWI
]]></error>
  </testcase>
  <testcase classname='unknown' file='src/desktop/wimp/windows.xml' name='unnamed case 244'>
<error message='error' type='unknown'><![CDATA[/
riscos-prm/
chapter[@title='The Window Manager - Window handling']/
section[@title='Technical Details']/
subsection[@title='Using the WindowManager API: Window Blocks']/
subsubsection[@title='Window blocks']/
category[@title='Title bar flags']/
p/
reference[@name='Wimp_CreateIcon'].
Command
]]></error>
  </testcase>
  <testcase classname='unknown' file='src/desktop/wimp/windows.xml' name='unnamed case 245'>
<error message='error' type='unknown'><![CDATA[/
riscos-prm/
chapter[@title='The Window Manager - Window handling']/
section[@title='SWI calls']/
swi-definition[@name='Wimp_CreateWindow']/
use[3]/
p[2]/
offset-table/
offset[8]/
bitfield-table/
bit[7]/
reference[@name='Configure WimpFlags'].
SWI
]]></error>
  </testcase>
  <testcase classname='unknown' file='src/desktop/wimp/windows.xml' name='unnamed case 246'>
<error message='error' type='unknown'><![CDATA[/
riscos-prm/
chapter[@title='The Window Manager - Window handling']/
section[@title='SWI calls']/
swi-definition[@name='Wimp_CreateWindow']/
use[3]/
p[2]/
offset-table/
offset[8]/
bitfield-table/
bit[13]/
reference[@name='Wimp_ProcessKey'].
SWI
]]></error>
  </testcase>
  <testcase classname='unknown' file='src/desktop/wimp/windows.xml' name='unnamed case 247'>
<error message='error' type='unknown'><![CDATA[/
riscos-prm/
chapter[@title='The Window Manager - Window handling']/
section[@title='SWI calls']/
swi-definition[@name='Wimp_CreateWindow']/
use[3]/
p[2]/
offset-table/
offset[8]/
bitfield-table/
bit[22]/
p/
list[2]/
item[4]/
reference[@name='Wimp_SetExtent'].
SWI
]]></error>
  </testcase>
  <testcase classname='unknown' file='src/desktop/wimp/windows.xml' name='unnamed case 248'>
<error message='error' type='unknown'><![CDATA[/
riscos-prm/
chapter[@title='The Window Manager - Window handling']/
section[@title='SWI calls']/
swi-definition[@name='Wimp_CreateWindow']/
use[3]/
p[2]/
offset-table/
offset[8]/
bitfield-table/
bit[22]/
p[4]/
reference[@name='Wimp_CreateMenu'].
SWI
]]></error>
  </testcase>
  <testcase classname='unknown' file='src/desktop/wimp/windows.xml' name='unnamed case 249'>
<error message='error' type='unknown'><![CDATA[/
riscos-prm/
chapter[@title='The Window Manager - Window handling']/
section[@title='SWI calls']/
swi-definition[@name='Wimp_CreateWindow']/
use[3]/
p[2]/
offset-table/
offset[8]/
bitfield-table/
bit[22]/
p[4]/
reference[@name='Wimp_CreateSubMenu'].
SWI
]]></error>
  </testcase>
  <testcase classname='unknown' file='src/desktop/wimp/windows.xml' name='unnamed case 250'>
<error message='error' type='unknown'><![CDATA[/
riscos-prm/
chapter[@title='The Window Manager - Window handling']/
section[@title='SWI calls']/
swi-definition[@name='Wimp_CreateWindow']/
use[3]/
p[2]/
offset-table/
offset[28]/
reference[@name='Wimp_CreateIcon'].
SWI
]]></error>
  </testcase>
  <testcase classname='unknown' file='src/desktop/wimp/windows.xml' name='unnamed case 251'>
<error message='error' type='unknown'><![CDATA[/
riscos-prm/
chapter[@title='The Window Manager - Window handling']/
section[@title='SWI calls']/
swi-definition[@name='Wimp_CreateWindow']/
use[3]/
p[6]/
reference[@name='Wimp_CreateIcon'].
SWI
]]></error>
  </testcase>
  <testcase classname='unknown' file='src/desktop/wimp/windows.xml' name='unnamed case 252'>
<error message='error' type='unknown'><![CDATA[/
riscos-prm/
chapter[@title='The Window Manager - Window handling']/
section[@title='SWI calls']/
swi-definition[@name='Wimp_CreateWindow']/
use[3]/
p[8]/
reference[@name='Wimp_CreateIcon'].
Error
]]></error>
  </testcase>
  <testcase classname='unknown' file='src/desktop/wimp/windows.xml' name='unnamed case 253'>
<error message='error' type='unknown'><![CDATA[/
riscos-prm/
chapter[@title='The Window Manager - Window handling']/
section[@title='SWI calls']/
swi-definition[@name='Wimp_CreateWindow']/
use[3]/
p[12]/
reference[@name='Bad work area extent'].
SWI
]]></error>
  </testcase>
  <testcase classname='unknown' file='src/desktop/wimp/windows.xml' name='unnamed case 254'>
<error message='error' type='unknown'><![CDATA[/
riscos-prm/
chapter[@title='The Window Manager - Window handling']/
section[@title='SWI calls']/
swi-definition[@name='Wimp_RedrawWindow']/
use[3]/
p[3]/
reference[@name='Wimp_Poll'].
SWI
]]></error>
  </testcase>
  <testcase classname='unknown' file='src/desktop/wimp/windows.xml' name='unnamed case 255'>
<error message='error' type='unknown'><![CDATA[/
riscos-prm/
chapter[@title='The Window Manager - Window handling']/
section[@title='SWI calls']/
swi-definition[@name='Wimp_RedrawWindow']/
use[3]/
p[4]/
reference[@name='Wimp_Poll'].
SWI
]]></error>
  </testcase>
  <testcase classname='unknown' file='src/desktop/wimp/windows.xml' name='unnamed case 256'>
<error message='error' type='unknown'><![CDATA[/
riscos-prm/
chapter[@title='The Window Manager - Window handling']/
section[@title='SWI calls']/
swi-definition[@name='Wimp_RedrawWindow']/
use[3]/
p[4]/
reference[@name='Wimp_Poll'].
SWI
]]></error>
  </testcase>
  <testcase classname='unknown' file='src/desktop/wimp/windows.xml' name='unnamed case 257'>
<error message='error' type='unknown'><![CDATA[/
riscos-prm/
chapter[@title='The Window Manager - Window handling']/
section[@title='SWI calls']/
swi-definition[@name='Wimp_RedrawWindow']/
use[3]/
p[4]/
reference[@name='Wimp_Poll'].
SWI
]]></error>
  </testcase>
  <testcase classname='unknown' file='src/desktop/wimp/windows.xml' name='unnamed case 258'>
<error message='error' type='unknown'><![CDATA[/
riscos-prm/
chapter[@title='The Window Manager - Window handling']/
section[@title='SWI calls']/
swi-definition[@name='Wimp_RedrawWindow']/
use[3]/
p[4]/
reference[@name='Wimp_Poll'].
SWI
]]></error>
  </testcase>
  <testcase classname='unknown' file='src/desktop/wimp/windows.xml' name='unnamed case 259'>
<error message='error' type='unknown'><![CDATA[/
riscos-prm/
chapter[@title='The Window Manager - Window handling']/
section[@title='SWI calls']/
swi-definition[@name='Wimp_GetRectangle']/
use[3]/
p[4]/
reference[@name='Wimp_Poll'].
SWI
]]></error>
  </testcase>
  <testcase classname='unknown' file='src/desktop/wimp/windows.xml' name='unnamed case 260'>
<error message='error' type='unknown'><![CDATA[/
riscos-prm/
chapter[@title='The Window Manager - Window handling']/
section[@title='SWI calls']/
swi-definition[@name='Wimp_GetWindowInfo']/
use[3]/
p/
reference[@name='Wimp_CreateIcon'].
SWI
]]></error>
  </testcase>
  <testcase file='src/desktop/wimp/windows.xml' name='unnamed case 261'>
<error message='error' type='error'><![CDATA[/
riscos-prm/
chapter[@title='The Window Manager - Window handling']/
section[@title='SWI calls']/
swi-definition[@name='Wimp_GetWindowInfo']/
use[3]/
p[5]/
offset-table/
offset[2]/
reference[@name='Wimp_CreateIcon'].
]]></error>
  </testcase>
  <testcase classname='unknown' file='src/desktop/wimp/reason-codes.xml' name='unnamed case 262'>
<error message='error' type='unknown'><![CDATA[src/desktop/wimp/reason-codes.xml:303:]]></error>
  </testcase>
  <testcase classname='unknown' file='src/desktop/wimp/reason-codes.xml' name='unnamed case 263'>
    <error message='error' type='unknown' />
  </testcase>
  <testcase classname='unknown' file='src/desktop/wimp/reason-codes.xml' name='unnamed case 264'>
    <error message='error' type='unknown' />
  </testcase>
  <testcase classname='unknown' file='src/desktop/wimp/reason-codes.xml' name='unnamed case 265'>
<error message='error' type='unknown'><![CDATA[src/desktop/wimp/reason-codes.xml:305:]]></error>
  </testcase>
  <testcase classname='unknown' file='src/desktop/wimp/reason-codes.xml' name='unnamed case 266'>
    <error message='error' type='unknown' />
  </testcase>
  <testcase classname='unknown' file='src/desktop/wimp/reason-codes.xml' name='unnamed case 267'>
    <error message='error' type='unknown' />
  </testcase>
  <testcase classname='unknown' file='src/desktop/wimp/reason-codes.xml' name='unnamed case 268'>
<error message='error' type='unknown'><![CDATA[src/desktop/wimp/reason-codes.xml:306:]]></error>
  </testcase>
  <testcase classname='unknown' file='src/desktop/wimp/reason-codes.xml' name='unnamed case 269'>
    <error message='error' type='unknown' />
  </testcase>
  <testcase classname='unknown' file='src/desktop/wimp/reason-codes.xml' name='unnamed case 270'>
    <error message='error' type='unknown' />
  </testcase>
  <testcase classname='unknown' file='src/desktop/wimp/reason-codes.xml' name='unnamed case 271'>
<error message='error' type='unknown'><![CDATA[src/desktop/wimp/reason-codes.xml:307:]]></error>
  </testcase>
  <testcase classname='unknown' file='src/desktop/wimp/reason-codes.xml' name='unnamed case 272'>
    <error message='error' type='unknown' />
  </testcase>
  <testcase classname='unknown' file='src/desktop/wimp/reason-codes.xml' name='unnamed case 273'>
    <error message='error' type='unknown' />
  </testcase>
  <testcase classname='unknown' file='src/desktop/wimp/reason-codes.xml' name='unnamed case 274'>
<error message='error' type='unknown'><![CDATA[src/desktop/wimp/reason-codes.xml:308:]]></error>
  </testcase>
  <testcase classname='unknown' file='src/desktop/wimp/reason-codes.xml' name='unnamed case 275'>
    <error message='error' type='unknown' />
  </testcase>
  <testcase classname='unknown' file='src/desktop/wimp/reason-codes.xml' name='unnamed case 276'>
    <error message='error' type='unknown' />
  </testcase>
  <testcase classname='unknown' file='src/desktop/wimp/reason-codes.xml' name='unnamed case 277'>
<error message='error' type='unknown'><![CDATA[src/desktop/wimp/reason-codes.xml:308:]]></error>
  </testcase>
  <testcase classname='unknown' file='src/desktop/wimp/reason-codes.xml' name='unnamed case 278'>
    <error message='error' type='unknown' />
  </testcase>
  <testcase classname='unknown' file='src/desktop/wimp/reason-codes.xml' name='unnamed case 279'>
    <error message='error' type='unknown' />
  </testcase>
  <testcase classname='unknown' file='src/desktop/wimp/reason-codes.xml' name='unnamed case 280'>
<error message='error' type='unknown'><![CDATA[src/desktop/wimp/reason-codes.xml:309:]]></error>
  </testcase>
  <testcase classname='unknown' file='src/desktop/wimp/reason-codes.xml' name='unnamed case 281'>
    <error message='error' type='unknown' />
  </testcase>
  <testcase classname='unknown' file='src/desktop/wimp/reason-codes.xml' name='unnamed case 282'>
    <error message='error' type='unknown' />
  </testcase>
  <testcase classname='unknown' file='src/desktop/wimp/reason-codes.xml' name='unnamed case 283'>
<error message='error' type='unknown'><![CDATA[src/desktop/wimp/reason-codes.xml:309:]]></error>
  </testcase>
  <testcase classname='unknown' file='src/desktop/wimp/reason-codes.xml' name='unnamed case 284'>
    <error message='error' type='unknown' />
  </testcase>
  <testcase classname='unknown' file='src/desktop/wimp/reason-codes.xml' name='unnamed case 285'>
    <error message='error' type='unknown' />
  </testcase>
  <testcase classname='unknown' file='src/desktop/wimp/reason-codes.xml' name='unnamed case 286'>
<error message='error' type='unknown'><![CDATA[src/desktop/wimp/reason-codes.xml:310:]]></error>
  </testcase>
  <testcase classname='unknown' file='src/desktop/wimp/reason-codes.xml' name='unnamed case 287'>
    <error message='error' type='unknown' />
  </testcase>
  <testcase classname='unknown' file='src/desktop/wimp/reason-codes.xml' name='unnamed case 288'>
    <error message='error' type='unknown' />
  </testcase>
  <testcase classname='unknown' file='src/desktop/wimp/reason-codes.xml' name='unnamed case 289'>
<error message='error' type='unknown'><![CDATA[src/desktop/wimp/reason-codes.xml:311:]]></error>
  </testcase>
  <testcase classname='unknown' file='src/desktop/wimp/reason-codes.xml' name='unnamed case 290'>
    <error message='error' type='unknown' />
  </testcase>
  <testcase classname='unknown' file='src/desktop/wimp/reason-codes.xml' name='unnamed case 291'>
    <error message='error' type='unknown' />
  </testcase>
  <testcase classname='unknown' file='src/desktop/wimp/reason-codes.xml' name='unnamed case 292'>
<error message='error' type='unknown'><![CDATA[src/desktop/wimp/reason-codes.xml:311:]]></error>
  </testcase>
  <testcase classname='unknown' file='src/desktop/wimp/reason-codes.xml' name='unnamed case 293'>
    <error message='error' type='unknown' />
  </testcase>
  <testcase classname='unknown' file='src/desktop/wimp/reason-codes.xml' name='unnamed case 294'>
    <error message='error' type='unknown' />
  </testcase>
  <testcase classname='unknown' file='src/desktop/wimp/reason-codes.xml' name='unnamed case 295'>
<error message='error' type='unknown'><![CDATA[src/desktop/wimp/reason-codes.xml:312:]]></error>
  </testcase>
  <testcase classname='unknown' file='src/desktop/wimp/reason-codes.xml' name='unnamed case 296'>
    <error message='error' type='unknown' />
  </testcase>
  <testcase classname='unknown' file='src/desktop/wimp/reason-codes.xml' name='unnamed case 297'>
    <error message='error' type='unknown' />
  </testcase>
  <testcase classname='unknown' file='src/desktop/wimp/reason-codes.xml' name='unnamed case 298'>
<error message='error' type='unknown'><![CDATA[src/desktop/wimp/reason-codes.xml:312:]]></error>
  </testcase>
  <testcase classname='unknown' file='src/desktop/wimp/reason-codes.xml' name='unnamed case 299'>
    <error message='error' type='unknown' />
  </testcase>
  <testcase classname='unknown' file='src/desktop/wimp/reason-codes.xml' name='unnamed case 300'>
    <error message='error' type='unknown' />
  </testcase>
  <testcase file='src/desktop/wimp/reason-codes.xml' name='unnamed case 301'>
<error message='error' type='error'><![CDATA[Link for 'Wimp_SendMessage' has undefined destination at]]></error>
  </testcase>
  <testcase file='src/desktop/wimp/reason-codes.xml' name='unnamed case 302'>
<error message='error' type='error'><![CDATA[/
riscos-prm/
chapter[@title='Wimp event reason codes']/
section[@title='Introduction']/
subsection[@title='User messages']/
p/
reference[@name='Wimp_SendMessage'].
Link for 'Messages' has undefined destination at
]]></error>
  </testcase>
  <testcase file='src/desktop/wimp/reason-codes.xml' name='unnamed case 303'>
<error message='error' type='error'><![CDATA[/
riscos-prm/
chapter[@title='Wimp event reason codes']/
section[@title='Introduction']/
subsection[@title='User messages']/
p/
reference[@name='Messages'].
Link for 'Wimp_SendMessage' has undefined destination at
]]></error>
  </testcase>
  <testcase file='src/desktop/wimp/reason-codes.xml' name='unnamed case 304'>
<error message='error' type='error'><![CDATA[/
riscos-prm/
chapter[@title='Wimp event reason codes']/
section[@title='Introduction']/
subsection[@title='User messages']/
p[3]/
reference[@name='Wimp_SendMessage'].
Link for 'Wimp_RedrawWindow' has undefined destination at
]]></error>
  </testcase>
  <testcase file='src/desktop/wimp/reason-codes.xml' name='unnamed case 305'>
<error message='error' type='error'><![CDATA[/
riscos-prm/
chapter[@title='Wimp event reason codes']/
section[@title='Technical details']/
subsection[@title='Redraw_Window_Request (1)']/
p[3]/
reference[@name='Wimp_RedrawWindow'].
Link for 'Wimp_GetRectangle' has undefined destination at
]]></error>
  </testcase>
  <testcase file='src/desktop/wimp/reason-codes.xml' name='unnamed case 306'>
<error message='error' type='error'><![CDATA[/
riscos-prm/
chapter[@title='Wimp event reason codes']/
section[@title='Technical details']/
subsection[@title='Redraw_Window_Request (1)']/
p[3]/
reference[@name='Wimp_GetRectangle'].
Link for 'Wimp_GetWindowState' has undefined destination at
]]></error>
  </testcase>
  <testcase file='src/desktop/wimp/reason-codes.xml' name='unnamed case 307'>
<error message='error' type='error'><![CDATA[/
riscos-prm/
chapter[@title='Wimp event reason codes']/
section[@title='Technical details']/
subsection[@title='Open_Window_Request (2)']/
p[4]/
reference[@name='Wimp_GetWindowState'].
Link for 'Wimp_CreateWindow' has undefined destination at
]]></error>
  </testcase>
  <testcase file='src/desktop/wimp/reason-codes.xml' name='unnamed case 308'>
<error message='error' type='error'><![CDATA[/
riscos-prm/
chapter[@title='Wimp event reason codes']/
section[@title='Technical details']/
subsection[@title='Open_Window_Request (2)']/
p[4]/
reference[@name='Wimp_CreateWindow'].
Link for 'Wimp_OpenWindow' has undefined destination at
]]></error>
  </testcase>
  <testcase file='src/desktop/wimp/reason-codes.xml' name='unnamed case 309'>
<error message='error' type='error'><![CDATA[/
riscos-prm/
chapter[@title='Wimp event reason codes']/
section[@title='Technical details']/
subsection[@title='Open_Window_Request (2)']/
p[5]/
reference[@name='Wimp_OpenWindow'].
Link for 'Wimp_CloseWindow' has undefined destination at
]]></error>
  </testcase>
  <testcase classname='unknown' file='src/desktop/wimp/reason-codes.xml' name='unnamed case 310'>
<error message='error' type='unknown'><![CDATA[/
riscos-prm/
chapter[@title='Wimp event reason codes']/
section[@title='Technical details']/
subsection[@title='Close_Window_Request (3)']/
p[4]/
reference[@name='Wimp_CloseWindow'].
Reference
]]></error>
  </testcase>
  <testcase file='src/desktop/wimp/reason-codes.xml' name='unnamed case 311'>
<error message='error' type='error'><![CDATA[/
riscos-prm/
chapter[@title='Wimp event reason codes']/
section[@title='Technical details']/
subsection[@title='Mouse_Click (6)']/
p[7]/
reference.
Link for 'Wimp_GetPointerInfo' has undefined destination at
]]></error>
  </testcase>
  <testcase file='src/desktop/wimp/reason-codes.xml' name='unnamed case 312'>
<error message='error' type='error'><![CDATA[/
riscos-prm/
chapter[@title='Wimp event reason codes']/
section[@title='Technical details']/
subsection[@title='User_Drag_Box (7)']/
p[5]/
reference[@name='Wimp_GetPointerInfo'].
Link for 'Wimp_UpdateWindow' has undefined destination at
]]></error>
  </testcase>
  <testcase file='src/desktop/wimp/reason-codes.xml' name='unnamed case 313'>
<error message='error' type='error'><![CDATA[/
riscos-prm/
chapter[@title='Wimp event reason codes']/
section[@title='Technical details']/
subsection[@title='User_Drag_Box (7)']/
p[5]/
reference[@name='Wimp_UpdateWindow'].
Link for 'Wimp_ProcessKey' has undefined destination at
]]></error>
  </testcase>
  <testcase file='src/desktop/wimp/reason-codes.xml' name='unnamed case 314'>
<error message='error' type='error'><![CDATA[/
riscos-prm/
chapter[@title='Wimp event reason codes']/
section[@title='Technical details']/
subsection[@title='Key_Pressed (8)']/
p[3]/
reference[@name='Wimp_ProcessKey'].
Link for 'Wimp_CreateMenu' has undefined destination at
]]></error>
  </testcase>
  <testcase file='src/desktop/wimp/reason-codes.xml' name='unnamed case 315'>
<error message='error' type='error'><![CDATA[/
riscos-prm/
chapter[@title='Wimp event reason codes']/
section[@title='Technical details']/
subsection[@title='Menu_Selection (9)']/
p[5]/
reference[@name='Wimp_CreateMenu'].
Link for 'Wimp_GetPointerInfo' has undefined destination at
]]></error>
  </testcase>
  <testcase file='src/desktop/wimp/reason-codes.xml' name='unnamed case 316'>
<error message='error' type='error'><![CDATA[/
riscos-prm/
chapter[@title='Wimp event reason codes']/
section[@title='Technical details']/
subsection[@title='Menu_Selection (9)']/
p[7]/
reference[@name='Wimp_GetPointerInfo'].
Link for 'Wimp_OpenWindow' has undefined destination at
]]></error>
  </testcase>
  <testcase file='src/desktop/wimp/reason-codes.xml' name='unnamed case 317'>
<error message='error' type='error'><![CDATA[/
riscos-prm/
chapter[@title='Wimp event reason codes']/
section[@title='Technical details']/
subsection[@title='Scroll_Request (10)']/
p[5]/
reference[@name='Wimp_OpenWindow'].
Link for 'Wimp_SetCaretPosition' has undefined destination at
]]></error>
  </testcase>
  <testcase file='src/desktop/wimp/reason-codes.xml' name='unnamed case 318'>
<error message='error' type='error'><![CDATA[/
riscos-prm/
chapter[@title='Wimp event reason codes']/
section[@title='Technical details']/
subsection[@title='Lose_Caret (11)']/
p/
reference[@name='Wimp_SetCaretPosition'].
]]></error>
  </testcase>
  <testcase file='src/desktop/wimp/validation-strings.xml' name='unnamed case 319'>
<error message='error' type='error'><![CDATA[Link for 'Wimp_SetFontColours' has undefined destination at]]></error>
  </testcase>
  <testcase file='src/desktop/wimp/validation-strings.xml' name='unnamed case 320'>
<error message='error' type='error'><![CDATA[/
riscos-prm/
chapter[@title='Validation Strings']/
section[@title='Technical details']/
subsection[@title='F command']/
p[3]/
reference[@name='Wimp_SetFontColours'].
Link for 'Key_Pressed 8' has undefined destination at
]]></error>
  </testcase>
  <testcase file='src/desktop/wimp/validation-strings.xml' name='unnamed case 321'>
<error message='error' type='error'><![CDATA[/
riscos-prm/
chapter[@title='Validation Strings']/
section[@title='Technical details']/
subsection[@title='K command']/
p[2]/
value-table/
value[4]/
p/
reference.
Link for 'ColourMap module' has undefined destination at
]]></error>
  </testcase>
  <testcase file='src/desktop/wimp/validation-strings.xml' name='unnamed case 322'>
<error message='error' type='error'><![CDATA[/
riscos-prm/
chapter[@title='Validation Strings']/
section[@title='Technical details']/
subsection[@title='T command']/
p/
reference[@name='ColourMap module'].
]]></error>
  </testcase>
  <testcase file='src/desktop/pinboard.xml' name='unnamed case 323'>
<error message='error' type='error'><![CDATA[Link for 'Message_TaskQuit' has undefined destination at]]></error>
  </testcase>
  <testcase file='src/desktop/pinboard.xml' name='unnamed case 324'>
<error message='error' type='error'><![CDATA[/
riscos-prm/
chapter[@title='Pinboard']/
section[@title='Technical Details']/
subsection[@title='The Iconise protocol']/
subsubsection[@title='When a task exits']/
p/
reference[@name='TaskQuit'].
]]></error>
  </testcase>
  <testcase file='src/desktop/dragasprite.xml' name='unnamed case 325'>
<error message='error' type='error'><![CDATA[Link for 'Non-volatile memory (CMOS RAM)' has undefined destination at]]></error>
  </testcase>
  <testcase file='src/desktop/dragasprite.xml' name='unnamed case 326'>
<error message='error' type='error'><![CDATA[/
riscos-prm/
chapter[@title='Drag A Sprite']/
section[@title='Introduction']/
p/
reference[@name='Non-volatile memory (CMOS RAM)'].
Link for 'Wimp_Poll' has undefined destination at
]]></error>
  </testcase>
  <testcase file='src/desktop/dragasprite.xml' name='unnamed case 327'>
<error message='error' type='error'><![CDATA[/
riscos-prm/
chapter[@title='Drag A Sprite']/
section[@title='SWI calls']/
swi-definition[@name='DragASprite_Stop']/
use[3]/
p/
reference[@name='Wimp_Poll'].
]]></error>
  </testcase>
  <testcase file='src/desktop/colourpicker.xml' name='unnamed case 328'>
<error message='error' type='error'><![CDATA[Link for 'Message_MenusDeleted' has undefined destination at]]></error>
  </testcase>
  <testcase file='src/desktop/colourpicker.xml' name='unnamed case 329'>
<error message='error' type='error'><![CDATA[/
riscos-prm/
chapter[@title='The colour picker']/
section[@title='Technical details']/
subsection[@title='Dialogue types']/
subsubsection[@title='Transient dialogues']/
p/
reference[@name='MenusDeleted'].
Link for 'Wimp_SendMessage' has undefined destination at
]]></error>
  </testcase>
  <testcase file='src/desktop/colourpicker.xml' name='unnamed case 330'>
<error message='error' type='error'><![CDATA[/
riscos-prm/
chapter[@title='The colour picker']/
section[@title='Technical details']/
subsection[@title='Colour picker messages']/
p/
reference[@name='Wimp_SendMessage'].
Link for 'Messages' has undefined destination at
]]></error>
  </testcase>
  <testcase file='src/desktop/colourpicker.xml' name='unnamed case 331'>
<error message='error' type='error'><![CDATA[/
riscos-prm/
chapter[@title='The colour picker']/
section[@title='Technical details']/
subsection[@title='Colour picker messages']/
p/
reference[@name='Messages'].
Link for 'Message_HelpRequest' has undefined destination at
]]></error>
  </testcase>
  <testcase file='src/desktop/colourpicker.xml' name='unnamed case 332'>
<error message='error' type='error'><![CDATA[/
riscos-prm/
chapter[@title='The colour picker']/
section[@title='SWI calls']/
swi-definition[@name='ColourPicker_OpenDialogue']/
use[3]/
category[@title='The ColourPicker block']/
p[3]/
reference[@name='HelpRequest'].
Link for 'Message_HelpReply' has undefined destination at
]]></error>
  </testcase>
  <testcase file='src/desktop/colourpicker.xml' name='unnamed case 333'>
<error message='error' type='error'><![CDATA[/
riscos-prm/
chapter[@title='The colour picker']/
section[@title='SWI calls']/
swi-definition[@name='ColourPicker_OpenDialogue']/
use[3]/
category[@title='The ColourPicker block']/
p[3]/
reference[@name='HelpReply'].
Link for 'Message_HelpRequest' has undefined destination at
]]></error>
  </testcase>
  <testcase file='src/desktop/colourpicker.xml' name='unnamed case 334'>
<error message='error' type='error'><![CDATA[/
riscos-prm/
chapter[@title='The colour picker']/
section[@title='SWI calls']/
swi-definition[@name='ColourPicker_HelpReply']/
entry/
register-use[2]/
reference[@name='HelpRequest'].
Link for 'Wimp_Poll' has undefined destination at
]]></error>
  </testcase>
  <testcase file='src/desktop/colourpicker.xml' name='unnamed case 335'>
<error message='error' type='error'><![CDATA[/
riscos-prm/
chapter[@title='The colour picker']/
section[@title='SWI calls']/
swi-definition[@name='ColourPicker_HelpReply']/
entry/
register-use[2]/
reference[@name='Wimp_Poll'].
]]></error>
  </testcase>
  <testcase file='src/desktop/filtermanager.xml' name='unnamed case 336'>
    <error message='error' type='error' />
  </testcase>
  <testcase file='src/desktop/taskmanager.xml' name='unnamed case 337'>
<error message='error' type='error'><![CDATA[Link for 'Message_PreQuit' has undefined destination at]]></error>
  </testcase>
  <testcase file='src/desktop/taskmanager.xml' name='unnamed case 338'>
<error message='error' type='error'><![CDATA[/
riscos-prm/
chapter[@title='The TaskManager module']/
section[@title='SWI calls']/
swi-definition[@name='TaskManager_Shutdown']/
entry/
register-use/
bitfield-table/
bit[2]/
reference[@name='PreQuit'].
Link for 'Message_Shutdown' has undefined destination at
]]></error>
  </testcase>
  <testcase file='src/desktop/taskmanager.xml' name='unnamed case 339'>
<error message='error' type='error'><![CDATA[/
riscos-prm/
chapter[@title='The TaskManager module']/
section[@title='SWI calls']/
swi-definition[@name='TaskManager_Shutdown']/
entry/
register-use/
bitfield-table/
bit[4]/
reference[@name='Shutdown'].
]]></error>
  </testcase>
  <testcase file='src/desktop/taskwindow.xml' name='unnamed case 340'>
<error message='error' type='error'><![CDATA[Link for 'Wimp_ReadSysInfo 3' has undefined destination at]]></error>
  </testcase>
  <testcase file='src/desktop/taskwindow.xml' name='unnamed case 341'>
<error message='error' type='error'><![CDATA[/
riscos-prm/
chapter[@title='TaskWindow']/
section[@title='SWI calls']/
swi-definition[@name='TaskWindow_TaskInfo']/
related[4]/
reference[@name='Wimp_ReadSysInfo'].
Link for '*WimpTask' has undefined destination at
]]></error>
  </testcase>
  <testcase file='src/desktop/taskwindow.xml' name='unnamed case 342'>
<error message='error' type='error'><![CDATA[/
riscos-prm/
chapter[@title='TaskWindow']/
section[@title='* Commands']/
command-definition[@name='TaskWindow']/
use[10]/
p[3]/
reference[@name='WimpTask'].
Link for 'Wimp_StartTask' has undefined destination at
]]></error>
  </testcase>
  <testcase classname='unknown' file='src/desktop/taskwindow.xml' name='unnamed case 343'>
<error message='error' type='unknown'><![CDATA[/
riscos-prm/
chapter[@title='TaskWindow']/
section[@title='* Commands']/
command-definition[@name='TaskWindow']/
use[10]/
p[3]/
reference[@name='Wimp_StartTask'].
Reference
]]></error>
  </testcase>
  <testcase file='src/desktop/taskwindow.xml' name='unnamed case 344'>
<error message='error' type='error'><![CDATA[/
riscos-prm/
chapter[@title='TaskWindow']/
section[@title='Wimp Messages']/
message-definition[@name='TaskWindow_Input']/
use[2]/
p[4]/
reference[@name='RAM transfer'].
]]></error>
  </testcase>
  <testcase file='src/desktop/shellcli.xml' name='unnamed case 345'>
<error message='error' type='error'><![CDATA[Link for 'OS_CLI' has undefined destination at]]></error>
  </testcase>
  <testcase file='src/desktop/shellcli.xml' name='unnamed case 346'>
<error message='error' type='error'><![CDATA[/
riscos-prm/
chapter[@title='ShellCLI']/
section[@title='*Commands']/
command-definition[@name='ShellCLI']/
use/
p/
reference[@name='OS_CLI'].
Link for '*WimpTask' has undefined destination at
]]></error>
  </testcase>
  <testcase file='src/desktop/shellcli.xml' name='unnamed case 347'>
<error message='error' type='error'><![CDATA[/
riscos-prm/
chapter[@title='ShellCLI']/
section[@title='*Commands']/
command-definition[@name='ShellCLI']/
use/
p[2]/
reference[@name='WimpTask'].
Link for 'Wimp_StartTask' has undefined destination at
]]></error>
  </testcase>
  <testcase file='src/desktop/shellcli.xml' name='unnamed case 348'>
<error message='error' type='error'><![CDATA[/
riscos-prm/
chapter[@title='ShellCLI']/
section[@title='*Commands']/
command-definition[@name='ShellCLI']/
use/
p[2]/
reference[@name='Wimp_StartTask'].
]]></error>
  </testcase>
  <testcase classname='unknown' file='src/desktop/filer.xml' name='unnamed case 349'>
<error message='error' type='unknown'><![CDATA[Message]]></error>
  </testcase>
  <testcase classname='unknown' file='src/desktop/filer.xml' name='unnamed case 350'>
<error message='error' type='unknown'><![CDATA[/
riscos-prm/
chapter[@title='The Filer and filing system filers']/
section[@title='Technical details']/
subsection[@title='Saving to the iconbar']/
subsubsection[@title='Iconbar save protocol']/
p/
reference[@name='DataSave'].
Message
]]></error>
  </testcase>
  <testcase classname='unknown' file='src/desktop/filer.xml' name='unnamed case 351'>
<error message='error' type='unknown'><![CDATA[/
riscos-prm/
chapter[@title='The Filer and filing system filers']/
section[@title='Technical details']/
subsection[@title='Saving to the iconbar']/
subsubsection[@title='Iconbar save protocol']/
p/
reference[@name='DataSaveAck'].
Message
]]></error>
  </testcase>
  <testcase classname='unknown' file='src/desktop/filer.xml' name='unnamed case 352'>
<error message='error' type='unknown'><![CDATA[/
riscos-prm/
chapter[@title='The Filer and filing system filers']/
section[@title='Technical details']/
subsection[@title='Saving to the iconbar']/
subsubsection[@title='Iconbar save protocol']/
p/
reference[@name='DataLoad'].
Message
]]></error>
  </testcase>
  <testcase classname='unknown' file='src/desktop/filer.xml' name='unnamed case 353'>
<error message='error' type='unknown'><![CDATA[/
riscos-prm/
chapter[@title='The Filer and filing system filers']/
section[@title='Technical details']/
subsection[@title='Saving to the iconbar']/
subsubsection[@title='Iconbar copy protocol']/
p/
reference[@name='DataLoad'].
Service
]]></error>
  </testcase>
  <testcase classname='unknown' file='src/desktop/filer.xml' name='unnamed case 354'>
<error message='error' type='unknown'><![CDATA[/
riscos-prm/
chapter[@title='The Filer and filing system filers']/
section[@title='Service Calls']/
service-definition[@name='StartFiler']/
use[3]/
p/
reference[@name='StartWimp'].
Service
]]></error>
  </testcase>
  <testcase classname='unknown' file='src/desktop/filer.xml' name='unnamed case 355'>
<error message='error' type='unknown'><![CDATA[/
riscos-prm/
chapter[@title='The Filer and filing system filers']/
section[@title='Service Calls']/
service-definition[@name='StartFiler']/
use[3]/
p/
reference[@name='Wimp_StartTask'].
Service
]]></error>
  </testcase>
  <testcase classname='unknown' file='src/desktop/filer.xml' name='unnamed case 356'>
<error message='error' type='unknown'><![CDATA[/
riscos-prm/
chapter[@title='The Filer and filing system filers']/
section[@title='Service Calls']/
service-definition[@name='StartFiler']/
use[3]/
p[2]/
reference[@name='StartWimp'].
Service
]]></error>
  </testcase>
  <testcase file='src/desktop/filer.xml' name='unnamed case 357'>
<error message='error' type='error'><![CDATA[/
riscos-prm/
chapter[@title='The Filer and filing system filers']/
section[@title='Service Calls']/
service-definition[@name='StartFiler']/
use[3]/
p[3]/
reference[@name='Wimp_StartTask'].
Link for 'Service_PostReset' has undefined destination at
]]></error>
  </testcase>
  <testcase file='src/desktop/filer.xml' name='unnamed case 358'>
<error message='error' type='error'><![CDATA[/
riscos-prm/
chapter[@title='The Filer and filing system filers']/
section[@title='Service Calls']/
service-definition[@name='Reset']/
use[3]/
p[4]/
reference[@name='PostReset'].
Link for 'Service_PostReset' has undefined destination at
]]></error>
  </testcase>
  <testcase classname='unknown' file='src/desktop/filer.xml' name='unnamed case 359'>
<error message='error' type='unknown'><![CDATA[/
riscos-prm/
chapter[@title='The Filer and filing system filers']/
section[@title='Service Calls']/
service-definition[@name='Reset']/
related[4]/
reference[@name='PostReset'].
SWI
]]></error>
  </testcase>
  <testcase classname='unknown' file='src/desktop/filer.xml' name='unnamed case 360'>
<error message='error' type='unknown'><![CDATA[/
riscos-prm/
chapter[@title='The Filer and filing system filers']/
section[@title='Service Calls']/
service-definition[@name='FilerDying']/
related[4]/
reference[@name='StartFiler'].
SWI
]]></error>
  </testcase>
  <testcase file='src/desktop/filer.xml' name='unnamed case 361'>
<error message='error' type='error'><![CDATA[/
riscos-prm/
chapter[@title='The Filer and filing system filers']/
section[@title='Service Calls']/
service-definition[@name='FilerDying']/
related[4]/
reference[@name='StartedFiler'].
Link for 'Wimp_ReportError' has undefined destination at
]]></error>
  </testcase>
  <testcase classname='unknown' file='src/desktop/filer.xml' name='unnamed case 362'>
<error message='error' type='unknown'><![CDATA[/
riscos-prm/
chapter[@title='The Filer and filing system filers']/
section[@title='Wimp Messages']/
message-definition[@name='FilerOpenDir']/
use[2]/
p[2]/
reference[@name='Wimp_ReportError'].
Message
]]></error>
  </testcase>
  <testcase file='src/desktop/filer.xml' name='unnamed case 363'>
<error message='error' type='error'><![CDATA[/
riscos-prm/
chapter[@title='The Filer and filing system filers']/
section[@title='Wimp Messages']/
message-definition[@name='FilerSelection']/
use[2]/
p/
reference[@name='DataLoad'].
]]></error>
  </testcase>
  <testcase file='src/desktop/fileraction.xml' name='unnamed case 364'>
<error message='error' type='error'><![CDATA[Link for 'Wimp_StartTask' has undefined destination at]]></error>
  </testcase>
  <testcase file='src/desktop/fileraction.xml' name='unnamed case 365'>
<error message='error' type='error'><![CDATA[/
riscos-prm/
chapter[@title='FilerAction']/
section[@title='Technical Details']/
subsection[@title='Using FilerAction']/
p[2]/
list/
item/
p/
reference[@name='Wimp_StartTask'].
Link for 'Alias$@RunType_filetype' has undefined destination at
]]></error>
  </testcase>
  <testcase file='src/desktop/fileraction.xml' name='unnamed case 366'>
<error message='error' type='error'><![CDATA[/
riscos-prm/
chapter[@title='FilerAction']/
section[@title='System Variables']/
sysvar-definition[@name='Alias$@FilerAction_operation']/
use/
p/
reference[@name='Alias$@RunType_filetype'].
Link for 'Wimp_StartTask' has undefined destination at
]]></error>
  </testcase>
  <testcase file='src/desktop/fileraction.xml' name='unnamed case 367'>
<error message='error' type='error'><![CDATA[/
riscos-prm/
chapter[@title='FilerAction']/
section[@title='*Commands']/
command-definition[@name='Filer_Action']/
use[2]/
p[2]/
reference[@name='Wimp_StartTask'].
Link for 'Wimp_StartTask' has undefined destination at
]]></error>
  </testcase>
  <testcase file='src/desktop/fileraction.xml' name='unnamed case 368'>
<error message='error' type='error'><![CDATA[/
riscos-prm/
chapter[@title='FilerAction']/
section[@title='*Commands']/
command-definition[@name='Filer_Action']/
related[4]/
reference[@name='Wimp_StartTask'].
]]></error>
  </testcase>
  <testcase classname='unknown' file='src/desktop/clipboard.xml' name='unnamed case 369'>
<error message='error' type='unknown'><![CDATA[Message]]></error>
  </testcase>
  <testcase file='src/desktop/clipboard.xml' name='unnamed case 370'>
<error message='error' type='error'><![CDATA[/
riscos-prm/
chapter[@title='Clipboard Holder']/
section[@title='Wimp Messages']/
message-definition[@name='ReleaseEntity']/
related[3]/
reference[@name='ClaimEntity'].
]]></error>
  </testcase>
  <testcase file='src/desktop/free.xml' name='unnamed case 371'>
<error message='error' type='error'><![CDATA[Link for 'OS_EnterOS' has undefined destination at]]></error>
  </testcase>
  <testcase file='src/desktop/free.xml' name='unnamed case 372'>
<error message='error' type='error'><![CDATA[/
riscos-prm/
chapter[@title='Free']/
section[@title='Technical Details']/
p[5]/
list/
item[2]/
p/
reference[@name='OS_EnterOS'].
Link for 'OS_FSControl 49' has undefined destination at
]]></error>
  </testcase>
  <testcase file='src/desktop/free.xml' name='unnamed case 373'>
<error message='error' type='error'><![CDATA[/
riscos-prm/
chapter[@title='Free']/
section[@title='Technical Details']/
p[5]/
list/
item[3]/
p/
reference[@name='OS_FSControl'].
Link for 'ADFSFiler' has undefined destination at
]]></error>
  </testcase>
  <testcase file='src/desktop/free.xml' name='unnamed case 374'>
<error message='error' type='error'><![CDATA[/
riscos-prm/
chapter[@title='Free']/
section[@title='* Commands']/
command-definition[@name='ShowFree']/
use[5]/
p/
reference.
]]></error>
  </testcase>
  <testcase file='src/desktop/messages/alerter.xml' name='unnamed case 375'>
    <error message='error' type='error' />
  </testcase>
  <testcase file='src/desktop/messages/netfiler.xml' name='unnamed case 376'>
    <error message='error' type='error' />
  </testcase>
  <testcase file='src/desktop/toolbox/colourmenu.xml' name='unnamed case 377'>
    <error message='error' type='error' />
  </testcase>
  <testcase file='src/desktop/toolbox/fileinfo.xml' name='unnamed case 378'>
    <error message='error' type='error' />
  </testcase>
  <testcase file='src/desktop/toolbox/colourdbox.xml' name='unnamed case 379'>
    <error message='error' type='error' />
  </testcase>
  <testcase file='src/desktop/toolbox/dcs.xml' name='unnamed case 380'>
    <error message='error' type='error' />
  </testcase>
  <testcase file='src/desktop/toolbox/fontdbox.xml' name='unnamed case 381'>
    <error message='error' type='error' />
  </testcase>
  <testcase file='src/desktop/toolbox/fontmenu.xml' name='unnamed case 382'>
    <error message='error' type='error' />
  </testcase>
  <testcase file='src/desktop/toolbox/iconbar.xml' name='unnamed case 383'>
    <error message='error' type='error' />
  </testcase>
  <testcase file='src/desktop/toolbox/menu.xml' name='unnamed case 384'>
    <error message='error' type='error' />
  </testcase>
  <testcase file='src/desktop/toolbox/print.xml' name='unnamed case 385'>
    <error message='error' type='error' />
  </testcase>
  <testcase file='src/desktop/toolbox/proginfo.xml' name='unnamed case 386'>
    <error message='error' type='error' />
  </testcase>
  <testcase file='src/desktop/toolbox/quit.xml' name='unnamed case 387'>
    <error message='error' type='error' />
  </testcase>
  <testcase file='src/desktop/toolbox/saveas.xml' name='unnamed case 388'>
    <error message='error' type='error' />
  </testcase>
  <testcase file='src/desktop/toolbox/scale.xml' name='unnamed case 389'>
    <error message='error' type='error' />
  </testcase>
  <testcase file='src/desktop/toolbox/window.xml' name='unnamed case 390'>
<error message='error' type='error'><![CDATA[Link for 'Attached objects' has undefined destination at]]></error>
  </testcase>
  <testcase file='src/desktop/toolbox/window.xml' name='unnamed case 391'>
<error message='error' type='error'><![CDATA[/
riscos-prm/
chapter[@title='Window class']/
section[@title='Technical details']/
subsection[@title='Manipulating a Window object']/
subsubsection[@title='Creating and deleting a Window object']/
p[2]/
reference.
Link for 'Implementing hotspots' has undefined destination at
]]></error>
  </testcase>
  <testcase file='src/desktop/toolbox/window.xml' name='unnamed case 392'>
<error message='error' type='error'><![CDATA[/
riscos-prm/
chapter[@title='Window class']/
section[@title='SWI calls']/
swi-definition[@name='Window_ExtractGadgetInfo']/
use[3]/
p[3]/
reference.
Link for 'Resource File Formats' has undefined destination at
]]></error>
  </testcase>
  <testcase file='src/desktop/toolbox/window.xml' name='unnamed case 393'>
<error message='error' type='error'><![CDATA[/
riscos-prm/
chapter[@title='Window class']/
section[@title='Window templates']/
p[2]/
reference.
]]></error>
  </testcase>
  <testcase file='src/desktop/toolbox/toolbar.xml' name='unnamed case 394'>
    <error message='error' type='error' />
  </testcase>
  <testcase file='src/desktop/toolbox/gadgets/gadgets.xml' name='unnamed case 395'>
    <error message='error' type='error' />
  </testcase>
  <testcase file='src/desktop/toolbox/gadgets/actionbutton.xml' name='unnamed case 396'>
    <error message='error' type='error' />
  </testcase>
  <testcase file='src/desktop/toolbox/gadgets/adjusterarrow.xml' name='unnamed case 397'>
    <error message='error' type='error' />
  </testcase>
  <testcase file='src/desktop/toolbox/gadgets/button.xml' name='unnamed case 398'>
    <error message='error' type='error' />
  </testcase>
  <testcase file='src/desktop/toolbox/gadgets/colourswatch.xml' name='unnamed case 399'>
    <error message='error' type='error' />
  </testcase>
  <testcase file='src/desktop/toolbox/gadgets/display.xml' name='unnamed case 400'>
    <error message='error' type='error' />
  </testcase>
  <testcase file='src/desktop/toolbox/gadgets/draggable.xml' name='unnamed case 401'>
    <error message='error' type='error' />
  </testcase>
  <testcase file='src/desktop/toolbox/gadgets/label.xml' name='unnamed case 402'>
    <error message='error' type='error' />
  </testcase>
  <testcase file='src/desktop/toolbox/gadgets/labelledbox.xml' name='unnamed case 403'>
    <error message='error' type='error' />
  </testcase>
  <testcase file='src/desktop/toolbox/gadgets/numberrange.xml' name='unnamed case 404'>
    <error message='error' type='error' />
  </testcase>
  <testcase file='src/desktop/toolbox/gadgets/optionbutton.xml' name='unnamed case 405'>
    <error message='error' type='error' />
  </testcase>
  <testcase file='src/desktop/toolbox/gadgets/popup.xml' name='unnamed case 406'>
    <error message='error' type='error' />
  </testcase>
  <testcase file='src/desktop/toolbox/gadgets/radiobutton.xml' name='unnamed case 407'>
    <error message='error' type='error' />
  </testcase>
  <testcase file='src/desktop/toolbox/gadgets/slider.xml' name='unnamed case 408'>
    <error message='error' type='error' />
  </testcase>
  <testcase file='src/desktop/toolbox/gadgets/stringset.xml' name='unnamed case 409'>
    <error message='error' type='error' />
  </testcase>
  <testcase file='src/desktop/toolbox/gadgets/textarea.xml' name='unnamed case 410'>
    <error message='error' type='error' />
  </testcase>
  <testcase file='src/desktop/toolbox/gadgets/writable.xml' name='unnamed case 411'>
    <error message='error' type='error' />
  </testcase>
  <testcase classname='unknown' file='src/graphics/intro.xml' name='unnamed case 412'>
<error message='error' type='unknown'><![CDATA[Reference]]></error>
  </testcase>
  <testcase file='src/graphics/intro.xml' name='unnamed case 413'>
<error message='error' type='error'><![CDATA[/
riscos-prm/
chapter[@title='The Graphics System']/
section[@title='Introduction and Overview']/
subsection[@title='Components of the Graphics system']/
category[@title='FontManager']/
p/
reference[@name='Font Manager'].
Link for 'Font Manager' has undefined destination at
]]></error>
  </testcase>
  <testcase classname='unknown' file='src/graphics/intro.xml' name='unnamed case 414'>
<error message='error' type='unknown'><![CDATA[/
riscos-prm/
chapter[@title='The Graphics System']/
section[@title='Introduction and Overview']/
subsection[@title='Components of the Graphics system']/
category[@title='FontManager']/
p/
reference[@name='Font Manager'].
SWI
]]></error>
  </testcase>
  <testcase classname='unknown' file='src/graphics/intro.xml' name='unnamed case 415'>
<error message='error' type='unknown'><![CDATA[/
riscos-prm/
chapter[@title='The Graphics System']/
section[@title='Technical Details']/
subsection[@title='Changes to the graphics system']/
subsubsection[@title='CMYK Sprites']/
category[@title='Kernel']/
p/
reference[@name='OS_ReadModeVariable'].
SWI
]]></error>
  </testcase>
  <testcase file='src/graphics/intro.xml' name='unnamed case 416'>
<error message='error' type='error'><![CDATA[/
riscos-prm/
chapter[@title='The Graphics System']/
section[@title='Technical Details']/
subsection[@title='Changes to the graphics system']/
subsubsection[@title='CMYK Sprites']/
category[@title='Kernel']/
p/
reference[@name='OS_ReadVduVariables'].
]]></error>
  </testcase>
  <testcase file='src/graphics/palettevector.xml' name='unnamed case 417'>
<error message='error' type='error'><![CDATA[Link for 'VDU 19' has undefined destination at]]></error>
  </testcase>
  <testcase file='src/graphics/palettevector.xml' name='unnamed case 418'>
<error message='error' type='error'><![CDATA[/
riscos-prm/
chapter[@title='Palette vector']/
section[@title='Software vectors']/
vector-definition[@name='PaletteV']/
use[3]/
p[2]/
list/
item/
p/
reference[@name='VDU 19'].
Link for 'OS_Word 12' has undefined destination at
]]></error>
  </testcase>
  <testcase file='src/graphics/palettevector.xml' name='unnamed case 419'>
<error message='error' type='error'><![CDATA[/
riscos-prm/
chapter[@title='Palette vector']/
section[@title='Software vectors']/
vector-definition[@name='PaletteV']/
use[3]/
p[2]/
list/
item[2]/
p/
reference[@name='OS_Word 12'].
Link for 'OS_ReadPalette' has undefined destination at
]]></error>
  </testcase>
  <testcase file='src/graphics/palettevector.xml' name='unnamed case 420'>
<error message='error' type='error'><![CDATA[/
riscos-prm/
chapter[@title='Palette vector']/
section[@title='Software vectors']/
vector-definition[@name='PaletteV']/
use[3]/
p[2]/
list/
item[3]/
p/
reference[@name='OS_ReadPalette'].
]]></error>
  </testcase>
  <testcase file='src/graphics/colourtrans.xml' name='unnamed case 421'>
<error message='error' type='error'><![CDATA[Link for 'Printing a document from an application' has undefined destination at]]></error>
  </testcase>
  <testcase file='src/graphics/colourtrans.xml' name='unnamed case 422'>
<error message='error' type='error'><![CDATA[/
riscos-prm/
chapter[@title='ColourTrans']/
section[@title='Introduction']/
p[6]/
reference[@name='Printing a document from an application'].
Link for 'Wimp_SetColour' has undefined destination at
]]></error>
  </testcase>
  <testcase file='src/graphics/colourtrans.xml' name='unnamed case 423'>
<error message='error' type='error'><![CDATA[/
riscos-prm/
chapter[@title='ColourTrans']/
section[@title='Technical Details']/
subsection[@title='Setting a colour']/
p/
reference[@name='Wimp_SetColour'].
Link for 'Pixel translation table' has undefined destination at
]]></error>
  </testcase>
  <testcase file='src/graphics/colourtrans.xml' name='unnamed case 424'>
<error message='error' type='error'><![CDATA[/
riscos-prm/
chapter[@title='ColourTrans']/
section[@title='Technical Details']/
subsection[@title='Sprites and Fonts']/
p/
reference[@name='Pixel translation table'].
Link for 'Pixel translation table' has undefined destination at
]]></error>
  </testcase>
  <testcase file='src/graphics/colourtrans.xml' name='unnamed case 425'>
<error message='error' type='error'><![CDATA[/
riscos-prm/
chapter[@title='ColourTrans']/
section[@title='SWI Calls']/
swi-definition[@name='ColourTrans_SelectTable']/
entry/
register-use[6]/
bitfield-table/
bit[4]/
value-table/
value/
reference[@name='Pixel translation table'].
Link for 'Pixel translation table' has undefined destination at
]]></error>
  </testcase>
  <testcase file='src/graphics/colourtrans.xml' name='unnamed case 426'>
<error message='error' type='error'><![CDATA[/
riscos-prm/
chapter[@title='ColourTrans']/
section[@title='SWI Calls']/
swi-definition[@name='ColourTrans_SelectTable']/
use[3]/
p/
reference[@name='Pixel translation table'].
Link for 'PaletteV' has undefined destination at
]]></error>
  </testcase>
  <testcase file='src/graphics/colourtrans.xml' name='unnamed case 427'>
<error message='error' type='error'><![CDATA[/
riscos-prm/
chapter[@title='ColourTrans']/
section[@title='SWI Calls']/
swi-definition[@name='ColourTrans_ReadPalette']/
related[4]/
reference[@name='PaletteV'].
Link for 'PaletteV' has undefined destination at
]]></error>
  </testcase>
  <testcase file='src/graphics/colourtrans.xml' name='unnamed case 428'>
<error message='error' type='error'><![CDATA[/
riscos-prm/
chapter[@title='ColourTrans']/
section[@title='SWI Calls']/
swi-definition[@name='ColourTrans_WritePalette']/
related[4]/
reference[@name='PaletteV'].
Link for 'Pixel translation table' has undefined destination at
]]></error>
  </testcase>
  <testcase file='src/graphics/colourtrans.xml' name='unnamed case 429'>
<error message='error' type='error'><![CDATA[/
riscos-prm/
chapter[@title='ColourTrans']/
section[@title='SWI Calls']/
swi-definition[@name='ColourTrans_GenerateTable']/
entry/
register-use[6]/
bitfield-table[2]/
bit[4]/
value-table/
value/
reference[@name='Pixel translation table'].
]]></error>
  </testcase>
  <testcase file='src/graphics/supersample.xml' name='unnamed case 430'>
    <error message='error' type='error' />
  </testcase>
  <testcase classname='unknown' file='src/graphics/draw.xml' name='unnamed case 431'>
<error message='error' type='unknown'><![CDATA[Image]]></error>
  </testcase>
  <testcase classname='unknown' file='src/graphics/draw.xml' name='unnamed case 432'>
<error message='error' type='unknown'><![CDATA[Image]]></error>
  </testcase>
  <testcase classname='unknown' file='src/graphics/draw.xml' name='unnamed case 433'>
<error message='error' type='unknown'><![CDATA[Image]]></error>
  </testcase>
  <testcase classname='unknown' file='src/graphics/draw.xml' name='unnamed case 434'>
<error message='error' type='unknown'><![CDATA[Image]]></error>
  </testcase>
  <testcase classname='unknown' file='src/graphics/draw.xml' name='unnamed case 435'>
<error message='error' type='unknown'><![CDATA[Image]]></error>
  </testcase>
  <testcase classname='unknown' file='src/graphics/draw.xml' name='unnamed case 436'>
<error message='error' type='unknown'><![CDATA[Image]]></error>
  </testcase>
  <testcase classname='unknown' file='src/graphics/draw.xml' name='unnamed case 437'>
<error message='error' type='unknown'><![CDATA[Image]]></error>
  </testcase>
  <testcase classname='unknown' file='src/graphics/draw.xml' name='unnamed case 438'>
<error message='error' type='unknown'><![CDATA[Image]]></error>
  </testcase>
  <testcase classname='unknown' file='src/graphics/draw.xml' name='unnamed case 439'>
<error message='error' type='unknown'><![CDATA[Image]]></error>
  </testcase>
  <testcase classname='unknown' file='src/graphics/draw.xml' name='unnamed case 440'>
<error message='error' type='unknown'><![CDATA[Reference]]></error>
  </testcase>
  <testcase file='src/graphics/draw.xml' name='unnamed case 441'>
<error message='error' type='error'><![CDATA[/
riscos-prm/
chapter[@title='Draw module']/
section[@title='Technical Details']/
subsection[@title='Printer drivers']/
p/
reference[@name='Printer Drivers'].
Link for 'Printer Drivers' has undefined destination at
]]></error>
  </testcase>
  <testcase file='src/graphics/draw.xml' name='unnamed case 442'>
<error message='error' type='error'><![CDATA[/
riscos-prm/
chapter[@title='Draw module']/
section[@title='Technical Details']/
subsection[@title='Printer drivers']/
p/
reference[@name='Printer Drivers'].
Link for 'DrawV' has undefined destination at
]]></error>
  </testcase>
  <testcase file='src/graphics/draw.xml' name='unnamed case 443'>
<error message='error' type='error'><![CDATA[/
riscos-prm/
chapter[@title='Draw module']/
section[@title='SWI Calls']/
swi-definition[@name='Draw_ProcessPath']/
related[4]/
reference[@name='DrawV'].
Link for 'DrawV' has undefined destination at
]]></error>
  </testcase>
  <testcase file='src/graphics/draw.xml' name='unnamed case 444'>
<error message='error' type='error'><![CDATA[/
riscos-prm/
chapter[@title='Draw module']/
section[@title='SWI Calls']/
swi-definition[@name='Draw_Fill']/
related[4]/
reference[@name='DrawV'].
Link for 'DrawV' has undefined destination at
]]></error>
  </testcase>
  <testcase file='src/graphics/draw.xml' name='unnamed case 445'>
<error message='error' type='error'><![CDATA[/
riscos-prm/
chapter[@title='Draw module']/
section[@title='SWI Calls']/
swi-definition[@name='Draw_Stroke']/
related[4]/
reference[@name='DrawV'].
Link for 'DrawV' has undefined destination at
]]></error>
  </testcase>
  <testcase file='src/graphics/draw.xml' name='unnamed case 446'>
<error message='error' type='error'><![CDATA[/
riscos-prm/
chapter[@title='Draw module']/
section[@title='SWI Calls']/
swi-definition[@name='Draw_StrokePath']/
related[4]/
reference[@name='DrawV'].
Link for 'DrawV' has undefined destination at
]]></error>
  </testcase>
  <testcase file='src/graphics/draw.xml' name='unnamed case 447'>
<error message='error' type='error'><![CDATA[/
riscos-prm/
chapter[@title='Draw module']/
section[@title='SWI Calls']/
swi-definition[@name='Draw_FlattenPath']/
related[4]/
reference[@name='DrawV'].
Link for 'DrawV' has undefined destination at
]]></error>
  </testcase>
  <testcase file='src/graphics/draw.xml' name='unnamed case 448'>
<error message='error' type='error'><![CDATA[/
riscos-prm/
chapter[@title='Draw module']/
section[@title='SWI Calls']/
swi-definition[@name='Draw_TransformPath']/
related[4]/
reference[@name='DrawV'].
]]></error>
  </testcase>
  <testcase classname='unknown' file='src/graphics/drawfile.xml' name='unnamed case 449'>
<error message='error' type='unknown'><![CDATA[SWI]]></error>
  </testcase>
  <testcase file='src/graphics/drawfile.xml' name='unnamed case 450'>
<error message='error' type='error'><![CDATA[/
riscos-prm/
chapter[@title='Draw file renderer']/
section[@title='Technical Details']/
subsection[@title='Differences between DrawFile output and !Draw output']/
category[@title='Sprite colours']/
p/
reference[@name='Wimp_ReadPalette'].
Link for 'colour mapping' has undefined destination at
]]></error>
  </testcase>
  <testcase file='src/graphics/drawfile.xml' name='unnamed case 451'>
<error message='error' type='error'><![CDATA[/
riscos-prm/
chapter[@title='Draw file renderer']/
section[@title='Technical Details']/
subsection[@title='Differences between DrawFile output and !Draw output']/
category[@title='Colourmapping functions']/
p/
reference[@name='colour mapping'].
Link for 'Draw Objects' has undefined destination at
]]></error>
  </testcase>
  <testcase file='src/graphics/drawfile.xml' name='unnamed case 452'>
<error message='error' type='error'><![CDATA[/
riscos-prm/
chapter[@title='Draw file renderer']/
section[@title='Service calls']/
service-definition[@name='DrawObjectRender']/
entry/
register-use[3]/
offset-table/
offset/
reference.
Link for 'JPEG Objects' has undefined destination at
]]></error>
  </testcase>
  <testcase file='src/graphics/drawfile.xml' name='unnamed case 453'>
<error message='error' type='error'><![CDATA[/
riscos-prm/
chapter[@title='Draw file renderer']/
section[@title='Service calls']/
service-definition[@name='DrawObjectRender']/
entry/
register-use[3]/
offset-table/
offset/
reference[2].
Link for 'Draw Objects' has undefined destination at
]]></error>
  </testcase>
  <testcase file='src/graphics/drawfile.xml' name='unnamed case 454'>
<error message='error' type='error'><![CDATA[/
riscos-prm/
chapter[@title='Draw file renderer']/
section[@title='Service calls']/
service-definition[@name='DrawObjectDeclareFonts']/
entry/
register-use[3]/
offset-table/
offset/
reference.
Link for 'JPEG Objects' has undefined destination at
]]></error>
  </testcase>
  <testcase file='src/graphics/drawfile.xml' name='unnamed case 455'>
<error message='error' type='error'><![CDATA[/
riscos-prm/
chapter[@title='Draw file renderer']/
section[@title='Service calls']/
service-definition[@name='DrawObjectDeclareFonts']/
entry/
register-use[3]/
offset-table/
offset/
reference[2].
Link for 'Transformation matrix' has undefined destination at
]]></error>
  </testcase>
  <testcase file='src/graphics/drawfile.xml' name='unnamed case 456'>
<error message='error' type='error'><![CDATA[/
riscos-prm/
chapter[@title='Draw file renderer']/
section[@title='SWI calls']/
swi-definition[@name='DrawFile_Render']/
use[3]/
p/
reference.
Link for 'Wimp_RedrawWindow' has undefined destination at
]]></error>
  </testcase>
  <testcase file='src/graphics/drawfile.xml' name='unnamed case 457'>
<error message='error' type='error'><![CDATA[/
riscos-prm/
chapter[@title='Draw file renderer']/
section[@title='SWI calls']/
swi-definition[@name='DrawFile_Render']/
use[3]/
p[10]/
reference[@name='Wimp_RedrawWindow'].
Link for 'Wimp_ReportError' has undefined destination at
]]></error>
  </testcase>
  <testcase file='src/graphics/drawfile.xml' name='unnamed case 458'>
<error message='error' type='error'><![CDATA[/
riscos-prm/
chapter[@title='Draw file renderer']/
section[@title='SWI calls']/
swi-definition[@name='DrawFile_Render']/
use[3]/
p[10]/
reference[@name='Wimp_ReportError'].
Link for 'PDriver_DrawPage' has undefined destination at
]]></error>
  </testcase>
  <testcase file='src/graphics/drawfile.xml' name='unnamed case 459'>
<error message='error' type='error'><![CDATA[/
riscos-prm/
chapter[@title='Draw file renderer']/
section[@title='SWI calls']/
swi-definition[@name='DrawFile_Render']/
use[3]/
p[10]/
reference[@name='PDriver_DrawPage'].
Link for 'PDriver_DeclareFont' has undefined destination at
]]></error>
  </testcase>
  <testcase file='src/graphics/drawfile.xml' name='unnamed case 460'>
<error message='error' type='error'><![CDATA[/
riscos-prm/
chapter[@title='Draw file renderer']/
section[@title='SWI calls']/
swi-definition[@name='DrawFile_DeclareFonts']/
entry/
register-use/
bitfield-table[2]/
bit/
reference[@name='PDriver_DeclareFont'].
Link for 'PDriver_DeclareFont' has undefined destination at
]]></error>
  </testcase>
  <testcase file='src/graphics/drawfile.xml' name='unnamed case 461'>
<error message='error' type='error'><![CDATA[/
riscos-prm/
chapter[@title='Draw file renderer']/
section[@title='SWI calls']/
swi-definition[@name='DrawFile_DeclareFonts']/
use[3]/
p/
reference[@name='PDriver_DeclareFont'].
Link for 'PDriver_DeclareFont' has undefined destination at
]]></error>
  </testcase>
  <testcase file='src/graphics/drawfile.xml' name='unnamed case 462'>
<error message='error' type='error'><![CDATA[/
riscos-prm/
chapter[@title='Draw file renderer']/
section[@title='SWI calls']/
swi-definition[@name='DrawFile_DeclareFonts']/
use[3]/
p/
reference[@name='PDriver_DeclareFont'].
Link for 'Declare the fonts your document uses' has undefined destination at
]]></error>
  </testcase>
  <testcase file='src/graphics/drawfile.xml' name='unnamed case 463'>
<error message='error' type='error'><![CDATA[/
riscos-prm/
chapter[@title='Draw file renderer']/
section[@title='SWI calls']/
swi-definition[@name='DrawFile_DeclareFonts']/
use[3]/
p/
reference[3].
Link for 'PDriver_DeclareFont' has undefined destination at
]]></error>
  </testcase>
  <testcase file='src/graphics/drawfile.xml' name='unnamed case 464'>
<error message='error' type='error'><![CDATA[/
riscos-prm/
chapter[@title='Draw file renderer']/
section[@title='SWI calls']/
swi-definition[@name='DrawFile_DeclareFonts']/
use[3]/
p/
reference[@name='PDriver_DeclareFont'].
]]></error>
  </testcase>
  <testcase file='src/graphics/screenblanker.xml' name='unnamed case 465'>
<error message='error' type='error'><![CDATA[Link for 'WrchV' has undefined destination at]]></error>
  </testcase>
  <testcase file='src/graphics/screenblanker.xml' name='unnamed case 466'>
<error message='error' type='error'><![CDATA[/
riscos-prm/
chapter[@title='ScreenBlank']/
section[@title='* Commands']/
command-definition[@name='BlankTime']/
related[7]/
reference[@name='WrchV'].
]]></error>
  </testcase>
  <testcase file='src/graphics/jpeg.xml' name='unnamed case 467'>
<error message='error' type='error'><![CDATA[Link for 'Scale factors' has undefined destination at]]></error>
  </testcase>
  <testcase file='src/graphics/jpeg.xml' name='unnamed case 468'>
<error message='error' type='error'><![CDATA[/
riscos-prm/
chapter[@title='JPEG images']/
section[@title='SWI Calls']/
swi-definition[@name='JPEG_PlotScaled']/
entry/
register-use[4]/
reference.
Link for 'OS_SpriteOp 52' has undefined destination at
]]></error>
  </testcase>
  <testcase file='src/graphics/jpeg.xml' name='unnamed case 469'>
<error message='error' type='error'><![CDATA[/
riscos-prm/
chapter[@title='JPEG images']/
section[@title='SWI Calls']/
swi-definition[@name='JPEG_PlotScaled']/
use[3]/
p[2]/
reference.
Link for 'Scale factors' has undefined destination at
]]></error>
  </testcase>
  <testcase file='src/graphics/jpeg.xml' name='unnamed case 470'>
<error message='error' type='error'><![CDATA[/
riscos-prm/
chapter[@title='JPEG images']/
section[@title='SWI Calls']/
swi-definition[@name='JPEG_PlotFileScaled']/
entry/
register-use[4]/
reference.
Link for 'OS_SpriteOp 52' has undefined destination at
]]></error>
  </testcase>
  <testcase file='src/graphics/jpeg.xml' name='unnamed case 471'>
<error message='error' type='error'><![CDATA[/
riscos-prm/
chapter[@title='JPEG images']/
section[@title='SWI Calls']/
swi-definition[@name='JPEG_PlotFileScaled']/
use[3]/
p[2]/
reference.
Link for 'OS_SpriteOp 56' has undefined destination at
]]></error>
  </testcase>
  <testcase file='src/graphics/jpeg.xml' name='unnamed case 472'>
<error message='error' type='error'><![CDATA[/
riscos-prm/
chapter[@title='JPEG images']/
section[@title='SWI Calls']/
swi-definition[@name='JPEG_PlotTransformed']/
use[3]/
p[2]/
reference.
Link for 'OS_SpriteOp 56' has undefined destination at
]]></error>
  </testcase>
  <testcase file='src/graphics/jpeg.xml' name='unnamed case 473'>
<error message='error' type='error'><![CDATA[/
riscos-prm/
chapter[@title='JPEG images']/
section[@title='SWI Calls']/
swi-definition[@name='JPEG_PlotFileTransformed']/
use[3]/
p[2]/
reference.
Link for 'PDriver_JPEGSWI' has undefined destination at
]]></error>
  </testcase>
  <testcase file='src/graphics/jpeg.xml' name='unnamed case 474'>
<error message='error' type='error'><![CDATA[/
riscos-prm/
chapter[@title='JPEG images']/
section[@title='SWI Calls']/
swi-definition[@name='JPEG_PDriverIntercept']/
use[3]/
p/
reference.
]]></error>
  </testcase>
  <testcase file='src/graphics/compressjpeg.xml' name='unnamed case 475'>
    <error message='error' type='error' />
  </testcase>
  <testcase file='src/graphics/hourglass.xml' name='unnamed case 476'>
    <error message='error' type='error' />
  </testcase>
  <testcase file='src/graphics/imagefilerender.xml' name='unnamed case 477'>
<error message='error' type='error'><![CDATA[Link for 'PDriver_DeclareFont' has undefined destination at]]></error>
  </testcase>
  <testcase file='src/graphics/imagefilerender.xml' name='unnamed case 478'>
<error message='error' type='error'><![CDATA[/
riscos-prm/
chapter[@title='The Image File Renderer']/
section[@title='Entry Points']/
entry-definition[@name='IFR_DeclareFonts']/
use[3]/
p/
reference[@name='PDriver_DeclareFont'].
]]></error>
  </testcase>
  <testcase file='src/graphics/drawchart.xml' name='unnamed case 479'>
    <error message='error' type='error' />
  </testcase>
  <testcase file='src/graphics/blendtable.xml' name='unnamed case 480'>
    <error message='error' type='error' />
  </testcase>
  <testcase file='src/printing/makepsfont.xml' name='unnamed case 481'>
<error message='error' type='error'><![CDATA[Link for 'Extending the printing system' has undefined destination at]]></error>
  </testcase>
  <testcase file='src/printing/makepsfont.xml' name='unnamed case 482'>
<error message='error' type='error'><![CDATA[/
riscos-prm/
chapter[@title='MakePSFont']/
section[@title='Introduction']/
p/
reference[@name='Extending the printing system'].
]]></error>
  </testcase>
  <testcase file='src/hardware/portable.xml' name='unnamed case 483'>
    <error message='error' type='error' />
  </testcase>
  <testcase file='src/hardware/parallel.xml' name='unnamed case 484'>
<error message='error' type='error'><![CDATA[Link for 'OS_ClaimDeviceVector' has undefined destination at]]></error>
  </testcase>
  <testcase file='src/hardware/parallel.xml' name='unnamed case 485'>
<error message='error' type='error'><![CDATA[/
riscos-prm/
chapter[@title='Parallel device']/
section[@title='SWI calls']/
swi-definition[@name='OS_ParallelOp']/
related[4]/
reference[@name='OS_ClaimDeviceVector'].
Link for 'OS_ReleaseDeviceVector' has undefined destination at
]]></error>
  </testcase>
  <testcase file='src/hardware/parallel.xml' name='unnamed case 486'>
<error message='error' type='error'><![CDATA[/
riscos-prm/
chapter[@title='Parallel device']/
section[@title='SWI calls']/
swi-definition[@name='OS_ParallelOp']/
related[4]/
reference[@name='OS_ReleaseDeviceVector'].
]]></error>
  </testcase>
  <testcase classname='unknown' file='src/hardware/joystick.xml' name='unnamed case 487'>
<error message='error' type='unknown'><![CDATA[Reason]]></error>
  </testcase>
  <testcase classname='unknown' file='src/hardware/joystick.xml' name='unnamed case 488'>
<error message='error' type='unknown'><![CDATA[/
riscos-prm/
chapter[@title='Joystick module']/
section[@title='SWI calls']/
swi-definition[@name='OS_Byte'].
Reason
]]></error>
  </testcase>
  <testcase classname='unknown' file='src/hardware/joystick.xml' name='unnamed case 489'>
<error message='error' type='unknown'><![CDATA[/
riscos-prm/
chapter[@title='Joystick module']/
section[@title='SWI calls']/
swi-definition[@name='OS_Byte'].
Reason
]]></error>
  </testcase>
  <testcase classname='unknown' file='src/hardware/joystick.xml' name='unnamed case 490'>
<error message='error' type='unknown'><![CDATA[/
riscos-prm/
chapter[@title='Joystick module']/
section[@title='SWI calls']/
swi-definition[@name='OS_Byte'].
Reason
]]></error>
  </testcase>
  <testcase classname='unknown' file='src/hardware/joystick.xml' name='unnamed case 491'>
<error message='error' type='unknown'><![CDATA[/
riscos-prm/
chapter[@title='Joystick module']/
section[@title='SWI calls']/
swi-definition[@name='OS_Byte'].
Reason
]]></error>
  </testcase>
  <testcase classname='unknown' file='src/hardware/joystick.xml' name='unnamed case 492'>
<error message='error' type='unknown'><![CDATA[/
riscos-prm/
chapter[@title='Joystick module']/
section[@title='SWI calls']/
swi-definition[@name='OS_Byte'].
Reason
]]></error>
  </testcase>
  <testcase file='src/hardware/joystick.xml' name='unnamed case 493'>
<error message='error' type='error'><![CDATA[/
riscos-prm/
chapter[@title='Joystick module']/
section[@title='SWI calls']/
swi-definition[@name='OS_Byte'].
Link for 'OS_Byte' has undefined destination at
]]></error>
  </testcase>
  <testcase file='src/hardware/joystick.xml' name='unnamed case 494'>
<error message='error' type='error'><![CDATA[/
riscos-prm/
chapter[@title='Joystick module']/
section[@title='Technical details']/
subsection[@title='Acorn I/O expansion card compatibility']/
subsubsection[@title='Backward compatibility of software']/
category[@title='OS_Byte calls']/
p[3]/
reference[@name='OS_Byte'].
Link for 'BBC BASIC Reference Manual' has undefined destination at
]]></error>
  </testcase>
  <testcase file='src/hardware/joystick.xml' name='unnamed case 495'>
<error message='error' type='error'><![CDATA[/
riscos-prm/
chapter[@title='Joystick module']/
section[@title='Technical details']/
subsection[@title='Acorn I/O expansion card compatibility']/
subsubsection[@title='Backward compatibility of software']/
category[@title='The BASIC ADVAL keyword']/
p[3]/
reference[@name='BBC BASIC Reference Manual'].
Link for 'OS_Byte 128' has undefined destination at
]]></error>
  </testcase>
  <testcase file='src/hardware/joystick.xml' name='unnamed case 496'>
<error message='error' type='error'><![CDATA[/
riscos-prm/
chapter[@title='Joystick module']/
section[@title='SWI calls']/
swi-definition[@name='OS_Byte']/
use[3]/
p[4]/
reference[@name='OS_Byte'].
Link for 'OS_Byte 16' has undefined destination at
]]></error>
  </testcase>
  <testcase file='src/hardware/joystick.xml' name='unnamed case 497'>
<error message='error' type='error'><![CDATA[/
riscos-prm/
chapter[@title='Joystick module']/
section[@title='SWI calls']/
swi-definition[@name='OS_Byte']/
use[3]/
p/
reference[@name='OS_Byte'].
]]></error>
  </testcase>
  <testcase file='src/programmers/buffermanager.xml' name='unnamed case 498'>
<error message='error' type='error'><![CDATA[Link for 'Communications within RISC OS' has undefined destination at]]></error>
  </testcase>
  <testcase file='src/programmers/buffermanager.xml' name='unnamed case 499'>
<error message='error' type='error'><![CDATA[/
riscos-prm/
chapter[@title='The Buffer Manager']/
section[@title='SWI calls']/
swi-definition[@name='Buffer_Threshold']/
use[3]/
p/
reference[@name='Communications within RISC OS'].
]]></error>
  </testcase>
  <testcase file='src/programmers/squash.xml' name='unnamed case 500'>
    <error message='error' type='error' />
  </testcase>
  <testcase file='src/programmers/zlib.xml' name='unnamed case 501'>
<error message='error' type='error'><![CDATA[Link for 'OS_CRC' has undefined destination at]]></error>
  </testcase>
  <testcase file='src/programmers/zlib.xml' name='unnamed case 502'>
<error message='error' type='error'><![CDATA[/
riscos-prm/
chapter[@title='ZLib']/
section[@title='SWI calls']/
swi-definition[@name='ZLib_CRC32']/
related[4]/
reference[@name='OS_CRC'].
Link for 'OS_CRC' has undefined destination at
]]></error>
  </testcase>
  <testcase file='src/programmers/zlib.xml' name='unnamed case 503'>
<error message='error' type='error'><![CDATA[/
riscos-prm/
chapter[@title='ZLib']/
section[@title='SWI calls']/
swi-definition[@name='ZLib_Adler32']/
related[4]/
reference[@name='OS_CRC'].
]]></error>
  </testcase>
  <testcase file='src/programmers/zipper.xml' name='unnamed case 504'>
    <error message='error' type='error' />
  </testcase>
  <testcase file='src/programmers/pathutils.xml' name='unnamed case 505'>
    <error message='error' type='error' />
  </testcase>
  <testcase file='src/programmers/debugger.xml' name='unnamed case 506'>
<error message='error' type='error'><![CDATA[Link for '*Quit' has undefined destination at]]></error>
  </testcase>
  <testcase file='src/programmers/debugger.xml' name='unnamed case 507'>
<error message='error' type='error'><![CDATA[/
riscos-prm/
chapter[@title='Debugger']/
section[@title='Technical Details']/
p[4]/
reference.
Link for 'OS_BreakPt' has undefined destination at
]]></error>
  </testcase>
  <testcase file='src/programmers/debugger.xml' name='unnamed case 508'>
<error message='error' type='error'><![CDATA[/
riscos-prm/
chapter[@title='Debugger']/
section[@title='Technical Details']/
p[5]/
reference.
Link for 'Appendix B: Warnings on the use of ARM assembler' has undefined destination at
]]></error>
  </testcase>
  <testcase file='src/programmers/debugger.xml' name='unnamed case 509'>
<error message='error' type='error'><![CDATA[/
riscos-prm/
chapter[@title='Debugger']/
section[@title='Technical Details']/
p[10]/
reference.
Link for '*Quit' has undefined destination at
]]></error>
  </testcase>
  <testcase file='src/programmers/debugger.xml' name='unnamed case 510'>
<error message='error' type='error'><![CDATA[/
riscos-prm/
chapter[@title='Debugger']/
section[@title='* Commands']/
command-definition[@name='Debug']/
use[2]/
p[2]/
reference.
Link for '*Quit' has undefined destination at
]]></error>
  </testcase>
  <testcase file='src/programmers/debugger.xml' name='unnamed case 511'>
<error message='error' type='error'><![CDATA[/
riscos-prm/
chapter[@title='Debugger']/
section[@title='* Commands']/
command-definition[@name='Debug']/
related[3]/
reference[@name='Quit'].
]]></error>
  </testcase>
  <testcase file='src/programmers/basic.xml' name='unnamed case 512'>
    <error message='error' type='error' />
  </testcase>
  <testcase file='src/programmers/cli/cli.xml' name='unnamed case 513'>
<error message='error' type='error'><![CDATA[Link for 'Program Environment' has undefined destination at]]></error>
  </testcase>
  <testcase file='src/programmers/cli/cli.xml' name='unnamed case 514'>
<error message='error' type='error'><![CDATA[/
riscos-prm/
chapter[@title='The CLI']/
section[@title='Overview and Technical Details']/
p/
reference[3].
Link for 'Modules' has undefined destination at
]]></error>
  </testcase>
  <testcase file='src/programmers/cli/cli.xml' name='unnamed case 515'>
<error message='error' type='error'><![CDATA[/
riscos-prm/
chapter[@title='The CLI']/
section[@title='Overview and Technical Details']/
subsection[@title='Reading CLI parameters']/
p/
reference.
Link for 'Program Environment' has undefined destination at
]]></error>
  </testcase>
  <testcase file='src/programmers/cli/cli.xml' name='unnamed case 516'>
<error message='error' type='error'><![CDATA[/
riscos-prm/
chapter[@title='The CLI']/
section[@title='Overview and Technical Details']/
subsection[@title='Reading CLI parameters']/
p[2]/
reference.
Link for 'Conversions' has undefined destination at
]]></error>
  </testcase>
  <testcase file='src/programmers/cli/cli.xml' name='unnamed case 517'>
<error message='error' type='error'><![CDATA[/
riscos-prm/
chapter[@title='The CLI']/
section[@title='Overview and Technical Details']/
subsection[@title='Reading CLI parameters']/
p[6]/
reference.
Link for 'CLIV' has undefined destination at
]]></error>
  </testcase>
  <testcase file='src/programmers/cli/cli.xml' name='unnamed case 518'>
<error message='error' type='error'><![CDATA[/
riscos-prm/
chapter[@title='The CLI']/
section[@title='SWI Calls']/
swi-definition[@name='OS_CLI']/
related[4]/
reference[@name='CLIV'].
Link for '**Quit' has undefined destination at
]]></error>
  </testcase>
  <testcase file='src/programmers/cli/cli.xml' name='unnamed case 519'>
<error message='error' type='error'><![CDATA[/
riscos-prm/
chapter[@title='The CLI']/
section[@title='* Commands']/
command-definition[@name='GOS']/
related[3]/
reference[@name='Quit'].
Link for '**Desktop' has undefined destination at
]]></error>
  </testcase>
  <testcase file='src/programmers/cli/cli.xml' name='unnamed case 520'>
<error message='error' type='error'><![CDATA[/
riscos-prm/
chapter[@title='The CLI']/
section[@title='* Commands']/
command-definition[@name='GOS']/
related[3]/
reference[@name='Desktop'].
]]></error>
  </testcase>
  <testcase file='src/boot/choices.xml' name='unnamed case 521'>
    <error message='error' type='error' />
  </testcase>
  <testcase file='src/boot/library/archive/minigzip.xml' name='unnamed case 522'>
    <error message='error' type='error' />
  </testcase>
  <testcase file='src/boot/library/archive/minizip.xml' name='unnamed case 523'>
    <error message='error' type='error' />
  </testcase>
  <testcase file='src/boot/library/archive/miniunzip.xml' name='unnamed case 524'>
    <error message='error' type='error' />
  </testcase>
  <testcase file='src/boot/library/riscos/addapp.xml' name='unnamed case 525'>
    <error message='error' type='error' />
  </testcase>
  <testcase file='src/boot/library/riscos/do.xml' name='unnamed case 526'>
    <error message='error' type='error' />
  </testcase>
  <testcase file='src/boot/library/riscos/ifthere.xml' name='unnamed case 527'>
<error message='error' type='error'><![CDATA[Link for '*If' has undefined destination at]]></error>
  </testcase>
  <testcase file='src/boot/library/riscos/ifthere.xml' name='unnamed case 528'>
<error message='error' type='error'><![CDATA[/
riscos-prm/
chapter[@title='IfThere']/
section[@title='*Commands']/
command-definition[@name='IfThere']/
related[7]/
reference[@name='If'].
]]></error>
  </testcase>
  <testcase file='src/boot/library/riscos/loadcmos.xml' name='unnamed case 529'>
    <error message='error' type='error' />
  </testcase>
  <testcase file='src/boot/library/riscos/minigrep.xml' name='unnamed case 530'>
    <error message='error' type='error' />
  </testcase>
  <testcase file='src/boot/library/internet/arp.xml' name='unnamed case 531'>
    <error message='error' type='error' />
  </testcase>
  <testcase file='src/boot/library/internet/finger.xml' name='unnamed case 532'>
    <error message='error' type='error' />
  </testcase>
  <testcase file='src/boot/library/internet/gethost.xml' name='unnamed case 533'>
    <error message='error' type='error' />
  </testcase>
  <testcase file='src/boot/library/internet/host.xml' name='unnamed case 534'>
    <error message='error' type='error' />
  </testcase>
  <testcase file='src/boot/library/internet/ifconfig.xml' name='unnamed case 535'>
    <error message='error' type='error' />
  </testcase>
  <testcase file='src/boot/library/internet/ifrconfig.xml' name='unnamed case 536'>
    <error message='error' type='error' />
  </testcase>
  <testcase file='src/boot/library/internet/ping.xml' name='unnamed case 537'>
    <error message='error' type='error' />
  </testcase>
  <testcase file='src/boot/library/internet/rtime.xml' name='unnamed case 538'>
    <error message='error' type='error' />
  </testcase>
  <testcase file='src/boot/library/internet/traceroute.xml' name='unnamed case 539'>
    <error message='error' type='error' />
  </testcase>
  <testcase file='src/boot/utilities/filecoreck.xml' name='unnamed case 540'>
<error message='error' type='error'><![CDATA[Link for '*CheckMap' has undefined destination at]]></error>
  </testcase>
  <testcase file='src/boot/utilities/filecoreck.xml' name='unnamed case 541'>
<error message='error' type='error'><![CDATA[/
riscos-prm/
chapter[@title='FileCore disc check']/
section[@title='*Commands']/
command-definition[@name='Boot:Utils.FileCoreCk']/
related[3]/
reference[@name='CheckMap'].
]]></error>
  </testcase>
  <testcase file='src/compatibility/patching.xml' name='unnamed case 542'>
    <error message='error' type='error' />
  </testcase>
  <testcase classname='unknown' file='src/compatibility/deprecated.xml' name='unnamed case 543'>
<error message='error' type='unknown'><![CDATA[SWI]]></error>
  </testcase>
  <testcase classname='unknown' file='src/compatibility/deprecated.xml' name='unnamed case 544'>
<error message='error' type='unknown'><![CDATA[/
riscos-prm/
chapter[@title='Deprecations']/
section[@title='Technical Details']/
subsection[@title='VDU calls']/
p[4]/
value-table/
value[6]/
reference[@name='OS_Plot'].
SWI
]]></error>
  </testcase>
  <testcase file='src/compatibility/deprecated.xml' name='unnamed case 545'>
<error message='error' type='error'><![CDATA[/
riscos-prm/
chapter[@title='Deprecations']/
section[@title='Technical Details']/
subsection[@title='VDU calls']/
p[4]/
value-table/
value[8]/
reference[@name='OS_SpriteOp'].
Link for 'OS_Byte' has undefined destination at
]]></error>
  </testcase>
  <testcase file='src/compatibility/deprecated.xml' name='unnamed case 546'>
<error message='error' type='error'><![CDATA[/
riscos-prm/
chapter[@title='Deprecations']/
section[@title='Technical Details']/
subsection[@title='Module calls']/
p[3]/
reference[@name='OS_Byte'].
Link for 'OS_Word' has undefined destination at
]]></error>
  </testcase>
  <testcase classname='unknown' file='src/compatibility/deprecated.xml' name='unnamed case 547'>
<error message='error' type='unknown'><![CDATA[/
riscos-prm/
chapter[@title='Deprecations']/
section[@title='Technical Details']/
subsection[@title='Module calls']/
p[3]/
reference[@name='OS_Word'].
SWI
]]></error>
  </testcase>
  <testcase classname='unknown' file='src/compatibility/deprecated.xml' name='unnamed case 548'>
<error message='error' type='unknown'><![CDATA[/
riscos-prm/
chapter[@title='Deprecations']/
section[@title='Service calls']/
service-definition[@name='UKByte']/
entry/
register-use[2]/
reference[@name='OS_Byte'].
SWI
]]></error>
  </testcase>
  <testcase classname='unknown' file='src/compatibility/deprecated.xml' name='unnamed case 549'>
<error message='error' type='unknown'><![CDATA[/
riscos-prm/
chapter[@title='Deprecations']/
section[@title='Service calls']/
service-definition[@name='UKByte']/
entry/
register-use[2]/
reference[@name='OS_Byte'].
SWI
]]></error>
  </testcase>
  <testcase classname='unknown' file='src/compatibility/deprecated.xml' name='unnamed case 550'>
<error message='error' type='unknown'><![CDATA[/
riscos-prm/
chapter[@title='Deprecations']/
section[@title='Service calls']/
service-definition[@name='UKByte']/
entry/
register-use[3]/
reference[@name='OS_Byte'].
SWI
]]></error>
  </testcase>
  <testcase classname='unknown' file='src/compatibility/deprecated.xml' name='unnamed case 551'>
<error message='error' type='unknown'><![CDATA[/
riscos-prm/
chapter[@title='Deprecations']/
section[@title='Service calls']/
service-definition[@name='UKByte']/
entry/
register-use[4]/
reference[@name='OS_Byte'].
SWI
]]></error>
  </testcase>
  <testcase classname='unknown' file='src/compatibility/deprecated.xml' name='unnamed case 552'>
<error message='error' type='unknown'><![CDATA[/
riscos-prm/
chapter[@title='Deprecations']/
section[@title='Service calls']/
service-definition[@name='UKByte']/
use[3]/
p/
reference[@name='OS_Byte'].
SWI
]]></error>
  </testcase>
  <testcase classname='unknown' file='src/compatibility/deprecated.xml' name='unnamed case 553'>
<error message='error' type='unknown'><![CDATA[/
riscos-prm/
chapter[@title='Deprecations']/
section[@title='Service calls']/
service-definition[@name='UKByte']/
use[3]/
p[2]/
reference[@name='OS_Byte'].
SWI
]]></error>
  </testcase>
  <testcase classname='unknown' file='src/compatibility/deprecated.xml' name='unnamed case 554'>
<error message='error' type='unknown'><![CDATA[/
riscos-prm/
chapter[@title='Deprecations']/
section[@title='Service calls']/
service-definition[@name='UKByte']/
use[3]/
p[3]/
reference[@name='OS_Byte'].
Vector
]]></error>
  </testcase>
  <testcase classname='unknown' file='src/compatibility/deprecated.xml' name='unnamed case 555'>
<error message='error' type='unknown'><![CDATA[/
riscos-prm/
chapter[@title='Deprecations']/
section[@title='Service calls']/
service-definition[@name='UKByte']/
use[3]/
p[3]/
reference[@name='ByteV'].
SWI
]]></error>
  </testcase>
  <testcase classname='unknown' file='src/compatibility/deprecated.xml' name='unnamed case 556'>
<error message='error' type='unknown'><![CDATA[/
riscos-prm/
chapter[@title='Deprecations']/
section[@title='Service calls']/
service-definition[@name='UKByte']/
related[4]/
reference[@name='OS_Byte'].
Vector
]]></error>
  </testcase>
  <testcase classname='unknown' file='src/compatibility/deprecated.xml' name='unnamed case 557'>
<error message='error' type='unknown'><![CDATA[/
riscos-prm/
chapter[@title='Deprecations']/
section[@title='Service calls']/
service-definition[@name='UKByte']/
related[4]/
reference[@name='ByteV'].
SWI
]]></error>
  </testcase>
  <testcase classname='unknown' file='src/compatibility/deprecated.xml' name='unnamed case 558'>
<error message='error' type='unknown'><![CDATA[/
riscos-prm/
chapter[@title='Deprecations']/
section[@title='Service calls']/
service-definition[@name='UKWord']/
entry/
register-use[2]/
reference[@name='OS_Word'].
SWI
]]></error>
  </testcase>
  <testcase classname='unknown' file='src/compatibility/deprecated.xml' name='unnamed case 559'>
<error message='error' type='unknown'><![CDATA[/
riscos-prm/
chapter[@title='Deprecations']/
section[@title='Service calls']/
service-definition[@name='UKWord']/
entry/
register-use[2]/
reference[@name='OS_Word'].
SWI
]]></error>
  </testcase>
  <testcase classname='unknown' file='src/compatibility/deprecated.xml' name='unnamed case 560'>
<error message='error' type='unknown'><![CDATA[/
riscos-prm/
chapter[@title='Deprecations']/
section[@title='Service calls']/
service-definition[@name='UKWord']/
entry/
register-use[3]/
reference[@name='OS_Word'].
SWI
]]></error>
  </testcase>
  <testcase classname='unknown' file='src/compatibility/deprecated.xml' name='unnamed case 561'>
<error message='error' type='unknown'><![CDATA[/
riscos-prm/
chapter[@title='Deprecations']/
section[@title='Service calls']/
service-definition[@name='UKWord']/
entry/
register-use[3]/
reference[@name='OS_Word'].
SWI
]]></error>
  </testcase>
  <testcase classname='unknown' file='src/compatibility/deprecated.xml' name='unnamed case 562'>
<error message='error' type='unknown'><![CDATA[/
riscos-prm/
chapter[@title='Deprecations']/
section[@title='Service calls']/
service-definition[@name='UKWord']/
use[3]/
p/
reference[@name='OS_Word'].
SWI
]]></error>
  </testcase>
  <testcase classname='unknown' file='src/compatibility/deprecated.xml' name='unnamed case 563'>
<error message='error' type='unknown'><![CDATA[/
riscos-prm/
chapter[@title='Deprecations']/
section[@title='Service calls']/
service-definition[@name='UKWord']/
use[3]/
p[2]/
reference[@name='OS_Word'].
SWI
]]></error>
  </testcase>
  <testcase classname='unknown' file='src/compatibility/deprecated.xml' name='unnamed case 564'>
<error message='error' type='unknown'><![CDATA[/
riscos-prm/
chapter[@title='Deprecations']/
section[@title='Service calls']/
service-definition[@name='UKWord']/
use[3]/
p[3]/
reference[@name='OS_Word'].
Vector
]]></error>
  </testcase>
  <testcase classname='unknown' file='src/compatibility/deprecated.xml' name='unnamed case 565'>
<error message='error' type='unknown'><![CDATA[/
riscos-prm/
chapter[@title='Deprecations']/
section[@title='Service calls']/
service-definition[@name='UKWord']/
use[3]/
p[3]/
reference[@name='WordV'].
SWI
]]></error>
  </testcase>
  <testcase classname='unknown' file='src/compatibility/deprecated.xml' name='unnamed case 566'>
<error message='error' type='unknown'><![CDATA[/
riscos-prm/
chapter[@title='Deprecations']/
section[@title='Service calls']/
service-definition[@name='UKWord']/
related[4]/
reference[@name='OS_Word'].
Vector
]]></error>
  </testcase>
  <testcase classname='unknown' file='src/compatibility/deprecated.xml' name='unnamed case 567'>
<error message='error' type='unknown'><![CDATA[/
riscos-prm/
chapter[@title='Deprecations']/
section[@title='Service calls']/
service-definition[@name='UKWord']/
related[4]/
reference[@name='WordV'].
SWI
]]></error>
  </testcase>
  <testcase classname='unknown' file='src/compatibility/deprecated.xml' name='unnamed case 568'>
<error message='error' type='unknown'><![CDATA[/
riscos-prm/
chapter[@title='Deprecations']/
section[@title='SWI calls']/
swi-definition[@name='OS_Byte']/
use[3]/
p/
reference[@name='OS_ServiceCall'].
SWI
]]></error>
  </testcase>
  <testcase classname='unknown' file='src/compatibility/deprecated.xml' name='unnamed case 569'>
<error message='error' type='unknown'><![CDATA[/
riscos-prm/
chapter[@title='Deprecations']/
section[@title='SWI calls']/
swi-definition[@name='OS_Byte']/
related[4]/
reference[@name='OS_ServiceCall'].
Vector
]]></error>
  </testcase>
  <testcase classname='unknown' file='src/compatibility/deprecated.xml' name='unnamed case 570'>
<error message='error' type='unknown'><![CDATA[/
riscos-prm/
chapter[@title='Deprecations']/
section[@title='SWI calls']/
swi-definition[@name='OS_Byte']/
related[4]/
reference[@name='ByteV'].
Command
]]></error>
  </testcase>
  <testcase file='src/compatibility/deprecated.xml' name='unnamed case 571'>
<error message='error' type='error'><![CDATA[/
riscos-prm/
chapter[@title='Deprecations']/
section[@title='SWI calls']/
swi-definition[@name='OS_ReadRAMFsLimits']/
use[3]/
p[3]/
reference[@name='Configure RAMFsSize'].
]]></error>
  </testcase>
  <testcase file='src/compatibility/deprecated-discformats.xml' name='unnamed case 572'>
    <error message='error' type='error' />
  </testcase>
  <testcase file='src/style/about_guide.xml' name='unnamed case 573'>
    <error message='error' type='error' />
  </testcase>
  <testcase file='src/style/introduction.xml' name='unnamed case 574'>
    <error message='error' type='error' />
  </testcase>
  <testcase file='src/style/starting_newapp.xml' name='unnamed case 575'>
    <error message='error' type='error' />
  </testcase>
  <testcase file='src/style/desktop.xml' name='unnamed case 576'>
    <error message='error' type='error' />
  </testcase>
  <testcase file='src/style/mouse.xml' name='unnamed case 577'>
    <error message='error' type='error' />
  </testcase>
  <testcase file='src/style/icons.xml' name='unnamed case 578'>
    <error message='error' type='error' />
  </testcase>
  <testcase file='src/style/standard_ops.xml' name='unnamed case 579'>
    <error message='error' type='error' />
  </testcase>
  <testcase file='src/style/windows.xml' name='unnamed case 580'>
    <error message='error' type='error' />
  </testcase>
  <testcase file='src/style/menus.xml' name='unnamed case 581'>
    <error message='error' type='error' />
  </testcase>
  <testcase file='src/style/dialogue_boxes.xml' name='unnamed case 582'>
    <error message='error' type='error' />
  </testcase>
  <testcase classname='unknown' file='src/style/input.xml' name='unnamed case 583'>
<error message='error' type='unknown'><![CDATA[Section]]></error>
  </testcase>
  <testcase file='src/style/input.xml' name='unnamed case 584'>
<error message='error' type='error'><![CDATA[/
riscos-prm/
chapter[@title='Handling keyboard input']/
section[@title='Keyboard shortcuts']/
p[2]/
list/
item/
p/
reference[@name='Function keys'].
]]></error>
  </testcase>
  <testcase file='src/style/selection.xml' name='unnamed case 585'>
    <error message='error' type='error' />
  </testcase>
  <testcase file='src/style/colour_sound.xml' name='unnamed case 586'>
    <error message='error' type='error' />
  </testcase>
  <testcase file='src/style/configs.xml' name='unnamed case 587'>
    <error message='error' type='error' />
  </testcase>
  <testcase file='src/style/cd-rom.xml' name='unnamed case 588'>
    <error message='error' type='error' />
  </testcase>
  <testcase file='src/style/international.xml' name='unnamed case 589'>
    <error message='error' type='error' />
  </testcase>
  <testcase file='src/style/implement.xml' name='unnamed case 590'>
    <error message='error' type='error' />
  </testcase>
  <testcase file='src/style/app_dirs.xml' name='unnamed case 591'>
    <error message='error' type='error' />
  </testcase>
  <testcase file='src/style/significant_changes.xml' name='unnamed case 592'>
    <error message='error' type='error' />
  </testcase>
  <testcase classname='unknown' file='src/style/glossary.xml' name='unnamed case 593'>
<error message='error' type='unknown'><![CDATA[xsltproc]]></error>
  </testcase>
  <testcase classname='unknown' file='src/style/glossary.xml' name='unnamed case 594'>
<error message='error' type='unknown'><![CDATA[xsltproc]]></error>
  </testcase>
  <testcase classname='unknown' file='src/style/glossary.xml' name='unnamed case 595'>
<error message='error' type='unknown'><![CDATA[xsltproc]]></error>
  </testcase>
  <testcase classname='unknown' file='src/style/glossary.xml' name='unnamed case 596'>
<error message='error' type='unknown'><![CDATA[xsltproc]]></error>
  </testcase>
  <testcase classname='unknown' file='src/style/glossary.xml' name='unnamed case 597'>
<error message='error' type='unknown'><![CDATA[xsltproc]]></error>
  </testcase>
  <testcase classname='unknown' file='src/style/glossary.xml' name='unnamed case 598'>
<error message='error' type='unknown'><![CDATA[xsltproc]]></error>
  </testcase>
  <testcase classname='unknown' file='src/style/glossary.xml' name='unnamed case 599'>
<error message='error' type='unknown'><![CDATA[xsltproc]]></error>
  </testcase>
  <testcase classname='unknown' file='src/style/glossary.xml' name='unnamed case 600'>
<error message='error' type='unknown'><![CDATA[xsltproc]]></error>
  </testcase>
  <testcase classname='unknown' file='src/style/glossary.xml' name='unnamed case 601'>
<error message='error' type='unknown'><![CDATA[xsltproc]]></error>
  </testcase>
  <testcase classname='unknown' file='src/style/glossary.xml' name='unnamed case 602'>
<error message='error' type='unknown'><![CDATA[xsltproc]]></error>
  </testcase>
  <testcase classname='unknown' file='src/style/glossary.xml' name='unnamed case 603'>
<error message='error' type='unknown'><![CDATA[xsltproc]]></error>
  </testcase>
  <testcase classname='unknown' file='src/style/glossary.xml' name='unnamed case 604'>
<error message='error' type='unknown'><![CDATA[xsltproc]]></error>
  </testcase>
  <testcase classname='unknown' file='src/style/glossary.xml' name='unnamed case 605'>
<error message='error' type='unknown'><![CDATA[xsltproc]]></error>
  </testcase>
  <testcase classname='unknown' file='src/style/glossary.xml' name='unnamed case 606'>
<error message='error' type='unknown'><![CDATA[xsltproc]]></error>
  </testcase>
  <testcase classname='unknown' file='src/style/glossary.xml' name='unnamed case 607'>
<error message='error' type='unknown'><![CDATA[xsltproc]]></error>
  </testcase>
  <testcase classname='unknown' file='src/style/glossary.xml' name='unnamed case 608'>
<error message='error' type='unknown'><![CDATA[xsltproc]]></error>
  </testcase>
  <testcase classname='unknown' file='src/style/glossary.xml' name='unnamed case 609'>
<error message='error' type='unknown'><![CDATA[xsltproc]]></error>
  </testcase>
  <testcase classname='unknown' file='src/style/glossary.xml' name='unnamed case 610'>
<error message='error' type='unknown'><![CDATA[xsltproc]]></error>
  </testcase>
  <testcase classname='unknown' file='src/style/glossary.xml' name='unnamed case 611'>
<error message='error' type='unknown'><![CDATA[xsltproc]]></error>
  </testcase>
  <testcase classname='unknown' file='src/style/glossary.xml' name='unnamed case 612'>
<error message='error' type='unknown'><![CDATA[rmdir:]]></error>
  </testcase>
  <testcase classname='unknown' file='src/style/glossary.xml' name='unnamed case 613'>
<error message='error' type='unknown'><![CDATA[make:]]></error>
  </testcase>
  <testcase classname='unknown' file='src/style/glossary.xml' name='unnamed case 614'>
<error message='error' type='unknown'><![CDATA[xsltproc]]></error>
  </testcase>
  <testcase classname='unknown' file='src/style/glossary.xml' name='unnamed case 615'>
<error message='error' type='unknown'><![CDATA[rmdir:]]></error>
  </testcase>
  <testcase classname='unknown' file='src/style/glossary.xml' name='unnamed case 616'>
<error message='error' type='unknown'><![CDATA[make:]]></error>
  </testcase>
  <testcase classname='unknown' file='src/style/glossary.xml' name='unnamed case 617'>
<error message='error' type='unknown'><![CDATA[xsltproc]]></error>
  </testcase>
  <testcase classname='unknown' file='src/style/glossary.xml' name='unnamed case 618'>
<error message='error' type='unknown'><![CDATA[rmdir:]]></error>
  </testcase>
  <testcase classname='unknown' file='src/style/glossary.xml' name='unnamed case 619'>
<error message='error' type='unknown'><![CDATA[make:]]></error>
  </testcase>
  <testcase classname='unknown' file='src/style/glossary.xml' name='unnamed case 620'>
<error message='error' type='unknown'><![CDATA[xsltproc]]></error>
  </testcase>
  <testcase classname='unknown' file='src/style/glossary.xml' name='unnamed case 621'>
<error message='error' type='unknown'><![CDATA[rmdir:]]></error>
  </testcase>
  <testcase classname='unknown' file='src/style/glossary.xml' name='unnamed case 622'>
<error message='error' type='unknown'><![CDATA[make:]]></error>
  </testcase>
  <testcase classname='unknown' file='src/style/glossary.xml' name='unnamed case 623'>
<error message='error' type='unknown'><![CDATA[xsltproc]]></error>
  </testcase>
  <testcase classname='unknown' file='src/style/glossary.xml' name='unnamed case 624'>
<error message='error' type='unknown'><![CDATA[rmdir:]]></error>
  </testcase>
  <testcase classname='unknown' file='src/style/glossary.xml' name='unnamed case 625'>
<error message='error' type='unknown'><![CDATA[make:]]></error>
  </testcase>
  <testcase classname='unknown' file='src/style/glossary.xml' name='unnamed case 626'>
<error message='error' type='unknown'><![CDATA[xsltproc]]></error>
  </testcase>
  <testcase classname='unknown' file='src/style/glossary.xml' name='unnamed case 627'>
<error message='error' type='unknown'><![CDATA[rmdir:]]></error>
  </testcase>
  <testcase classname='unknown' file='src/style/glossary.xml' name='unnamed case 628'>
<error message='error' type='unknown'><![CDATA[make:]]></error>
  </testcase>
  <testcase classname='unknown' file='src/style/glossary.xml' name='unnamed case 629'>
<error message='error' type='unknown'><![CDATA[xsltproc]]></error>
  </testcase>
  <testcase classname='unknown' file='src/style/glossary.xml' name='unnamed case 630'>
<error message='error' type='unknown'><![CDATA[rmdir:]]></error>
  </testcase>
  <testcase classname='unknown' file='src/style/glossary.xml' name='unnamed case 631'>
<error message='error' type='unknown'><![CDATA[make:]]></error>
  </testcase>
  <testcase classname='unknown' file='src/style/glossary.xml' name='unnamed case 632'>
<error message='error' type='unknown'><![CDATA[xsltproc]]></error>
  </testcase>
  <testcase classname='unknown' file='src/style/glossary.xml' name='unnamed case 633'>
<error message='error' type='unknown'><![CDATA[rmdir:]]></error>
  </testcase>
  <testcase classname='unknown' file='src/style/glossary.xml' name='unnamed case 634'>
<error message='error' type='unknown'><![CDATA[make:]]></error>
  </testcase>
  <testcase classname='unknown' file='src/style/glossary.xml' name='unnamed case 635'>
<error message='error' type='unknown'><![CDATA[xsltproc]]></error>
  </testcase>
  <testcase classname='unknown' file='src/style/glossary.xml' name='unnamed case 636'>
<error message='error' type='unknown'><![CDATA[rmdir:]]></error>
  </testcase>
  <testcase classname='unknown' file='src/style/glossary.xml' name='unnamed case 637'>
<error message='error' type='unknown'><![CDATA[make:]]></error>
  </testcase>
  <testcase classname='unknown' file='src/style/glossary.xml' name='unnamed case 638'>
<error message='error' type='unknown'><![CDATA[xsltproc]]></error>
  </testcase>
  <testcase classname='unknown' file='src/style/glossary.xml' name='unnamed case 639'>
<error message='error' type='unknown'><![CDATA[rmdir:]]></error>
  </testcase>
  <testcase classname='unknown' file='src/style/glossary.xml' name='unnamed case 640'>
<error message='error' type='unknown'><![CDATA[make:]]></error>
  </testcase>
  <testcase classname='unknown' file='src/style/glossary.xml' name='unnamed case 641'>
<error message='error' type='unknown'><![CDATA[xsltproc]]></error>
  </testcase>
  <testcase classname='unknown' file='src/style/glossary.xml' name='unnamed case 642'>
<error message='error' type='unknown'><![CDATA[rmdir:]]></error>
  </testcase>
  <testcase classname='unknown' file='src/style/glossary.xml' name='unnamed case 643'>
<error message='error' type='unknown'><![CDATA[make:]]></error>
  </testcase>
  <testcase classname='unknown' file='src/style/glossary.xml' name='unnamed case 644'>
<error message='error' type='unknown'><![CDATA[xsltproc]]></error>
  </testcase>
  <testcase classname='unknown' file='src/style/glossary.xml' name='unnamed case 645'>
<error message='error' type='unknown'><![CDATA[rmdir:]]></error>
  </testcase>
  <testcase classname='unknown' file='src/style/glossary.xml' name='unnamed case 646'>
<error message='error' type='unknown'><![CDATA[make:]]></error>
  </testcase>
  <testcase classname='unknown' file='src/style/glossary.xml' name='unnamed case 647'>
<error message='error' type='unknown'><![CDATA[xsltproc]]></error>
  </testcase>
  <testcase classname='unknown' file='src/style/glossary.xml' name='unnamed case 648'>
<error message='error' type='unknown'><![CDATA[rmdir:]]></error>
  </testcase>
  <testcase classname='unknown' file='src/style/glossary.xml' name='unnamed case 649'>
<error message='error' type='unknown'><![CDATA[make:]]></error>
  </testcase>
  <testcase classname='unknown' file='src/style/glossary.xml' name='unnamed case 650'>
<error message='error' type='unknown'><![CDATA[xsltproc]]></error>
  </testcase>
  <testcase classname='unknown' file='src/style/glossary.xml' name='unnamed case 651'>
<error message='error' type='unknown'><![CDATA[rmdir:]]></error>
  </testcase>
  <testcase classname='unknown' file='src/style/glossary.xml' name='unnamed case 652'>
<error message='error' type='unknown'><![CDATA[make:]]></error>
  </testcase>
  <testcase classname='unknown' file='src/style/glossary.xml' name='unnamed case 653'>
<error message='error' type='unknown'><![CDATA[xsltproc]]></error>
  </testcase>
  <testcase classname='unknown' file='src/style/glossary.xml' name='unnamed case 654'>
<error message='error' type='unknown'><![CDATA[rmdir:]]></error>
  </testcase>
  <testcase classname='unknown' file='src/style/glossary.xml' name='unnamed case 655'>
<error message='error' type='unknown'><![CDATA[make:]]></error>
  </testcase>
  <testcase classname='unknown' file='src/style/glossary.xml' name='unnamed case 656'>
<error message='error' type='unknown'><![CDATA[xsltproc]]></error>
  </testcase>
  <testcase classname='unknown' file='src/style/glossary.xml' name='unnamed case 657'>
<error message='error' type='unknown'><![CDATA[rmdir:]]></error>
  </testcase>
  <testcase classname='unknown' file='src/style/glossary.xml' name='unnamed case 658'>
<error message='error' type='unknown'><![CDATA[make:]]></error>
  </testcase>
  <testcase classname='unknown' file='src/style/glossary.xml' name='unnamed case 659'>
<error message='error' type='unknown'><![CDATA[xsltproc]]></error>
  </testcase>
  <testcase classname='unknown' file='src/style/glossary.xml' name='unnamed case 660'>
<error message='error' type='unknown'><![CDATA[rmdir:]]></error>
  </testcase>
  <testcase classname='unknown' file='src/style/glossary.xml' name='unnamed case 661'>
<error message='error' type='unknown'><![CDATA[make:]]></error>
  </testcase>
  <testcase classname='unknown' file='src/style/glossary.xml' name='unnamed case 662'>
<error message='error' type='unknown'><![CDATA[xsltproc]]></error>
  </testcase>
  <testcase classname='unknown' file='src/style/glossary.xml' name='unnamed case 663'>
<error message='error' type='unknown'><![CDATA[rmdir:]]></error>
  </testcase>
  <testcase classname='unknown' file='src/style/glossary.xml' name='unnamed case 664'>
<error message='error' type='unknown'><![CDATA[make:]]></error>
  </testcase>
  <testcase classname='unknown' file='src/style/glossary.xml' name='unnamed case 665'>
<error message='error' type='unknown'><![CDATA[xsltproc]]></error>
  </testcase>
  <testcase classname='unknown' file='src/style/glossary.xml' name='unnamed case 666'>
<error message='error' type='unknown'><![CDATA[rmdir:]]></error>
  </testcase>
  <testcase classname='unknown' file='src/style/glossary.xml' name='unnamed case 667'>
<error message='error' type='unknown'><![CDATA[make:]]></error>
  </testcase>
  <testcase classname='unknown' file='src/style/glossary.xml' name='unnamed case 668'>
<error message='error' type='unknown'><![CDATA[xsltproc]]></error>
  </testcase>
  <testcase classname='unknown' file='src/style/glossary.xml' name='unnamed case 669'>
<error message='error' type='unknown'><![CDATA[rmdir:]]></error>
  </testcase>
  <testcase classname='unknown' file='src/style/glossary.xml' name='unnamed case 670'>
<error message='error' type='unknown'><![CDATA[make:]]></error>
  </testcase>
  <testcase classname='unknown' file='src/style/glossary.xml' name='unnamed case 671'>
<error message='error' type='unknown'><![CDATA[xsltproc]]></error>
  </testcase>
  <testcase classname='unknown' file='src/style/glossary.xml' name='unnamed case 672'>
<error message='error' type='unknown'><![CDATA[rmdir:]]></error>
  </testcase>
  <testcase classname='unknown' file='src/style/glossary.xml' name='unnamed case 673'>
<error message='error' type='unknown'><![CDATA[make:]]></error>
  </testcase>
  <testcase classname='unknown' file='src/style/glossary.xml' name='unnamed case 674'>
<error message='error' type='unknown'><![CDATA[xsltproc]]></error>
  </testcase>
  <testcase classname='unknown' file='src/style/glossary.xml' name='unnamed case 675'>
<error message='error' type='unknown'><![CDATA[rmdir:]]></error>
  </testcase>
  <testcase classname='unknown' file='src/style/glossary.xml' name='unnamed case 676'>
<error message='error' type='unknown'><![CDATA[make:]]></error>
  </testcase>
  <testcase classname='unknown' file='src/style/glossary.xml' name='unnamed case 677'>
<error message='error' type='unknown'><![CDATA[xsltproc]]></error>
  </testcase>
  <testcase classname='unknown' file='src/style/glossary.xml' name='unnamed case 678'>
<error message='error' type='unknown'><![CDATA[rmdir:]]></error>
  </testcase>
  <testcase classname='unknown' file='src/style/glossary.xml' name='unnamed case 679'>
<error message='error' type='unknown'><![CDATA[make:]]></error>
  </testcase>
  <testcase classname='unknown' file='src/style/glossary.xml' name='unnamed case 680'>
<error message='error' type='unknown'><![CDATA[xsltproc]]></error>
  </testcase>
  <testcase classname='unknown' file='src/style/glossary.xml' name='unnamed case 681'>
<error message='error' type='unknown'><![CDATA[rmdir:]]></error>
  </testcase>
  <testcase classname='unknown' file='src/style/glossary.xml' name='unnamed case 682'>
<error message='error' type='unknown'><![CDATA[make:]]></error>
  </testcase>
  <testcase classname='unknown' file='src/style/glossary.xml' name='unnamed case 683'>
<error message='error' type='unknown'><![CDATA[xsltproc]]></error>
  </testcase>
  <testcase classname='unknown' file='src/style/glossary.xml' name='unnamed case 684'>
<error message='error' type='unknown'><![CDATA[rmdir:]]></error>
  </testcase>
  <testcase classname='unknown' file='src/style/glossary.xml' name='unnamed case 685'>
<error message='error' type='unknown'><![CDATA[make:]]></error>
  </testcase>
  <testcase classname='unknown' file='src/style/glossary.xml' name='unnamed case 686'>
<error message='error' type='unknown'><![CDATA[xsltproc]]></error>
  </testcase>
  <testcase classname='unknown' file='src/style/glossary.xml' name='unnamed case 687'>
<error message='error' type='unknown'><![CDATA[rmdir:]]></error>
  </testcase>
  <testcase classname='unknown' file='src/style/glossary.xml' name='unnamed case 688'>
<error message='error' type='unknown'><![CDATA[make:]]></error>
  </testcase>
  <testcase classname='unknown' file='src/style/glossary.xml' name='unnamed case 689'>
<error message='error' type='unknown'><![CDATA[xsltproc]]></error>
  </testcase>
  <testcase classname='unknown' file='src/style/glossary.xml' name='unnamed case 690'>
<error message='error' type='unknown'><![CDATA[rmdir:]]></error>
  </testcase>
  <testcase classname='unknown' file='src/style/glossary.xml' name='unnamed case 691'>
<error message='error' type='unknown'><![CDATA[make:]]></error>
  </testcase>
  <testcase classname='unknown' file='src/style/glossary.xml' name='unnamed case 692'>
<error message='error' type='unknown'><![CDATA[xsltproc]]></error>
  </testcase>
  <testcase classname='unknown' file='src/style/glossary.xml' name='unnamed case 693'>
<error message='error' type='unknown'><![CDATA[rmdir:]]></error>
  </testcase>
  <testcase classname='unknown' file='src/style/glossary.xml' name='unnamed case 694'>
<error message='error' type='unknown'><![CDATA[make:]]></error>
  </testcase>
  <testcase classname='unknown' file='src/style/glossary.xml' name='unnamed case 695'>
<error message='error' type='unknown'><![CDATA[xsltproc]]></error>
  </testcase>
  <testcase classname='unknown' file='src/style/glossary.xml' name='unnamed case 696'>
<error message='error' type='unknown'><![CDATA[rmdir:]]></error>
  </testcase>
  <testcase classname='unknown' file='src/style/glossary.xml' name='unnamed case 697'>
<error message='error' type='unknown'><![CDATA[make:]]></error>
  </testcase>
  <testcase classname='unknown' file='src/style/glossary.xml' name='unnamed case 698'>
<error message='error' type='unknown'><![CDATA[xsltproc]]></error>
  </testcase>
  <testcase classname='unknown' file='src/style/glossary.xml' name='unnamed case 699'>
<error message='error' type='unknown'><![CDATA[rmdir:]]></error>
  </testcase>
  <testcase classname='unknown' file='src/style/glossary.xml' name='unnamed case 700'>
<error message='error' type='unknown'><![CDATA[make:]]></error>
  </testcase>
  <testcase classname='unknown' file='src/style/glossary.xml' name='unnamed case 701'>
<error message='error' type='unknown'><![CDATA[xsltproc]]></error>
  </testcase>
  <testcase classname='unknown' file='src/style/glossary.xml' name='unnamed case 702'>
<error message='error' type='unknown'><![CDATA[src/desktop/wimp/reason-codes.xml:303:]]></error>
  </testcase>
  <testcase classname='unknown' file='src/style/glossary.xml' name='unnamed case 703'>
    <error message='error' type='unknown' />
  </testcase>
  <testcase classname='unknown' file='src/style/glossary.xml' name='unnamed case 704'>
    <error message='error' type='unknown' />
  </testcase>
  <testcase classname='unknown' file='src/style/glossary.xml' name='unnamed case 705'>
<error message='error' type='unknown'><![CDATA[src/desktop/wimp/reason-codes.xml:305:]]></error>
  </testcase>
  <testcase classname='unknown' file='src/style/glossary.xml' name='unnamed case 706'>
    <error message='error' type='unknown' />
  </testcase>
  <testcase classname='unknown' file='src/style/glossary.xml' name='unnamed case 707'>
    <error message='error' type='unknown' />
  </testcase>
  <testcase classname='unknown' file='src/style/glossary.xml' name='unnamed case 708'>
<error message='error' type='unknown'><![CDATA[src/desktop/wimp/reason-codes.xml:306:]]></error>
  </testcase>
  <testcase classname='unknown' file='src/style/glossary.xml' name='unnamed case 709'>
    <error message='error' type='unknown' />
  </testcase>
  <testcase classname='unknown' file='src/style/glossary.xml' name='unnamed case 710'>
    <error message='error' type='unknown' />
  </testcase>
  <testcase classname='unknown' file='src/style/glossary.xml' name='unnamed case 711'>
<error message='error' type='unknown'><![CDATA[src/desktop/wimp/reason-codes.xml:307:]]></error>
  </testcase>
  <testcase classname='unknown' file='src/style/glossary.xml' name='unnamed case 712'>
    <error message='error' type='unknown' />
  </testcase>
  <testcase classname='unknown' file='src/style/glossary.xml' name='unnamed case 713'>
    <error message='error' type='unknown' />
  </testcase>
  <testcase classname='unknown' file='src/style/glossary.xml' name='unnamed case 714'>
<error message='error' type='unknown'><![CDATA[src/desktop/wimp/reason-codes.xml:308:]]></error>
  </testcase>
  <testcase classname='unknown' file='src/style/glossary.xml' name='unnamed case 715'>
    <error message='error' type='unknown' />
  </testcase>
  <testcase classname='unknown' file='src/style/glossary.xml' name='unnamed case 716'>
    <error message='error' type='unknown' />
  </testcase>
  <testcase classname='unknown' file='src/style/glossary.xml' name='unnamed case 717'>
<error message='error' type='unknown'><![CDATA[src/desktop/wimp/reason-codes.xml:308:]]></error>
  </testcase>
  <testcase classname='unknown' file='src/style/glossary.xml' name='unnamed case 718'>
    <error message='error' type='unknown' />
  </testcase>
  <testcase classname='unknown' file='src/style/glossary.xml' name='unnamed case 719'>
    <error message='error' type='unknown' />
  </testcase>
  <testcase classname='unknown' file='src/style/glossary.xml' name='unnamed case 720'>
<error message='error' type='unknown'><![CDATA[src/desktop/wimp/reason-codes.xml:309:]]></error>
  </testcase>
  <testcase classname='unknown' file='src/style/glossary.xml' name='unnamed case 721'>
    <error message='error' type='unknown' />
  </testcase>
  <testcase classname='unknown' file='src/style/glossary.xml' name='unnamed case 722'>
    <error message='error' type='unknown' />
  </testcase>
  <testcase classname='unknown' file='src/style/glossary.xml' name='unnamed case 723'>
<error message='error' type='unknown'><![CDATA[src/desktop/wimp/reason-codes.xml:309:]]></error>
  </testcase>
  <testcase classname='unknown' file='src/style/glossary.xml' name='unnamed case 724'>
    <error message='error' type='unknown' />
  </testcase>
  <testcase classname='unknown' file='src/style/glossary.xml' name='unnamed case 725'>
    <error message='error' type='unknown' />
  </testcase>
  <testcase classname='unknown' file='src/style/glossary.xml' name='unnamed case 726'>
<error message='error' type='unknown'><![CDATA[src/desktop/wimp/reason-codes.xml:310:]]></error>
  </testcase>
  <testcase classname='unknown' file='src/style/glossary.xml' name='unnamed case 727'>
    <error message='error' type='unknown' />
  </testcase>
  <testcase classname='unknown' file='src/style/glossary.xml' name='unnamed case 728'>
    <error message='error' type='unknown' />
  </testcase>
  <testcase classname='unknown' file='src/style/glossary.xml' name='unnamed case 729'>
<error message='error' type='unknown'><![CDATA[src/desktop/wimp/reason-codes.xml:311:]]></error>
  </testcase>
  <testcase classname='unknown' file='src/style/glossary.xml' name='unnamed case 730'>
    <error message='error' type='unknown' />
  </testcase>
  <testcase classname='unknown' file='src/style/glossary.xml' name='unnamed case 731'>
    <error message='error' type='unknown' />
  </testcase>
  <testcase classname='unknown' file='src/style/glossary.xml' name='unnamed case 732'>
<error message='error' type='unknown'><![CDATA[src/desktop/wimp/reason-codes.xml:311:]]></error>
  </testcase>
  <testcase classname='unknown' file='src/style/glossary.xml' name='unnamed case 733'>
    <error message='error' type='unknown' />
  </testcase>
  <testcase classname='unknown' file='src/style/glossary.xml' name='unnamed case 734'>
    <error message='error' type='unknown' />
  </testcase>
  <testcase classname='unknown' file='src/style/glossary.xml' name='unnamed case 735'>
<error message='error' type='unknown'><![CDATA[src/desktop/wimp/reason-codes.xml:312:]]></error>
  </testcase>
  <testcase classname='unknown' file='src/style/glossary.xml' name='unnamed case 736'>
    <error message='error' type='unknown' />
  </testcase>
  <testcase classname='unknown' file='src/style/glossary.xml' name='unnamed case 737'>
    <error message='error' type='unknown' />
  </testcase>
  <testcase classname='unknown' file='src/style/glossary.xml' name='unnamed case 738'>
<error message='error' type='unknown'><![CDATA[src/desktop/wimp/reason-codes.xml:312:]]></error>
  </testcase>
  <testcase classname='unknown' file='src/style/glossary.xml' name='unnamed case 739'>
    <error message='error' type='unknown' />
  </testcase>
  <testcase classname='unknown' file='src/style/glossary.xml' name='unnamed case 740'>
    <error message='error' type='unknown' />
  </testcase>
  <testcase classname='unknown' file='src/style/glossary.xml' name='unnamed case 741'>
<error message='error' type='unknown'><![CDATA[rmdir:]]></error>
  </testcase>
  <testcase classname='unknown' file='src/style/glossary.xml' name='unnamed case 742'>
<error message='error' type='unknown'><![CDATA[make:]]></error>
  </testcase>
  <testcase classname='unknown' file='src/style/glossary.xml' name='unnamed case 743'>
<error message='error' type='unknown'><![CDATA[xsltproc]]></error>
  </testcase>
  <testcase classname='unknown' file='src/style/glossary.xml' name='unnamed case 744'>
<error message='error' type='unknown'><![CDATA[rmdir:]]></error>
  </testcase>
  <testcase classname='unknown' file='src/style/glossary.xml' name='unnamed case 745'>
<error message='error' type='unknown'><![CDATA[make:]]></error>
  </testcase>
  <testcase classname='unknown' file='src/style/glossary.xml' name='unnamed case 746'>
<error message='error' type='unknown'><![CDATA[xsltproc]]></error>
  </testcase>
  <testcase classname='unknown' file='src/style/glossary.xml' name='unnamed case 747'>
<error message='error' type='unknown'><![CDATA[rmdir:]]></error>
  </testcase>
  <testcase classname='unknown' file='src/style/glossary.xml' name='unnamed case 748'>
<error message='error' type='unknown'><![CDATA[make:]]></error>
  </testcase>
  <testcase classname='unknown' file='src/style/glossary.xml' name='unnamed case 749'>
<error message='error' type='unknown'><![CDATA[xsltproc]]></error>
  </testcase>
  <testcase classname='unknown' file='src/style/glossary.xml' name='unnamed case 750'>
<error message='error' type='unknown'><![CDATA[rmdir:]]></error>
  </testcase>
  <testcase classname='unknown' file='src/style/glossary.xml' name='unnamed case 751'>
<error message='error' type='unknown'><![CDATA[make:]]></error>
  </testcase>
  <testcase classname='unknown' file='src/style/glossary.xml' name='unnamed case 752'>
<error message='error' type='unknown'><![CDATA[xsltproc]]></error>
  </testcase>
  <testcase classname='unknown' file='src/style/glossary.xml' name='unnamed case 753'>
<error message='error' type='unknown'><![CDATA[rmdir:]]></error>
  </testcase>
  <testcase classname='unknown' file='src/style/glossary.xml' name='unnamed case 754'>
<error message='error' type='unknown'><![CDATA[make:]]></error>
  </testcase>
  <testcase classname='unknown' file='src/style/glossary.xml' name='unnamed case 755'>
<error message='error' type='unknown'><![CDATA[xsltproc]]></error>
  </testcase>
  <testcase classname='unknown' file='src/style/glossary.xml' name='unnamed case 756'>
<error message='error' type='unknown'><![CDATA[rmdir:]]></error>
  </testcase>
  <testcase classname='unknown' file='src/style/glossary.xml' name='unnamed case 757'>
<error message='error' type='unknown'><![CDATA[make:]]></error>
  </testcase>
  <testcase classname='unknown' file='src/style/glossary.xml' name='unnamed case 758'>
<error message='error' type='unknown'><![CDATA[xsltproc]]></error>
  </testcase>
  <testcase classname='unknown' file='src/style/glossary.xml' name='unnamed case 759'>
<error message='error' type='unknown'><![CDATA[rmdir:]]></error>
  </testcase>
  <testcase classname='unknown' file='src/style/glossary.xml' name='unnamed case 760'>
<error message='error' type='unknown'><![CDATA[make:]]></error>
  </testcase>
  <testcase classname='unknown' file='src/style/glossary.xml' name='unnamed case 761'>
<error message='error' type='unknown'><![CDATA[xsltproc]]></error>
  </testcase>
  <testcase classname='unknown' file='src/style/glossary.xml' name='unnamed case 762'>
<error message='error' type='unknown'><![CDATA[rmdir:]]></error>
  </testcase>
  <testcase classname='unknown' file='src/style/glossary.xml' name='unnamed case 763'>
<error message='error' type='unknown'><![CDATA[make:]]></error>
  </testcase>
  <testcase classname='unknown' file='src/style/glossary.xml' name='unnamed case 764'>
<error message='error' type='unknown'><![CDATA[xsltproc]]></error>
  </testcase>
  <testcase classname='unknown' file='src/style/glossary.xml' name='unnamed case 765'>
<error message='error' type='unknown'><![CDATA[rmdir:]]></error>
  </testcase>
  <testcase classname='unknown' file='src/style/glossary.xml' name='unnamed case 766'>
<error message='error' type='unknown'><![CDATA[make:]]></error>
  </testcase>
  <testcase classname='unknown' file='src/style/glossary.xml' name='unnamed case 767'>
<error message='error' type='unknown'><![CDATA[xsltproc]]></error>
  </testcase>
  <testcase classname='unknown' file='src/style/glossary.xml' name='unnamed case 768'>
<error message='error' type='unknown'><![CDATA[rmdir:]]></error>
  </testcase>
  <testcase classname='unknown' file='src/style/glossary.xml' name='unnamed case 769'>
<error message='error' type='unknown'><![CDATA[make:]]></error>
  </testcase>
  <testcase classname='unknown' file='src/style/glossary.xml' name='unnamed case 770'>
<error message='error' type='unknown'><![CDATA[xsltproc]]></error>
  </testcase>
  <testcase classname='unknown' file='src/style/glossary.xml' name='unnamed case 771'>
<error message='error' type='unknown'><![CDATA[rmdir:]]></error>
  </testcase>
  <testcase classname='unknown' file='src/style/glossary.xml' name='unnamed case 772'>
<error message='error' type='unknown'><![CDATA[make:]]></error>
  </testcase>
  <testcase classname='unknown' file='src/style/glossary.xml' name='unnamed case 773'>
<error message='error' type='unknown'><![CDATA[xsltproc]]></error>
  </testcase>
  <testcase classname='unknown' file='src/style/glossary.xml' name='unnamed case 774'>
<error message='error' type='unknown'><![CDATA[rmdir:]]></error>
  </testcase>
  <testcase classname='unknown' file='src/style/glossary.xml' name='unnamed case 775'>
<error message='error' type='unknown'><![CDATA[make:]]></error>
  </testcase>
  <testcase classname='unknown' file='src/style/glossary.xml' name='unnamed case 776'>
<error message='error' type='unknown'><![CDATA[xsltproc]]></error>
  </testcase>
  <testcase classname='unknown' file='src/style/glossary.xml' name='unnamed case 777'>
<error message='error' type='unknown'><![CDATA[rmdir:]]></error>
  </testcase>
  <testcase classname='unknown' file='src/style/glossary.xml' name='unnamed case 778'>
<error message='error' type='unknown'><![CDATA[make:]]></error>
  </testcase>
  <testcase classname='unknown' file='src/style/glossary.xml' name='unnamed case 779'>
<error message='error' type='unknown'><![CDATA[xsltproc]]></error>
  </testcase>
  <testcase classname='unknown' file='src/style/glossary.xml' name='unnamed case 780'>
<error message='error' type='unknown'><![CDATA[rmdir:]]></error>
  </testcase>
  <testcase classname='unknown' file='src/style/glossary.xml' name='unnamed case 781'>
<error message='error' type='unknown'><![CDATA[make:]]></error>
  </testcase>
  <testcase classname='unknown' file='src/style/glossary.xml' name='unnamed case 782'>
<error message='error' type='unknown'><![CDATA[xsltproc]]></error>
  </testcase>
  <testcase classname='unknown' file='src/style/glossary.xml' name='unnamed case 783'>
<error message='error' type='unknown'><![CDATA[rmdir:]]></error>
  </testcase>
  <testcase classname='unknown' file='src/style/glossary.xml' name='unnamed case 784'>
<error message='error' type='unknown'><![CDATA[make:]]></error>
  </testcase>
  <testcase classname='unknown' file='src/style/glossary.xml' name='unnamed case 785'>
<error message='error' type='unknown'><![CDATA[xsltproc]]></error>
  </testcase>
  <testcase classname='unknown' file='src/style/glossary.xml' name='unnamed case 786'>
<error message='error' type='unknown'><![CDATA[rmdir:]]></error>
  </testcase>
  <testcase classname='unknown' file='src/style/glossary.xml' name='unnamed case 787'>
<error message='error' type='unknown'><![CDATA[make:]]></error>
  </testcase>
  <testcase classname='unknown' file='src/style/glossary.xml' name='unnamed case 788'>
<error message='error' type='unknown'><![CDATA[xsltproc]]></error>
  </testcase>
  <testcase classname='unknown' file='src/style/glossary.xml' name='unnamed case 789'>
<error message='error' type='unknown'><![CDATA[rmdir:]]></error>
  </testcase>
  <testcase classname='unknown' file='src/style/glossary.xml' name='unnamed case 790'>
<error message='error' type='unknown'><![CDATA[make:]]></error>
  </testcase>
  <testcase classname='unknown' file='src/style/glossary.xml' name='unnamed case 791'>
<error message='error' type='unknown'><![CDATA[xsltproc]]></error>
  </testcase>
  <testcase classname='unknown' file='src/style/glossary.xml' name='unnamed case 792'>
<error message='error' type='unknown'><![CDATA[rmdir:]]></error>
  </testcase>
  <testcase classname='unknown' file='src/style/glossary.xml' name='unnamed case 793'>
<error message='error' type='unknown'><![CDATA[make:]]></error>
  </testcase>
  <testcase classname='unknown' file='src/style/glossary.xml' name='unnamed case 794'>
<error message='error' type='unknown'><![CDATA[xsltproc]]></error>
  </testcase>
  <testcase classname='unknown' file='src/style/glossary.xml' name='unnamed case 795'>
<error message='error' type='unknown'><![CDATA[rmdir:]]></error>
  </testcase>
  <testcase classname='unknown' file='src/style/glossary.xml' name='unnamed case 796'>
<error message='error' type='unknown'><![CDATA[make:]]></error>
  </testcase>
  <testcase classname='unknown' file='src/style/glossary.xml' name='unnamed case 797'>
<error message='error' type='unknown'><![CDATA[xsltproc]]></error>
  </testcase>
  <testcase classname='unknown' file='src/style/glossary.xml' name='unnamed case 798'>
<error message='error' type='unknown'><![CDATA[rmdir:]]></error>
  </testcase>
  <testcase classname='unknown' file='src/style/glossary.xml' name='unnamed case 799'>
<error message='error' type='unknown'><![CDATA[make:]]></error>
  </testcase>
  <testcase classname='unknown' file='src/style/glossary.xml' name='unnamed case 800'>
<error message='error' type='unknown'><![CDATA[xsltproc]]></error>
  </testcase>
  <testcase classname='unknown' file='src/style/glossary.xml' name='unnamed case 801'>
<error message='error' type='unknown'><![CDATA[rmdir:]]></error>
  </testcase>
  <testcase classname='unknown' file='src/style/glossary.xml' name='unnamed case 802'>
<error message='error' type='unknown'><![CDATA[make:]]></error>
  </testcase>
  <testcase classname='unknown' file='src/style/glossary.xml' name='unnamed case 803'>
<error message='error' type='unknown'><![CDATA[xsltproc]]></error>
  </testcase>
  <testcase classname='unknown' file='src/style/glossary.xml' name='unnamed case 804'>
<error message='error' type='unknown'><![CDATA[rmdir:]]></error>
  </testcase>
  <testcase classname='unknown' file='src/style/glossary.xml' name='unnamed case 805'>
<error message='error' type='unknown'><![CDATA[make:]]></error>
  </testcase>
  <testcase classname='unknown' file='src/style/glossary.xml' name='unnamed case 806'>
<error message='error' type='unknown'><![CDATA[xsltproc]]></error>
  </testcase>
  <testcase classname='unknown' file='src/style/glossary.xml' name='unnamed case 807'>
<error message='error' type='unknown'><![CDATA[rmdir:]]></error>
  </testcase>
  <testcase classname='unknown' file='src/style/glossary.xml' name='unnamed case 808'>
<error message='error' type='unknown'><![CDATA[make:]]></error>
  </testcase>
  <testcase classname='unknown' file='src/style/glossary.xml' name='unnamed case 809'>
<error message='error' type='unknown'><![CDATA[xsltproc]]></error>
  </testcase>
  <testcase classname='unknown' file='src/style/glossary.xml' name='unnamed case 810'>
<error message='error' type='unknown'><![CDATA[rmdir:]]></error>
  </testcase>
  <testcase classname='unknown' file='src/style/glossary.xml' name='unnamed case 811'>
<error message='error' type='unknown'><![CDATA[make:]]></error>
  </testcase>
  <testcase classname='unknown' file='src/style/glossary.xml' name='unnamed case 812'>
<error message='error' type='unknown'><![CDATA[xsltproc]]></error>
  </testcase>
  <testcase classname='unknown' file='src/style/glossary.xml' name='unnamed case 813'>
<error message='error' type='unknown'><![CDATA[rmdir:]]></error>
  </testcase>
  <testcase classname='unknown' file='src/style/glossary.xml' name='unnamed case 814'>
<error message='error' type='unknown'><![CDATA[make:]]></error>
  </testcase>
  <testcase classname='unknown' file='src/style/glossary.xml' name='unnamed case 815'>
<error message='error' type='unknown'><![CDATA[xsltproc]]></error>
  </testcase>
  <testcase classname='unknown' file='src/style/glossary.xml' name='unnamed case 816'>
<error message='error' type='unknown'><![CDATA[rmdir:]]></error>
  </testcase>
  <testcase classname='unknown' file='src/style/glossary.xml' name='unnamed case 817'>
<error message='error' type='unknown'><![CDATA[make:]]></error>
  </testcase>
  <testcase classname='unknown' file='src/style/glossary.xml' name='unnamed case 818'>
<error message='error' type='unknown'><![CDATA[xsltproc]]></error>
  </testcase>
  <testcase classname='unknown' file='src/style/glossary.xml' name='unnamed case 819'>
<error message='error' type='unknown'><![CDATA[rmdir:]]></error>
  </testcase>
  <testcase classname='unknown' file='src/style/glossary.xml' name='unnamed case 820'>
<error message='error' type='unknown'><![CDATA[make:]]></error>
  </testcase>
  <testcase classname='unknown' file='src/style/glossary.xml' name='unnamed case 821'>
<error message='error' type='unknown'><![CDATA[xsltproc]]></error>
  </testcase>
  <testcase classname='unknown' file='src/style/glossary.xml' name='unnamed case 822'>
<error message='error' type='unknown'><![CDATA[rmdir:]]></error>
  </testcase>
  <testcase classname='unknown' file='src/style/glossary.xml' name='unnamed case 823'>
<error message='error' type='unknown'><![CDATA[make:]]></error>
  </testcase>
  <testcase classname='unknown' file='src/style/glossary.xml' name='unnamed case 824'>
<error message='error' type='unknown'><![CDATA[xsltproc]]></error>
  </testcase>
  <testcase classname='unknown' file='src/style/glossary.xml' name='unnamed case 825'>
<error message='error' type='unknown'><![CDATA[rmdir:]]></error>
  </testcase>
  <testcase classname='unknown' file='src/style/glossary.xml' name='unnamed case 826'>
<error message='error' type='unknown'><![CDATA[make:]]></error>
  </testcase>
  <testcase classname='unknown' file='src/style/glossary.xml' name='unnamed case 827'>
<error message='error' type='unknown'><![CDATA[xsltproc]]></error>
  </testcase>
  <testcase classname='unknown' file='src/style/glossary.xml' name='unnamed case 828'>
<error message='error' type='unknown'><![CDATA[rmdir:]]></error>
  </testcase>
  <testcase classname='unknown' file='src/style/glossary.xml' name='unnamed case 829'>
<error message='error' type='unknown'><![CDATA[make:]]></error>
  </testcase>
  <testcase classname='unknown' file='src/style/glossary.xml' name='unnamed case 830'>
<error message='error' type='unknown'><![CDATA[xsltproc]]></error>
  </testcase>
  <testcase classname='unknown' file='src/style/glossary.xml' name='unnamed case 831'>
<error message='error' type='unknown'><![CDATA[rmdir:]]></error>
  </testcase>
  <testcase classname='unknown' file='src/style/glossary.xml' name='unnamed case 832'>
<error message='error' type='unknown'><![CDATA[make:]]></error>
  </testcase>
  <testcase classname='unknown' file='src/style/glossary.xml' name='unnamed case 833'>
<error message='error' type='unknown'><![CDATA[xsltproc]]></error>
  </testcase>
  <testcase classname='unknown' file='src/style/glossary.xml' name='unnamed case 834'>
<error message='error' type='unknown'><![CDATA[rmdir:]]></error>
  </testcase>
  <testcase classname='unknown' file='src/style/glossary.xml' name='unnamed case 835'>
<error message='error' type='unknown'><![CDATA[make:]]></error>
  </testcase>
  <testcase classname='unknown' file='src/style/glossary.xml' name='unnamed case 836'>
<error message='error' type='unknown'><![CDATA[xsltproc]]></error>
  </testcase>
  <testcase classname='unknown' file='src/style/glossary.xml' name='unnamed case 837'>
<error message='error' type='unknown'><![CDATA[rmdir:]]></error>
  </testcase>
  <testcase classname='unknown' file='src/style/glossary.xml' name='unnamed case 838'>
<error message='error' type='unknown'><![CDATA[make:]]></error>
  </testcase>
  <testcase classname='unknown' file='src/style/glossary.xml' name='unnamed case 839'>
<error message='error' type='unknown'><![CDATA[xsltproc]]></error>
  </testcase>
  <testcase classname='unknown' file='src/style/glossary.xml' name='unnamed case 840'>
<error message='error' type='unknown'><![CDATA[rmdir:]]></error>
  </testcase>
  <testcase classname='unknown' file='src/style/glossary.xml' name='unnamed case 841'>
<error message='error' type='unknown'><![CDATA[make:]]></error>
  </testcase>
  <testcase classname='unknown' file='src/style/glossary.xml' name='unnamed case 842'>
<error message='error' type='unknown'><![CDATA[xsltproc]]></error>
  </testcase>
  <testcase classname='unknown' file='src/style/glossary.xml' name='unnamed case 843'>
<error message='error' type='unknown'><![CDATA[rmdir:]]></error>
  </testcase>
  <testcase classname='unknown' file='src/style/glossary.xml' name='unnamed case 844'>
<error message='error' type='unknown'><![CDATA[make:]]></error>
  </testcase>
  <testcase classname='unknown' file='src/style/glossary.xml' name='unnamed case 845'>
<error message='error' type='unknown'><![CDATA[xsltproc]]></error>
  </testcase>
  <testcase classname='unknown' file='src/style/glossary.xml' name='unnamed case 846'>
<error message='error' type='unknown'><![CDATA[rmdir:]]></error>
  </testcase>
  <testcase classname='unknown' file='src/style/glossary.xml' name='unnamed case 847'>
<error message='error' type='unknown'><![CDATA[make:]]></error>
  </testcase>
  <testcase classname='unknown' file='src/style/glossary.xml' name='unnamed case 848'>
<error message='error' type='unknown'><![CDATA[xsltproc]]></error>
  </testcase>
  <testcase classname='unknown' file='src/style/glossary.xml' name='unnamed case 849'>
<error message='error' type='unknown'><![CDATA[rmdir:]]></error>
  </testcase>
  <testcase classname='unknown' file='src/style/glossary.xml' name='unnamed case 850'>
<error message='error' type='unknown'><![CDATA[make:]]></error>
  </testcase>
  <testcase classname='unknown' file='src/style/glossary.xml' name='unnamed case 851'>
<error message='error' type='unknown'><![CDATA[xsltproc]]></error>
  </testcase>
  <testcase classname='unknown' file='src/style/glossary.xml' name='unnamed case 852'>
<error message='error' type='unknown'><![CDATA[rmdir:]]></error>
  </testcase>
  <testcase classname='unknown' file='src/style/glossary.xml' name='unnamed case 853'>
<error message='error' type='unknown'><![CDATA[make:]]></error>
  </testcase>
  <testcase classname='unknown' file='src/style/glossary.xml' name='unnamed case 854'>
<error message='error' type='unknown'><![CDATA[xsltproc]]></error>
  </testcase>
  <testcase classname='unknown' file='src/style/glossary.xml' name='unnamed case 855'>
<error message='error' type='unknown'><![CDATA[rmdir:]]></error>
  </testcase>
  <testcase classname='unknown' file='src/style/glossary.xml' name='unnamed case 856'>
<error message='error' type='unknown'><![CDATA[make:]]></error>
  </testcase>
  <testcase classname='unknown' file='src/style/glossary.xml' name='unnamed case 857'>
<error message='error' type='unknown'><![CDATA[xsltproc]]></error>
  </testcase>
  <testcase classname='unknown' file='src/style/glossary.xml' name='unnamed case 858'>
<error message='error' type='unknown'><![CDATA[rmdir:]]></error>
  </testcase>
  <testcase classname='unknown' file='src/style/glossary.xml' name='unnamed case 859'>
<error message='error' type='unknown'><![CDATA[make:]]></error>
  </testcase>
  <testcase classname='unknown' file='src/style/glossary.xml' name='unnamed case 860'>
<error message='error' type='unknown'><![CDATA[xsltproc]]></error>
  </testcase>
  <testcase classname='unknown' file='src/style/glossary.xml' name='unnamed case 861'>
<error message='error' type='unknown'><![CDATA[rmdir:]]></error>
  </testcase>
  <testcase classname='unknown' file='src/style/glossary.xml' name='unnamed case 862'>
<error message='error' type='unknown'><![CDATA[make:]]></error>
  </testcase>
  <testcase classname='unknown' file='src/style/glossary.xml' name='unnamed case 863'>
<error message='error' type='unknown'><![CDATA[xsltproc]]></error>
  </testcase>
  <testcase classname='unknown' file='src/style/glossary.xml' name='unnamed case 864'>
<error message='error' type='unknown'><![CDATA[rmdir:]]></error>
  </testcase>
  <testcase classname='unknown' file='src/style/glossary.xml' name='unnamed case 865'>
<error message='error' type='unknown'><![CDATA[make:]]></error>
  </testcase>
  <testcase classname='unknown' file='src/style/glossary.xml' name='unnamed case 866'>
<error message='error' type='unknown'><![CDATA[xsltproc]]></error>
  </testcase>
  <testcase classname='unknown' file='src/style/glossary.xml' name='unnamed case 867'>
<error message='error' type='unknown'><![CDATA[rmdir:]]></error>
  </testcase>
  <testcase classname='unknown' file='src/style/glossary.xml' name='unnamed case 868'>
<error message='error' type='unknown'><![CDATA[make:]]></error>
  </testcase>
  <testcase classname='unknown' file='src/style/glossary.xml' name='unnamed case 869'>
<error message='error' type='unknown'><![CDATA[xsltproc]]></error>
  </testcase>
  <testcase classname='unknown' file='src/style/glossary.xml' name='unnamed case 870'>
<error message='error' type='unknown'><![CDATA[rmdir:]]></error>
  </testcase>
  <testcase classname='unknown' file='src/style/glossary.xml' name='unnamed case 871'>
<error message='error' type='unknown'><![CDATA[make:]]></error>
  </testcase>
  <testcase classname='unknown' file='src/style/glossary.xml' name='unnamed case 872'>
<error message='error' type='unknown'><![CDATA[xsltproc]]></error>
  </testcase>
  <testcase classname='unknown' file='src/style/glossary.xml' name='unnamed case 873'>
<error message='error' type='unknown'><![CDATA[rmdir:]]></error>
  </testcase>
  <testcase classname='unknown' file='src/style/glossary.xml' name='unnamed case 874'>
<error message='error' type='unknown'><![CDATA[make:]]></error>
  </testcase>
  <testcase classname='unknown' file='src/style/glossary.xml' name='unnamed case 875'>
<error message='error' type='unknown'><![CDATA[xsltproc]]></error>
  </testcase>
  <testcase classname='unknown' file='src/style/glossary.xml' name='unnamed case 876'>
<error message='error' type='unknown'><![CDATA[rmdir:]]></error>
  </testcase>
  <testcase classname='unknown' file='src/style/glossary.xml' name='unnamed case 877'>
<error message='error' type='unknown'><![CDATA[make:]]></error>
  </testcase>
  <testcase classname='unknown' file='src/style/glossary.xml' name='unnamed case 878'>
<error message='error' type='unknown'><![CDATA[xsltproc]]></error>
  </testcase>
  <testcase classname='unknown' file='src/style/glossary.xml' name='unnamed case 879'>
<error message='error' type='unknown'><![CDATA[rmdir:]]></error>
  </testcase>
  <testcase classname='unknown' file='src/style/glossary.xml' name='unnamed case 880'>
<error message='error' type='unknown'><![CDATA[make:]]></error>
  </testcase>
  <testcase classname='unknown' file='src/style/glossary.xml' name='unnamed case 881'>
<error message='error' type='unknown'><![CDATA[xsltproc]]></error>
  </testcase>
  <testcase classname='unknown' file='src/style/glossary.xml' name='unnamed case 882'>
<error message='error' type='unknown'><![CDATA[rmdir:]]></error>
  </testcase>
  <testcase classname='unknown' file='src/style/glossary.xml' name='unnamed case 883'>
<error message='error' type='unknown'><![CDATA[make:]]></error>
  </testcase>
  <testcase classname='unknown' file='src/style/glossary.xml' name='unnamed case 884'>
<error message='error' type='unknown'><![CDATA[xsltproc]]></error>
  </testcase>
  <testcase classname='unknown' file='src/style/glossary.xml' name='unnamed case 885'>
<error message='error' type='unknown'><![CDATA[rmdir:]]></error>
  </testcase>
  <testcase classname='unknown' file='src/style/glossary.xml' name='unnamed case 886'>
<error message='error' type='unknown'><![CDATA[make:]]></error>
  </testcase>
  <testcase classname='unknown' file='src/style/glossary.xml' name='unnamed case 887'>
<error message='error' type='unknown'><![CDATA[xsltproc]]></error>
  </testcase>
  <testcase classname='unknown' file='src/style/glossary.xml' name='unnamed case 888'>
<error message='error' type='unknown'><![CDATA[rmdir:]]></error>
  </testcase>
  <testcase classname='unknown' file='src/style/glossary.xml' name='unnamed case 889'>
<error message='error' type='unknown'><![CDATA[make:]]></error>
  </testcase>
  <testcase classname='unknown' file='src/style/glossary.xml' name='unnamed case 890'>
<error message='error' type='unknown'><![CDATA[xsltproc]]></error>
  </testcase>
  <testcase classname='unknown' file='src/style/glossary.xml' name='unnamed case 891'>
<error message='error' type='unknown'><![CDATA[rmdir:]]></error>
  </testcase>
  <testcase classname='unknown' file='src/style/glossary.xml' name='unnamed case 892'>
<error message='error' type='unknown'><![CDATA[make:]]></error>
  </testcase>
  <testcase classname='unknown' file='src/style/glossary.xml' name='unnamed case 893'>
<error message='error' type='unknown'><![CDATA[xsltproc]]></error>
  </testcase>
  <testcase classname='unknown' file='src/style/glossary.xml' name='unnamed case 894'>
<error message='error' type='unknown'><![CDATA[rmdir:]]></error>
  </testcase>
  <testcase classname='unknown' file='src/style/glossary.xml' name='unnamed case 895'>
<error message='error' type='unknown'><![CDATA[make:]]></error>
  </testcase>
  <testcase classname='unknown' file='src/style/glossary.xml' name='unnamed case 896'>
<error message='error' type='unknown'><![CDATA[xsltproc]]></error>
  </testcase>
  <testcase classname='unknown' file='src/style/glossary.xml' name='unnamed case 897'>
<error message='error' type='unknown'><![CDATA[rmdir:]]></error>
  </testcase>
  <testcase classname='unknown' file='src/style/glossary.xml' name='unnamed case 898'>
<error message='error' type='unknown'><![CDATA[make:]]></error>
  </testcase>
  <testcase classname='unknown' file='src/style/glossary.xml' name='unnamed case 899'>
<error message='error' type='unknown'><![CDATA[xsltproc]]></error>
  </testcase>
  <testcase classname='unknown' file='src/style/glossary.xml' name='unnamed case 900'>
<error message='error' type='unknown'><![CDATA[rmdir:]]></error>
  </testcase>
  <testcase classname='unknown' file='src/style/glossary.xml' name='unnamed case 901'>
<error message='error' type='unknown'><![CDATA[make:]]></error>
  </testcase>
  <testcase classname='unknown' file='src/style/glossary.xml' name='unnamed case 902'>
<error message='error' type='unknown'><![CDATA[xsltproc]]></error>
  </testcase>
  <testcase classname='unknown' file='src/style/glossary.xml' name='unnamed case 903'>
<error message='error' type='unknown'><![CDATA[rmdir:]]></error>
  </testcase>
  <testcase classname='unknown' file='src/style/glossary.xml' name='unnamed case 904'>
<error message='error' type='unknown'><![CDATA[make:]]></error>
  </testcase>
  <testcase classname='unknown' file='src/style/glossary.xml' name='unnamed case 905'>
<error message='error' type='unknown'><![CDATA[xsltproc]]></error>
  </testcase>
  <testcase classname='unknown' file='src/style/glossary.xml' name='unnamed case 906'>
<error message='error' type='unknown'><![CDATA[rmdir:]]></error>
  </testcase>
  <testcase classname='unknown' file='src/style/glossary.xml' name='unnamed case 907'>
<error message='error' type='unknown'><![CDATA[make:]]></error>
  </testcase>
  <testcase classname='unknown' file='src/style/glossary.xml' name='unnamed case 908'>
<error message='error' type='unknown'><![CDATA[xsltproc]]></error>
  </testcase>
  <testcase classname='unknown' file='src/style/glossary.xml' name='unnamed case 909'>
<error message='error' type='unknown'><![CDATA[rmdir:]]></error>
  </testcase>
  <testcase classname='unknown' file='src/style/glossary.xml' name='unnamed case 910'>
<error message='error' type='unknown'><![CDATA[make:]]></error>
  </testcase>
  <testcase classname='unknown' file='src/style/glossary.xml' name='unnamed case 911'>
<error message='error' type='unknown'><![CDATA[xsltproc]]></error>
  </testcase>
  <testcase classname='unknown' file='src/style/glossary.xml' name='unnamed case 912'>
<error message='error' type='unknown'><![CDATA[rmdir:]]></error>
  </testcase>
  <testcase classname='unknown' file='src/style/glossary.xml' name='unnamed case 913'>
<error message='error' type='unknown'><![CDATA[make:]]></error>
  </testcase>
  <testcase classname='unknown' file='src/style/glossary.xml' name='unnamed case 914'>
<error message='error' type='unknown'><![CDATA[xsltproc]]></error>
  </testcase>
  <testcase classname='unknown' file='src/style/glossary.xml' name='unnamed case 915'>
<error message='error' type='unknown'><![CDATA[rmdir:]]></error>
  </testcase>
  <testcase classname='unknown' file='src/style/glossary.xml' name='unnamed case 916'>
<error message='error' type='unknown'><![CDATA[make:]]></error>
  </testcase>
  <testcase classname='unknown' file='src/style/glossary.xml' name='unnamed case 917'>
<error message='error' type='unknown'><![CDATA[xsltproc]]></error>
  </testcase>
  <testcase classname='unknown' file='src/style/glossary.xml' name='unnamed case 918'>
<error message='error' type='unknown'><![CDATA[rmdir:]]></error>
  </testcase>
  <testcase classname='unknown' file='src/style/glossary.xml' name='unnamed case 919'>
<error message='error' type='unknown'><![CDATA[make:]]></error>
  </testcase>
  <testcase classname='unknown' file='src/style/glossary.xml' name='unnamed case 920'>
<error message='error' type='unknown'><![CDATA[xsltproc]]></error>
  </testcase>
  <testcase classname='unknown' file='src/style/glossary.xml' name='unnamed case 921'>
<error message='error' type='unknown'><![CDATA[rmdir:]]></error>
  </testcase>
  <testcase classname='unknown' file='src/style/glossary.xml' name='unnamed case 922'>
<error message='error' type='unknown'><![CDATA[make:]]></error>
  </testcase>
  <testcase classname='unknown' file='src/style/glossary.xml' name='unnamed case 923'>
<error message='error' type='unknown'><![CDATA[xsltproc]]></error>
  </testcase>
  <testcase classname='unknown' file='src/style/glossary.xml' name='unnamed case 924'>
<error message='error' type='unknown'><![CDATA[rmdir:]]></error>
  </testcase>
  <testcase classname='unknown' file='src/style/glossary.xml' name='unnamed case 925'>
<error message='error' type='unknown'><![CDATA[make:]]></error>
  </testcase>
  <testcase classname='unknown' file='src/style/glossary.xml' name='unnamed case 926'>
<error message='error' type='unknown'><![CDATA[xsltproc]]></error>
  </testcase>
  <testcase classname='unknown' file='src/style/glossary.xml' name='unnamed case 927'>
<error message='error' type='unknown'><![CDATA[rmdir:]]></error>
  </testcase>
  <testcase classname='unknown' file='src/style/glossary.xml' name='unnamed case 928'>
<error message='error' type='unknown'><![CDATA[make:]]></error>
  </testcase>
  <testcase classname='unknown' file='src/style/glossary.xml' name='unnamed case 929'>
<error message='error' type='unknown'><![CDATA[xsltproc]]></error>
  </testcase>
  <testcase classname='unknown' file='src/style/glossary.xml' name='unnamed case 930'>
<error message='error' type='unknown'><![CDATA[rmdir:]]></error>
  </testcase>
  <testcase classname='unknown' file='src/style/glossary.xml' name='unnamed case 931'>
<error message='error' type='unknown'><![CDATA[make:]]></error>
  </testcase>
  <testcase classname='unknown' file='src/style/glossary.xml' name='unnamed case 932'>
<error message='error' type='unknown'><![CDATA[xsltproc]]></error>
  </testcase>
  <testcase classname='unknown' file='src/style/glossary.xml' name='unnamed case 933'>
<error message='error' type='unknown'><![CDATA[rmdir:]]></error>
  </testcase>
  <testcase classname='unknown' file='src/style/glossary.xml' name='unnamed case 934'>
<error message='error' type='unknown'><![CDATA[make:]]></error>
  </testcase>
  <testcase classname='unknown' file='src/style/glossary.xml' name='unnamed case 935'>
<error message='error' type='unknown'><![CDATA[xsltproc]]></error>
  </testcase>
  <testcase classname='unknown' file='src/style/glossary.xml' name='unnamed case 936'>
<error message='error' type='unknown'><![CDATA[rmdir:]]></error>
  </testcase>
  <testcase classname='unknown' file='src/style/glossary.xml' name='unnamed case 937'>
<error message='error' type='unknown'><![CDATA[make:]]></error>
  </testcase>
  <testcase classname='unknown' file='src/style/glossary.xml' name='unnamed case 938'>
<error message='error' type='unknown'><![CDATA[xsltproc]]></error>
  </testcase>
  <testcase classname='unknown' file='src/style/glossary.xml' name='unnamed case 939'>
<error message='error' type='unknown'><![CDATA[rmdir:]]></error>
  </testcase>
  <testcase classname='unknown' file='src/style/glossary.xml' name='unnamed case 940'>
<error message='error' type='unknown'><![CDATA[make:]]></error>
  </testcase>
  <testcase classname='unknown' file='src/style/glossary.xml' name='unnamed case 941'>
<error message='error' type='unknown'><![CDATA[xsltproc]]></error>
  </testcase>
  <testcase classname='unknown' file='src/style/glossary.xml' name='unnamed case 942'>
<error message='error' type='unknown'><![CDATA[rmdir:]]></error>
  </testcase>
  <testcase classname='unknown' file='src/style/glossary.xml' name='unnamed case 943'>
<error message='error' type='unknown'><![CDATA[make:]]></error>
  </testcase>
  <testcase classname='unknown' file='src/style/glossary.xml' name='unnamed case 944'>
<error message='error' type='unknown'><![CDATA[xsltproc]]></error>
  </testcase>
  <testcase classname='unknown' file='src/style/glossary.xml' name='unnamed case 945'>
<error message='error' type='unknown'><![CDATA[rmdir:]]></error>
  </testcase>
  <testcase classname='unknown' file='src/style/glossary.xml' name='unnamed case 946'>
<error message='error' type='unknown'><![CDATA[make:]]></error>
  </testcase>
  <testcase classname='unknown' file='src/style/glossary.xml' name='unnamed case 947'>
<error message='error' type='unknown'><![CDATA[xsltproc]]></error>
  </testcase>
  <testcase classname='unknown' file='src/style/glossary.xml' name='unnamed case 948'>
<error message='error' type='unknown'><![CDATA[rmdir:]]></error>
  </testcase>
  <testcase classname='unknown' file='src/style/glossary.xml' name='unnamed case 949'>
<error message='error' type='unknown'><![CDATA[make:]]></error>
  </testcase>
  <testcase classname='unknown' file='src/style/glossary.xml' name='unnamed case 950'>
<error message='error' type='unknown'><![CDATA[xsltproc]]></error>
  </testcase>
  <testcase classname='unknown' file='src/style/glossary.xml' name='unnamed case 951'>
<error message='error' type='unknown'><![CDATA[rmdir:]]></error>
  </testcase>
  <testcase classname='unknown' file='src/style/glossary.xml' name='unnamed case 952'>
<error message='error' type='unknown'><![CDATA[make:]]></error>
  </testcase>
  <testcase classname='unknown' file='src/style/glossary.xml' name='unnamed case 953'>
<error message='error' type='unknown'><![CDATA[xsltproc]]></error>
  </testcase>
  <testcase classname='unknown' file='src/style/glossary.xml' name='unnamed case 954'>
<error message='error' type='unknown'><![CDATA[rmdir:]]></error>
  </testcase>
  <testcase classname='unknown' file='src/style/glossary.xml' name='unnamed case 955'>
<error message='error' type='unknown'><![CDATA[make:]]></error>
  </testcase>
  <testcase classname='unknown' file='src/style/glossary.xml' name='unnamed case 956'>
<error message='error' type='unknown'><![CDATA[xsltproc]]></error>
  </testcase>
  <testcase classname='unknown' file='src/style/glossary.xml' name='unnamed case 957'>
<error message='error' type='unknown'><![CDATA[rmdir:]]></error>
  </testcase>
  <testcase classname='unknown' file='src/style/glossary.xml' name='unnamed case 958'>
<error message='error' type='unknown'><![CDATA[make:]]></error>
  </testcase>
  <testcase classname='unknown' file='src/style/glossary.xml' name='unnamed case 959'>
<error message='error' type='unknown'><![CDATA[xsltproc]]></error>
  </testcase>
  <testcase classname='unknown' file='src/style/glossary.xml' name='unnamed case 960'>
<error message='error' type='unknown'><![CDATA[rmdir:]]></error>
  </testcase>
  <testcase classname='unknown' file='src/style/glossary.xml' name='unnamed case 961'>
<error message='error' type='unknown'><![CDATA[make:]]></error>
  </testcase>
  <testcase classname='unknown' file='src/style/glossary.xml' name='unnamed case 962'>
<error message='error' type='unknown'><![CDATA[xsltproc]]></error>
  </testcase>
  <testcase classname='unknown' file='src/style/glossary.xml' name='unnamed case 963'>
<error message='error' type='unknown'><![CDATA[rmdir:]]></error>
  </testcase>
  <testcase classname='unknown' file='src/style/glossary.xml' name='unnamed case 964'>
<error message='error' type='unknown'><![CDATA[make:]]></error>
  </testcase>
  <testcase classname='unknown' file='src/style/glossary.xml' name='unnamed case 965'>
<error message='error' type='unknown'><![CDATA[xsltproc]]></error>
  </testcase>
  <testcase classname='unknown' file='src/style/glossary.xml' name='unnamed case 966'>
<error message='error' type='unknown'><![CDATA[rmdir:]]></error>
  </testcase>
  <testcase classname='unknown' file='src/style/glossary.xml' name='unnamed case 967'>
<error message='error' type='unknown'><![CDATA[make:]]></error>
  </testcase>
  <testcase classname='unknown' file='src/style/glossary.xml' name='unnamed case 968'>
<error message='error' type='unknown'><![CDATA[xsltproc]]></error>
  </testcase>
  <testcase classname='unknown' file='src/style/glossary.xml' name='unnamed case 969'>
<error message='error' type='unknown'><![CDATA[rmdir:]]></error>
  </testcase>
  <testcase classname='unknown' file='src/style/glossary.xml' name='unnamed case 970'>
<error message='error' type='unknown'><![CDATA[make:]]></error>
  </testcase>
  <testcase classname='unknown' file='src/style/glossary.xml' name='unnamed case 971'>
<error message='error' type='unknown'><![CDATA[xsltproc]]></error>
  </testcase>
  <testcase classname='unknown' file='src/style/glossary.xml' name='unnamed case 972'>
<error message='error' type='unknown'><![CDATA[rmdir:]]></error>
  </testcase>
  <testcase classname='unknown' file='src/style/glossary.xml' name='unnamed case 973'>
<error message='error' type='unknown'><![CDATA[make:]]></error>
  </testcase>
  <testcase classname='unknown' file='src/style/glossary.xml' name='unnamed case 974'>
<error message='error' type='unknown'><![CDATA[xsltproc]]></error>
  </testcase>
  <testcase classname='unknown' file='src/style/glossary.xml' name='unnamed case 975'>
<error message='error' type='unknown'><![CDATA[rmdir:]]></error>
  </testcase>
  <testcase classname='unknown' file='src/style/glossary.xml' name='unnamed case 976'>
<error message='error' type='unknown'><![CDATA[make:]]></error>
  </testcase>
  <testcase classname='unknown' file='src/style/glossary.xml' name='unnamed case 977'>
<error message='error' type='unknown'><![CDATA[xsltproc]]></error>
  </testcase>
  <testcase classname='unknown' file='src/style/glossary.xml' name='unnamed case 978'>
<error message='error' type='unknown'><![CDATA[rmdir:]]></error>
  </testcase>
  <testcase classname='unknown' file='src/style/glossary.xml' name='unnamed case 979'>
<error message='error' type='unknown'><![CDATA[make:]]></error>
  </testcase>
  <testcase classname='unknown' file='src/style/glossary.xml' name='unnamed case 980'>
<error message='error' type='unknown'><![CDATA[xsltproc]]></error>
  </testcase>
  <testcase classname='unknown' file='src/style/glossary.xml' name='unnamed case 981'>
<error message='error' type='unknown'><![CDATA[rmdir:]]></error>
  </testcase>
  <testcase classname='unknown' file='src/style/glossary.xml' name='unnamed case 982'>
<error message='error' type='unknown'><![CDATA[make:]]></error>
  </testcase>
  <testcase classname='unknown' file='src/style/glossary.xml' name='unnamed case 983'>
<error message='error' type='unknown'><![CDATA[xsltproc]]></error>
  </testcase>
  <testcase classname='unknown' file='src/style/glossary.xml' name='unnamed case 984'>
<error message='error' type='unknown'><![CDATA[rmdir:]]></error>
  </testcase>
  <testcase classname='unknown' file='src/style/glossary.xml' name='unnamed case 985'>
<error message='error' type='unknown'><![CDATA[make:]]></error>
  </testcase>
  <testcase classname='unknown' file='src/style/glossary.xml' name='unnamed case 986'>
<error message='error' type='unknown'><![CDATA[xsltproc]]></error>
  </testcase>
  <testcase classname='unknown' file='src/style/glossary.xml' name='unnamed case 987'>
<error message='error' type='unknown'><![CDATA[rmdir:]]></error>
  </testcase>
  <testcase classname='unknown' file='src/style/glossary.xml' name='unnamed case 988'>
<error message='error' type='unknown'><![CDATA[make:]]></error>
  </testcase>
  <testcase classname='unknown' file='src/style/glossary.xml' name='unnamed case 989'>
<error message='error' type='unknown'><![CDATA[xsltproc]]></error>
  </testcase>
  <testcase classname='unknown' file='src/style/glossary.xml' name='unnamed case 990'>
<error message='error' type='unknown'><![CDATA[rmdir:]]></error>
  </testcase>
  <testcase classname='unknown' file='src/style/glossary.xml' name='unnamed case 991'>
<error message='error' type='unknown'><![CDATA[make:]]></error>
  </testcase>
  <testcase classname='unknown' file='src/style/glossary.xml' name='unnamed case 992'>
<error message='error' type='unknown'><![CDATA[xsltproc]]></error>
  </testcase>
  <testcase classname='unknown' file='src/style/glossary.xml' name='unnamed case 993'>
<error message='error' type='unknown'><![CDATA[rmdir:]]></error>
  </testcase>
  <testcase classname='unknown' file='src/style/glossary.xml' name='unnamed case 994'>
<error message='error' type='unknown'><![CDATA[make:]]></error>
  </testcase>
  <testcase classname='unknown' file='src/style/glossary.xml' name='unnamed case 995'>
<error message='error' type='unknown'><![CDATA[xsltproc]]></error>
  </testcase>
  <testcase classname='unknown' file='src/style/glossary.xml' name='unnamed case 996'>
<error message='error' type='unknown'><![CDATA[rmdir:]]></error>
  </testcase>
  <testcase classname='unknown' file='src/style/glossary.xml' name='unnamed case 997'>
<error message='error' type='unknown'><![CDATA[make:]]></error>
  </testcase>
  <testcase classname='unknown' file='src/style/glossary.xml' name='unnamed case 998'>
<error message='error' type='unknown'><![CDATA[xsltproc]]></error>
  </testcase>
  <testcase classname='unknown' file='src/style/glossary.xml' name='unnamed case 999'>
<error message='error' type='unknown'><![CDATA[rmdir:]]></error>
  </testcase>
  <testcase classname='unknown' file='src/style/glossary.xml' name='unnamed case 1000'>
<error message='error' type='unknown'><![CDATA[make:]]></error>
  </testcase>
  <testcase classname='unknown' file='src/style/glossary.xml' name='unnamed case 1001'>
<error message='error' type='unknown'><![CDATA[xsltproc]]></error>
  </testcase>
  <testcase classname='unknown' file='src/style/glossary.xml' name='unnamed case 1002'>
<error message='error' type='unknown'><![CDATA[rmdir:]]></error>
  </testcase>
  <testcase classname='unknown' file='src/style/glossary.xml' name='unnamed case 1003'>
<error message='error' type='unknown'><![CDATA[make:]]></error>
  </testcase>
  <testcase classname='unknown' file='src/style/glossary.xml' name='unnamed case 1004'>
<error message='error' type='unknown'><![CDATA[xsltproc]]></error>
  </testcase>
  <testcase classname='unknown' file='src/style/glossary.xml' name='unnamed case 1005'>
<error message='error' type='unknown'><![CDATA[rmdir:]]></error>
  </testcase>
  <testcase classname='unknown' file='src/style/glossary.xml' name='unnamed case 1006'>
<error message='error' type='unknown'><![CDATA[make:]]></error>
  </testcase>
  <testcase classname='unknown' file='src/style/glossary.xml' name='unnamed case 1007'>
<error message='error' type='unknown'><![CDATA[xsltproc]]></error>
  </testcase>
  <testcase classname='unknown' file='src/style/glossary.xml' name='unnamed case 1008'>
<error message='error' type='unknown'><![CDATA[rmdir:]]></error>
  </testcase>
  <testcase classname='unknown' file='src/style/glossary.xml' name='unnamed case 1009'>
<error message='error' type='unknown'><![CDATA[make:]]></error>
  </testcase>
  <testcase classname='unknown' file='src/style/glossary.xml' name='unnamed case 1010'>
<error message='error' type='unknown'><![CDATA[xsltproc]]></error>
  </testcase>
  <testcase classname='unknown' file='src/style/glossary.xml' name='unnamed case 1011'>
<error message='error' type='unknown'><![CDATA[rmdir:]]></error>
  </testcase>
  <testcase classname='unknown' file='src/style/glossary.xml' name='unnamed case 1012'>
<error message='error' type='unknown'><![CDATA[make:]]></error>
  </testcase>
  <testcase classname='unknown' file='src/style/glossary.xml' name='unnamed case 1013'>
<error message='error' type='unknown'><![CDATA[xsltproc]]></error>
  </testcase>
  <testcase classname='unknown' file='src/style/glossary.xml' name='unnamed case 1014'>
<error message='error' type='unknown'><![CDATA[rmdir:]]></error>
  </testcase>
  <testcase classname='unknown' file='src/style/glossary.xml' name='unnamed case 1015'>
<error message='error' type='unknown'><![CDATA[make:]]></error>
  </testcase>
  <testcase classname='unknown' file='src/style/glossary.xml' name='unnamed case 1016'>
<error message='error' type='unknown'><![CDATA[xsltproc]]></error>
  </testcase>
  <testcase classname='unknown' file='src/style/glossary.xml' name='unnamed case 1017'>
<error message='error' type='unknown'><![CDATA[rmdir:]]></error>
  </testcase>
  <testcase classname='unknown' file='src/style/glossary.xml' name='unnamed case 1018'>
<error message='error' type='unknown'><![CDATA[make:]]></error>
  </testcase>
  <testcase classname='unknown' file='src/style/glossary.xml' name='unnamed case 1019'>
<error message='error' type='unknown'><![CDATA[xsltproc]]></error>
  </testcase>
  <testcase classname='unknown' file='src/style/glossary.xml' name='unnamed case 1020'>
<error message='error' type='unknown'><![CDATA[rmdir:]]></error>
  </testcase>
  <testcase classname='unknown' file='src/style/glossary.xml' name='unnamed case 1021'>
<error message='error' type='unknown'><![CDATA[make:]]></error>
  </testcase>
  <testcase classname='unknown' file='src/style/glossary.xml' name='unnamed case 1022'>
<error message='error' type='unknown'><![CDATA[xsltproc]]></error>
  </testcase>
  <testcase classname='unknown' file='src/style/glossary.xml' name='unnamed case 1023'>
<error message='error' type='unknown'><![CDATA[rmdir:]]></error>
  </testcase>
  <testcase classname='unknown' file='src/style/glossary.xml' name='unnamed case 1024'>
<error message='error' type='unknown'><![CDATA[make:]]></error>
  </testcase>
  <testcase classname='unknown' file='src/style/glossary.xml' name='unnamed case 1025'>
<error message='error' type='unknown'><![CDATA[xsltproc]]></error>
  </testcase>
  <testcase classname='unknown' file='src/style/glossary.xml' name='unnamed case 1026'>
<error message='error' type='unknown'><![CDATA[rmdir:]]></error>
  </testcase>
  <testcase classname='unknown' file='src/style/glossary.xml' name='unnamed case 1027'>
<error message='error' type='unknown'><![CDATA[make:]]></error>
  </testcase>
  <testcase classname='unknown' file='src/style/glossary.xml' name='unnamed case 1028'>
<error message='error' type='unknown'><![CDATA[xsltproc]]></error>
  </testcase>
  <testcase classname='unknown' file='src/style/glossary.xml' name='unnamed case 1029'>
<error message='error' type='unknown'><![CDATA[rmdir:]]></error>
  </testcase>
  <testcase classname='unknown' file='src/style/glossary.xml' name='unnamed case 1030'>
<error message='error' type='unknown'><![CDATA[make:]]></error>
  </testcase>
  <testcase classname='unknown' file='src/style/glossary.xml' name='unnamed case 1031'>
<error message='error' type='unknown'><![CDATA[xsltproc]]></error>
  </testcase>
  <testcase classname='unknown' file='src/style/glossary.xml' name='unnamed case 1032'>
<error message='error' type='unknown'><![CDATA[rmdir:]]></error>
  </testcase>
  <testcase classname='unknown' file='src/style/glossary.xml' name='unnamed case 1033'>
<error message='error' type='unknown'><![CDATA[make:]]></error>
  </testcase>
  <testcase classname='unknown' file='src/style/glossary.xml' name='unnamed case 1034'>
<error message='error' type='unknown'><![CDATA[xsltproc]]></error>
  </testcase>
  <testcase classname='unknown' file='src/style/glossary.xml' name='unnamed case 1035'>
<error message='error' type='unknown'><![CDATA[rmdir:]]></error>
  </testcase>
  <testcase classname='unknown' file='src/style/glossary.xml' name='unnamed case 1036'>
<error message='error' type='unknown'><![CDATA[make:]]></error>
  </testcase>
  <testcase classname='unknown' file='src/style/glossary.xml' name='unnamed case 1037'>
<error message='error' type='unknown'><![CDATA[xsltproc]]></error>
  </testcase>
  <testcase classname='unknown' file='src/style/glossary.xml' name='unnamed case 1038'>
<error message='error' type='unknown'><![CDATA[rmdir:]]></error>
  </testcase>
  <testcase classname='unknown' file='src/style/glossary.xml' name='unnamed case 1039'>
<error message='error' type='unknown'><![CDATA[make:]]></error>
  </testcase>
  <testcase classname='unknown' file='src/style/glossary.xml' name='unnamed case 1040'>
<error message='error' type='unknown'><![CDATA[xsltproc]]></error>
  </testcase>
  <testcase classname='unknown' file='src/style/glossary.xml' name='unnamed case 1041'>
<error message='error' type='unknown'><![CDATA[rmdir:]]></error>
  </testcase>
  <testcase classname='unknown' file='src/style/glossary.xml' name='unnamed case 1042'>
<error message='error' type='unknown'><![CDATA[make:]]></error>
  </testcase>
  <testcase classname='unknown' file='src/style/glossary.xml' name='unnamed case 1043'>
<error message='error' type='unknown'><![CDATA[xsltproc]]></error>
  </testcase>
  <testcase classname='unknown' file='src/style/glossary.xml' name='unnamed case 1044'>
<error message='error' type='unknown'><![CDATA[rmdir:]]></error>
  </testcase>
  <testcase classname='unknown' file='src/style/glossary.xml' name='unnamed case 1045'>
<error message='error' type='unknown'><![CDATA[make:]]></error>
  </testcase>
  <testcase classname='unknown' file='src/style/glossary.xml' name='unnamed case 1046'>
<error message='error' type='unknown'><![CDATA[xsltproc]]></error>
  </testcase>
  <testcase classname='unknown' file='src/style/glossary.xml' name='unnamed case 1047'>
<error message='error' type='unknown'><![CDATA[rmdir:]]></error>
  </testcase>
  <testcase classname='unknown' file='src/style/glossary.xml' name='unnamed case 1048'>
<error message='error' type='unknown'><![CDATA[make:]]></error>
  </testcase>
  <testcase classname='unknown' file='src/style/glossary.xml' name='unnamed case 1049'>
<error message='error' type='unknown'><![CDATA[xsltproc]]></error>
  </testcase>
  <testcase classname='unknown' file='src/style/glossary.xml' name='unnamed case 1050'>
<error message='error' type='unknown'><![CDATA[rmdir:]]></error>
  </testcase>
  <testcase classname='unknown' file='src/style/glossary.xml' name='unnamed case 1051'>
<error message='error' type='unknown'><![CDATA[make:]]></error>
  </testcase>
  <testcase classname='unknown' file='src/style/glossary.xml' name='unnamed case 1052'>
<error message='error' type='unknown'><![CDATA[xsltproc]]></error>
  </testcase>
  <testcase classname='unknown' file='src/style/glossary.xml' name='unnamed case 1053'>
<error message='error' type='unknown'><![CDATA[rmdir:]]></error>
  </testcase>
  <testcase classname='unknown' file='src/style/glossary.xml' name='unnamed case 1054'>
<error message='error' type='unknown'><![CDATA[make:]]></error>
  </testcase>
  <testcase classname='unknown' file='src/style/glossary.xml' name='unnamed case 1055'>
<error message='error' type='unknown'><![CDATA[xsltproc]]></error>
  </testcase>
  <testcase classname='unknown' file='src/style/glossary.xml' name='unnamed case 1056'>
<error message='error' type='unknown'><![CDATA[rmdir:]]></error>
  </testcase>
  <testcase classname='unknown' file='src/style/glossary.xml' name='unnamed case 1057'>
<error message='error' type='unknown'><![CDATA[make:]]></error>
  </testcase>
  <testcase classname='unknown' file='src/style/glossary.xml' name='unnamed case 1058'>
<error message='error' type='unknown'><![CDATA[xsltproc]]></error>
  </testcase>
  <testcase classname='unknown' file='src/style/glossary.xml' name='unnamed case 1059'>
<error message='error' type='unknown'><![CDATA[rmdir:]]></error>
  </testcase>
  <testcase classname='unknown' file='src/style/glossary.xml' name='unnamed case 1060'>
<error message='error' type='unknown'><![CDATA[make:]]></error>
  </testcase>
  <testcase classname='unknown' file='src/style/glossary.xml' name='unnamed case 1061'>
<error message='error' type='unknown'><![CDATA[xsltproc]]></error>
  </testcase>
  <testcase classname='unknown' file='src/style/glossary.xml' name='unnamed case 1062'>
<error message='error' type='unknown'><![CDATA[rmdir:]]></error>
  </testcase>
  <testcase classname='unknown' file='src/style/glossary.xml' name='unnamed case 1063'>
<error message='error' type='unknown'><![CDATA[make:]]></error>
  </testcase>
  <testcase classname='unknown' file='src/style/glossary.xml' name='unnamed case 1064'>
<error message='error' type='unknown'><![CDATA[xsltproc]]></error>
  </testcase>
  <testcase classname='unknown' file='src/style/glossary.xml' name='unnamed case 1065'>
<error message='error' type='unknown'><![CDATA[rmdir:]]></error>
  </testcase>
  <testcase classname='unknown' file='src/style/glossary.xml' name='unnamed case 1066'>
<error message='error' type='unknown'><![CDATA[make:]]></error>
  </testcase>
  <testcase classname='unknown' file='src/style/glossary.xml' name='unnamed case 1067'>
<error message='error' type='unknown'><![CDATA[xsltproc]]></error>
  </testcase>
  <testcase classname='unknown' file='src/style/glossary.xml' name='unnamed case 1068'>
<error message='error' type='unknown'><![CDATA[rmdir:]]></error>
  </testcase>
  <testcase classname='unknown' file='src/style/glossary.xml' name='unnamed case 1069'>
<error message='error' type='unknown'><![CDATA[make:]]></error>
  </testcase>
  <testcase classname='unknown' file='src/style/glossary.xml' name='unnamed case 1070'>
<error message='error' type='unknown'><![CDATA[xsltproc]]></error>
  </testcase>
  <testcase classname='unknown' file='src/style/glossary.xml' name='unnamed case 1071'>
<error message='error' type='unknown'><![CDATA[rmdir:]]></error>
  </testcase>
  <testcase classname='unknown' file='src/style/glossary.xml' name='unnamed case 1072'>
<error message='error' type='unknown'><![CDATA[make:]]></error>
  </testcase>
  <testcase classname='unknown' file='src/style/glossary.xml' name='unnamed case 1073'>
<error message='error' type='unknown'><![CDATA[xsltproc]]></error>
  </testcase>
  <testcase classname='unknown' file='src/style/glossary.xml' name='unnamed case 1074'>
<error message='error' type='unknown'><![CDATA[rmdir:]]></error>
  </testcase>
  <testcase classname='unknown' file='src/style/glossary.xml' name='unnamed case 1075'>
<error message='error' type='unknown'><![CDATA[make:]]></error>
  </testcase>
  <testcase classname='unknown' file='src/style/glossary.xml' name='unnamed case 1076'>
<error message='error' type='unknown'><![CDATA[xsltproc]]></error>
  </testcase>
  <testcase classname='unknown' file='src/style/glossary.xml' name='unnamed case 1077'>
<error message='error' type='unknown'><![CDATA[rmdir:]]></error>
  </testcase>
  <testcase classname='unknown' file='src/style/glossary.xml' name='unnamed case 1078'>
<error message='error' type='unknown'><![CDATA[make:]]></error>
  </testcase>
  <testcase classname='unknown' file='src/style/glossary.xml' name='unnamed case 1079'>
<error message='error' type='unknown'><![CDATA[xsltproc]]></error>
  </testcase>
  <testcase classname='unknown' file='src/style/glossary.xml' name='unnamed case 1080'>
<error message='error' type='unknown'><![CDATA[rmdir:]]></error>
  </testcase>
  <testcase classname='unknown' file='src/style/glossary.xml' name='unnamed case 1081'>
<error message='error' type='unknown'><![CDATA[make:]]></error>
  </testcase>
  <testcase file='src/style/glossary.xml' name='unnamed case 1082'>
    <error message='error' type='error' />
  </testcase>
</testsuite>